pavia x4: train [(92, 424, 715), (92, 512, 187)] test (4, 92, 256, 256) val (63, 92, 64, 64), 1.0 = 8000 DN  (3s)
puformer (reflect borders): 3.33M params on 1 x cuda; batch 8 x 1; epoch = 12 iters; eval every 1000 iters; deadline in 4.00 h; schedule by time
bicubic test: {'PSNR': 25.5166, 'PSNR_psrt': 25.1078, 'MPSNR_peak1': 25.8716, 'SSIM': 0.6282, 'SSIM_psrt': 0.6427, 'SAM': 6.5539, 'ERGAS': 9.8525, 'RMSE_DN': 436.3207, 'CC': 0.8174, 'SCC': 0.7526, 'Q2n': 0.6806}
GSA test: {'PSNR': 34.7757, 'PSNR_psrt': 34.3668, 'MPSNR_peak1': 35.1931, 'SSIM': 0.9438, 'SSIM_psrt': 0.945, 'SAM': 5.2291, 'ERGAS': 3.4939, 'RMSE_DN': 157.9259, 'CC': 0.9958, 'SCC': 0.9922, 'Q2n': 0.9276}
ep    83.3 it   1000 loss 0.02361 lr 3.00e-04 val PSNR 37.510 SSIM 0.9793 SAM 3.148 | best val 37.510 (0.05 h)
ep   166.7 it   2000 loss 0.00831 lr 3.00e-04 val PSNR 42.942 SSIM 0.9921 SAM 2.169 | best val 42.942 (0.09 h)
ep   250.0 it   3000 loss 0.00669 lr 2.99e-04 val PSNR 44.332 SSIM 0.9934 SAM 2.001 | best val 44.332 (0.13 h)
ep   333.3 it   4000 loss 0.00615 lr 2.99e-04 val PSNR 45.005 SSIM 0.9940 SAM 1.911 | best val 45.005 (0.16 h)
ep   416.7 it   5000 loss 0.00558 lr 2.98e-04 val PSNR 45.806 SSIM 0.9950 SAM 1.770 | best val 45.806 (0.20 h)
ep   500.0 it   6000 loss 0.00545 lr 2.98e-04 val PSNR 46.365 SSIM 0.9954 SAM 1.670 | best val 46.365 (0.24 h)
ep   583.3 it   7000 loss 0.00524 lr 2.97e-04 val PSNR 46.729 SSIM 0.9956 SAM 1.613 | best val 46.729 (0.27 h)
ep   666.7 it   8000 loss 0.00512 lr 2.96e-04 val PSNR 46.982 SSIM 0.9958 SAM 1.578 | best val 46.982 (0.31 h)
ep   750.0 it   9000 loss 0.00500 lr 2.95e-04 val PSNR 47.151 SSIM 0.9959 SAM 1.556 | best val 47.151 (0.35 h)
ep   833.3 it  10000 loss 0.00508 lr 2.93e-04 val PSNR 47.273 SSIM 0.9959 SAM 1.539 | best val 47.273 (0.38 h)
ep   916.7 it  11000 loss 0.00512 lr 2.92e-04 val PSNR 47.371 SSIM 0.9960 SAM 1.527 | best val 47.371 (0.42 h)
ep  1000.0 it  12000 loss 0.00490 lr 2.91e-04 val PSNR 47.447 SSIM 0.9960 SAM 1.517 | best val 47.447 (0.46 h)
ep  1083.3 it  13000 loss 0.00494 lr 2.89e-04 val PSNR 47.520 SSIM 0.9960 SAM 1.509 | best val 47.520 (0.49 h)
ep  1166.7 it  14000 loss 0.00496 lr 2.88e-04 val PSNR 47.574 SSIM 0.9961 SAM 1.502 | best val 47.574 (0.53 h)
ep  1250.0 it  15000 loss 0.00481 lr 2.86e-04 val PSNR 47.629 SSIM 0.9961 SAM 1.495 | best val 47.629 (0.57 h)
ep  1333.3 it  16000 loss 0.00492 lr 2.84e-04 val PSNR 47.678 SSIM 0.9961 SAM 1.488 | best val 47.678 (0.60 h)
ep  1416.7 it  17000 loss 0.00482 lr 2.82e-04 val PSNR 47.722 SSIM 0.9961 SAM 1.482 | best val 47.722 (0.64 h)
ep  1500.0 it  18000 loss 0.00482 lr 2.80e-04 val PSNR 47.764 SSIM 0.9961 SAM 1.477 | best val 47.764 (0.67 h)
ep  1583.3 it  19000 loss 0.00475 lr 2.77e-04 val PSNR 47.802 SSIM 0.9962 SAM 1.472 | best val 47.802 (0.71 h)
ep  1666.7 it  20000 loss 0.00469 lr 2.75e-04 val PSNR 47.839 SSIM 0.9962 SAM 1.467 | best val 47.839 (0.75 h)
ep  1750.0 it  21000 loss 0.00476 lr 2.73e-04 val PSNR 47.872 SSIM 0.9962 SAM 1.462 | best val 47.872 (0.78 h)
ep  1833.3 it  22000 loss 0.00476 lr 2.70e-04 val PSNR 47.903 SSIM 0.9962 SAM 1.458 | best val 47.903 (0.82 h)
ep  1916.7 it  23000 loss 0.00475 lr 2.68e-04 val PSNR 47.935 SSIM 0.9962 SAM 1.453 | best val 47.935 (0.86 h)
ep  2000.0 it  24000 loss 0.00474 lr 2.65e-04 val PSNR 47.968 SSIM 0.9962 SAM 1.450 | best val 47.968 (0.89 h)
ep  2083.3 it  25000 loss 0.00467 lr 2.62e-04 val PSNR 48.001 SSIM 0.9963 SAM 1.446 | best val 48.001 (0.93 h)
ep  2166.7 it  26000 loss 0.00476 lr 2.59e-04 val PSNR 48.033 SSIM 0.9963 SAM 1.443 | best val 48.033 (0.97 h)
ep  2250.0 it  27000 loss 0.00470 lr 2.56e-04 val PSNR 48.063 SSIM 0.9963 SAM 1.440 | best val 48.063 (1.00 h)
ep  2333.3 it  28000 loss 0.00466 lr 2.53e-04 val PSNR 48.101 SSIM 0.9963 SAM 1.437 | best val 48.101 (1.04 h)
ep  2416.7 it  29000 loss 0.00479 lr 2.50e-04 val PSNR 48.126 SSIM 0.9963 SAM 1.434 | best val 48.126 (1.08 h)
ep  2500.0 it  30000 loss 0.00470 lr 2.47e-04 val PSNR 48.154 SSIM 0.9963 SAM 1.432 | best val 48.154 (1.11 h)
ep  2583.3 it  31000 loss 0.00472 lr 2.43e-04 val PSNR 48.177 SSIM 0.9963 SAM 1.430 | best val 48.177 (1.15 h)
ep  2666.7 it  32000 loss 0.00469 lr 2.40e-04 val PSNR 48.195 SSIM 0.9963 SAM 1.429 | best val 48.195 (1.19 h)
ep  2750.0 it  33000 loss 0.00471 lr 2.36e-04 val PSNR 48.212 SSIM 0.9963 SAM 1.427 | best val 48.212 (1.22 h)
ep  2833.3 it  34000 loss 0.00469 lr 2.33e-04 val PSNR 48.231 SSIM 0.9964 SAM 1.425 | best val 48.231 (1.26 h)
ep  2916.7 it  35000 loss 0.00466 lr 2.29e-04 val PSNR 48.252 SSIM 0.9964 SAM 1.423 | best val 48.252 (1.30 h)
ep  3000.0 it  36000 loss 0.00462 lr 2.25e-04 val PSNR 48.270 SSIM 0.9964 SAM 1.422 | best val 48.270 (1.33 h)
ep  3083.3 it  37000 loss 0.00461 lr 2.22e-04 val PSNR 48.287 SSIM 0.9964 SAM 1.421 | best val 48.287 (1.37 h)
ep  3166.7 it  38000 loss 0.00460 lr 2.18e-04 val PSNR 48.299 SSIM 0.9964 SAM 1.419 | best val 48.299 (1.41 h)
ep  3250.0 it  39000 loss 0.00459 lr 2.14e-04 val PSNR 48.313 SSIM 0.9964 SAM 1.418 | best val 48.313 (1.44 h)
ep  3333.3 it  40000 loss 0.00467 lr 2.10e-04 val PSNR 48.324 SSIM 0.9964 SAM 1.417 | best val 48.324 (1.48 h)
ep  3416.7 it  41000 loss 0.00464 lr 2.06e-04 val PSNR 48.336 SSIM 0.9964 SAM 1.415 | best val 48.336 (1.52 h)
ep  3500.0 it  42000 loss 0.00458 lr 2.02e-04 val PSNR 48.350 SSIM 0.9964 SAM 1.414 | best val 48.350 (1.55 h)
ep  3583.3 it  43000 loss 0.00460 lr 1.98e-04 val PSNR 48.359 SSIM 0.9964 SAM 1.412 | best val 48.359 (1.59 h)
ep  3666.7 it  44000 loss 0.00474 lr 1.94e-04 val PSNR 48.367 SSIM 0.9964 SAM 1.411 | best val 48.367 (1.63 h)
ep  3750.0 it  45000 loss 0.00457 lr 1.89e-04 val PSNR 48.377 SSIM 0.9964 SAM 1.410 | best val 48.377 (1.66 h)
ep  3833.3 it  46000 loss 0.00452 lr 1.85e-04 val PSNR 48.387 SSIM 0.9964 SAM 1.409 | best val 48.387 (1.70 h)
ep  3916.7 it  47000 loss 0.00459 lr 1.81e-04 val PSNR 48.395 SSIM 0.9964 SAM 1.408 | best val 48.395 (1.74 h)
ep  4000.0 it  48000 loss 0.00452 lr 1.77e-04 val PSNR 48.400 SSIM 0.9964 SAM 1.407 | best val 48.400 (1.77 h)
ep  4083.3 it  49000 loss 0.00443 lr 1.73e-04 val PSNR 48.404 SSIM 0.9964 SAM 1.406 | best val 48.404 (1.81 h)
ep  4166.7 it  50000 loss 0.00464 lr 1.68e-04 val PSNR 48.409 SSIM 0.9964 SAM 1.406 | best val 48.409 (1.85 h)
ep  4250.0 it  51000 loss 0.00457 lr 1.64e-04 val PSNR 48.413 SSIM 0.9964 SAM 1.405 | best val 48.413 (1.88 h)
ep  4333.3 it  52000 loss 0.00458 lr 1.60e-04 val PSNR 48.417 SSIM 0.9964 SAM 1.404 | best val 48.417 (1.92 h)
ep  4416.7 it  53000 loss 0.00465 lr 1.55e-04 val PSNR 48.422 SSIM 0.9964 SAM 1.403 | best val 48.422 (1.96 h)
ep  4500.0 it  54000 loss 0.00447 lr 1.51e-04 val PSNR 48.424 SSIM 0.9964 SAM 1.403 | best val 48.424 (1.99 h)
ep  4583.3 it  55000 loss 0.00461 lr 1.47e-04 val PSNR 48.426 SSIM 0.9964 SAM 1.402 | best val 48.426 (2.03 h)
ep  4666.7 it  56000 loss 0.00454 lr 1.42e-04 val PSNR 48.429 SSIM 0.9964 SAM 1.402 | best val 48.429 (2.07 h)
ep  4750.0 it  57000 loss 0.00455 lr 1.38e-04 val PSNR 48.429 SSIM 0.9965 SAM 1.401 | best val 48.429 (2.10 h)
ep  4833.3 it  58000 loss 0.00458 lr 1.34e-04 val PSNR 48.430 SSIM 0.9965 SAM 1.401 | best val 48.430 (2.14 h)
ep  4916.7 it  59000 loss 0.00453 lr 1.29e-04 val PSNR 48.431 SSIM 0.9965 SAM 1.400 | best val 48.431 (2.18 h)
ep  5000.0 it  60000 loss 0.00452 lr 1.25e-04 val PSNR 48.430 SSIM 0.9965 SAM 1.400 | best val 48.431 (2.21 h)
ep  5083.3 it  61000 loss 0.00457 lr 1.21e-04 val PSNR 48.430 SSIM 0.9965 SAM 1.400 | best val 48.431 (2.25 h)
ep  5166.7 it  62000 loss 0.00450 lr 1.17e-04 val PSNR 48.432 SSIM 0.9965 SAM 1.399 | best val 48.432 (2.29 h)
ep  5250.0 it  63000 loss 0.00449 lr 1.13e-04 val PSNR 48.432 SSIM 0.9965 SAM 1.399 | best val 48.432 (2.32 h)
ep  5333.3 it  64000 loss 0.00450 lr 1.08e-04 val PSNR 48.433 SSIM 0.9965 SAM 1.399 | best val 48.433 (2.36 h)
ep  5416.7 it  65000 loss 0.00448 lr 1.04e-04 val PSNR 48.432 SSIM 0.9965 SAM 1.398 | best val 48.433 (2.40 h)
ep  5500.0 it  66000 loss 0.00459 lr 1.00e-04 val PSNR 48.433 SSIM 0.9965 SAM 1.398 | best val 48.433 (2.43 h)
ep  5583.3 it  67000 loss 0.00446 lr 9.60e-05 val PSNR 48.431 SSIM 0.9965 SAM 1.398 | best val 48.433 (2.47 h)
ep  5666.7 it  68000 loss 0.00450 lr 9.20e-05 val PSNR 48.433 SSIM 0.9965 SAM 1.397 | best val 48.433 (2.51 h)
ep  5750.0 it  69000 loss 0.00435 lr 8.80e-05 val PSNR 48.433 SSIM 0.9965 SAM 1.397 | best val 48.433 (2.54 h)
ep  5833.3 it  70000 loss 0.00446 lr 8.41e-05 val PSNR 48.435 SSIM 0.9965 SAM 1.397 | best val 48.435 (2.58 h)
ep  5916.7 it  71000 loss 0.00450 lr 8.02e-05 val PSNR 48.435 SSIM 0.9965 SAM 1.397 | best val 48.435 (2.62 h)
ep  6000.0 it  72000 loss 0.00460 lr 7.64e-05 val PSNR 48.434 SSIM 0.9965 SAM 1.397 | best val 48.435 (2.65 h)
ep  6083.3 it  73000 loss 0.00445 lr 7.26e-05 val PSNR 48.436 SSIM 0.9965 SAM 1.396 | best val 48.436 (2.69 h)
ep  6166.7 it  74000 loss 0.00454 lr 6.90e-05 val PSNR 48.440 SSIM 0.9965 SAM 1.396 | best val 48.440 (2.73 h)
ep  6250.0 it  75000 loss 0.00452 lr 6.53e-05 val PSNR 48.441 SSIM 0.9965 SAM 1.396 | best val 48.441 (2.77 h)
ep  6333.3 it  76000 loss 0.00465 lr 6.18e-05 val PSNR 48.439 SSIM 0.9965 SAM 1.396 | best val 48.441 (2.80 h)
ep  6416.7 it  77000 loss 0.00453 lr 5.83e-05 val PSNR 48.435 SSIM 0.9965 SAM 1.396 | best val 48.441 (2.84 h)
ep  6500.0 it  78000 loss 0.00448 lr 5.50e-05 val PSNR 48.437 SSIM 0.9965 SAM 1.396 | best val 48.441 (2.88 h)
ep  6583.3 it  79000 loss 0.00451 lr 5.16e-05 val PSNR 48.439 SSIM 0.9965 SAM 1.395 | best val 48.441 (2.91 h)
ep  6666.7 it  80000 loss 0.00441 lr 4.84e-05 val PSNR 48.440 SSIM 0.9965 SAM 1.395 | best val 48.441 (2.95 h)
ep  6750.0 it  81000 loss 0.00450 lr 4.52e-05 val PSNR 48.438 SSIM 0.9965 SAM 1.395 | best val 48.441 (2.99 h)
ep  6833.3 it  82000 loss 0.00453 lr 4.22e-05 val PSNR 48.438 SSIM 0.9965 SAM 1.395 | best val 48.441 (3.02 h)
ep  6916.7 it  83000 loss 0.00440 lr 3.92e-05 val PSNR 48.440 SSIM 0.9965 SAM 1.395 | best val 48.441 (3.06 h)
ep  7000.0 it  84000 loss 0.00444 lr 3.63e-05 val PSNR 48.439 SSIM 0.9965 SAM 1.395 | best val 48.441 (3.10 h)
ep  7083.3 it  85000 loss 0.00449 lr 3.35e-05 val PSNR 48.438 SSIM 0.9965 SAM 1.395 | best val 48.441 (3.13 h)
ep  7166.7 it  86000 loss 0.00452 lr 3.08e-05 val PSNR 48.438 SSIM 0.9965 SAM 1.395 | best val 48.441 (3.17 h)
ep  7250.0 it  87000 loss 0.00458 lr 2.83e-05 val PSNR 48.439 SSIM 0.9965 SAM 1.394 | best val 48.441 (3.21 h)
ep  7333.3 it  88000 loss 0.00454 lr 2.58e-05 val PSNR 48.438 SSIM 0.9965 SAM 1.395 | best val 48.441 (3.24 h)
ep  7416.7 it  89000 loss 0.00445 lr 2.34e-05 val PSNR 48.439 SSIM 0.9965 SAM 1.394 | best val 48.441 (3.28 h)
ep  7500.0 it  90000 loss 0.00460 lr 2.11e-05 val PSNR 48.439 SSIM 0.9965 SAM 1.394 | best val 48.441 (3.32 h)
ep  7583.3 it  91000 loss 0.00446 lr 1.90e-05 val PSNR 48.438 SSIM 0.9965 SAM 1.394 | best val 48.441 (3.35 h)
ep  7666.7 it  92000 loss 0.00450 lr 1.69e-05 val PSNR 48.438 SSIM 0.9965 SAM 1.394 | best val 48.441 (3.39 h)
ep  7750.0 it  93000 loss 0.00448 lr 1.50e-05 val PSNR 48.438 SSIM 0.9965 SAM 1.394 | best val 48.441 (3.43 h)
ep  7833.3 it  94000 loss 0.00440 lr 1.31e-05 val PSNR 48.439 SSIM 0.9965 SAM 1.394 | best val 48.441 (3.46 h)
ep  7916.7 it  95000 loss 0.00447 lr 1.14e-05 val PSNR 48.439 SSIM 0.9965 SAM 1.394 | best val 48.441 (3.50 h)
ep  8000.0 it  96000 loss 0.00451 lr 9.82e-06 val PSNR 48.439 SSIM 0.9965 SAM 1.394 | best val 48.441 (3.54 h)
ep  8083.3 it  97000 loss 0.00446 lr 8.33e-06 val PSNR 48.438 SSIM 0.9965 SAM 1.394 | best val 48.441 (3.57 h)
ep  8166.7 it  98000 loss 0.00454 lr 6.97e-06 val PSNR 48.438 SSIM 0.9965 SAM 1.394 | best val 48.441 (3.61 h)
ep  8250.0 it  99000 loss 0.00443 lr 5.72e-06 val PSNR 48.438 SSIM 0.9965 SAM 1.394 | best val 48.441 (3.65 h)
ep  8333.3 it 100000 loss 0.00459 lr 4.59e-06 val PSNR 48.437 SSIM 0.9965 SAM 1.394 | best val 48.441 (3.68 h)
ep  8416.7 it 101000 loss 0.00447 lr 3.59e-06 val PSNR 48.438 SSIM 0.9965 SAM 1.394 | best val 48.441 (3.72 h)
ep  8500.0 it 102000 loss 0.00450 lr 2.70e-06 val PSNR 48.438 SSIM 0.9965 SAM 1.394 | best val 48.441 (3.76 h)
ep  8583.3 it 103000 loss 0.00433 lr 1.95e-06 val PSNR 48.438 SSIM 0.9965 SAM 1.394 | best val 48.441 (3.79 h)
ep  8666.7 it 104000 loss 0.00453 lr 1.31e-06 val PSNR 48.439 SSIM 0.9965 SAM 1.394 | best val 48.441 (3.83 h)
ep  8750.0 it 105000 loss 0.00453 lr 8.00e-07 val PSNR 48.439 SSIM 0.9965 SAM 1.394 | best val 48.441 (3.87 h)
ep  8833.3 it 106000 loss 0.00448 lr 4.14e-07 val PSNR 48.439 SSIM 0.9965 SAM 1.394 | best val 48.441 (3.91 h)
ep  8916.7 it 107000 loss 0.00454 lr 3.00e-07 val PSNR 48.439 SSIM 0.9965 SAM 1.394 | best val 48.441 (3.94 h)
ep  9000.0 it 108000 loss 0.00452 lr 3.00e-07 val PSNR 48.439 SSIM 0.9965 SAM 1.394 | best val 48.441 (3.98 h)
ep  9050.0 it 108600 loss 0.00453 lr 3.00e-07 val PSNR 48.439 SSIM 0.9965 SAM 1.394 | best val 48.441 (4.00 h)
time budget reached at it 108600 (epoch 9050.0); continue with --resume <out>/last.pt
TEST: {'PSNR': 50.6027, 'PSNR_psrt': 50.1939, 'MPSNR_peak1': 51.0578, 'SSIM': 0.9969, 'SSIM_psrt': 0.9973, 'SAM': 1.9094, 'ERGAS': 0.6241, 'RMSE_DN': 23.7454, 'CC': 0.9994, 'SCC': 0.9995, 'Q2n': 0.9748}
TEST (self-ensemble): {'PSNR': 50.6404, 'PSNR_psrt': 50.2315, 'MPSNR_peak1': 51.097, 'SSIM': 0.9969, 'SSIM_psrt': 0.9973, 'SAM': 1.9014, 'ERGAS': 0.6218, 'RMSE_DN': 23.646, 'CC': 0.9994, 'SCC': 0.9995, 'Q2n': 0.9749}
consistency: {'cons_H_dB': 71.3137982611907, 'cons_M_dB': 70.82984472175379} | self-ensemble: {'cons_H_dB': 71.60822766570931, 'cons_M_dB': 71.51716366585775}
