[{"stream_name":"stderr","time":7.653976614,"data":"0.00s - Debugger warning: It seems that frozen modules are being used, which may\n"}
,{"stream_name":"stderr","time":7.65403506,"data":"0.00s - make the debugger miss breakpoints. Please pass -Xfrozen_modules=off\n"}
,{"stream_name":"stderr","time":7.654041069,"data":"0.00s - to python to disable frozen modules.\n"}
,{"stream_name":"stderr","time":7.654044824,"data":"0.00s - Note: Debugging will proceed. Set PYDEVD_DISABLE_FILE_VALIDATION=1 to disable this validation.\n"}
,{"stream_name":"stderr","time":8.279117334,"data":"0.00s - Debugger warning: It seems that frozen modules are being used, which may\n"}
,{"stream_name":"stderr","time":8.279151578,"data":"0.00s - make the debugger miss breakpoints. Please pass -Xfrozen_modules=off\n"}
,{"stream_name":"stderr","time":8.279170603,"data":"0.00s - to python to disable frozen modules.\n"}
,{"stream_name":"stderr","time":8.279175262,"data":"0.00s - Note: Debugging will proceed. Set PYDEVD_DISABLE_FILE_VALIDATION=1 to disable this validation.\n"}
,{"stream_name":"stdout","time":9.448471977,"data":"code sha256 1285c567a73ee3f5472ae7ea0e3e79b44c68b63c9d2a2860d992e09a9f57c3c6 from git c46a34e+local changes\n"}
,{"stream_name":"stdout","time":9.477673925,"data":"index, name, memory.total [MiB]\n"}
,{"stream_name":"stdout","time":9.477701521,"data":"0, Tesla T4, 15360 MiB\n"}
,{"stream_name":"stdout","time":9.477706522,"data":"1, Tesla T4, 15360 MiB\n"}
,{"stream_name":"stdout","time":9.507164008,"data":"               total        used        free      shared  buff/cache   available\n"}
,{"stream_name":"stdout","time":9.507190492,"data":"Mem:              31           1          25           0           5          30\n"}
,{"stream_name":"stdout","time":9.511067944,"data":"4\n"}
,{"stream_name":"stderr","time":9.645319718,"data":"/tmp/ipykernel_23/3779165440.py:8: DeprecationWarning: Python 3.14 will, by default, filter extracted tar archives and reject files or modify their metadata. Use the filter argument to control this behavior.\n"}
,{"stream_name":"stderr","time":9.64533517,"data":"  tarfile.open(fileobj=io.BytesIO(raw), mode='r:gz').extractall(CODE)\n"}
,{"stream_name":"stderr","time":9.645338453,"data":"\n"}
,{"stream_name":"stderr","time":9.645340817,"data":"/tmp/ipykernel_23/3779165440.py:8: DeprecationWarning: Python 3.14 will, by default, filter extracted tar archives and reject files or modify their metadata. Use the filter argument to control this behavior.\n"}
,{"stream_name":"stderr","time":9.645343528,"data":"  tarfile.open(fileobj=io.BytesIO(raw), mode='r:gz').extractall(CODE)\n"}
,{"stream_name":"stdout","time":9.647416687,"data":"index, name, memory.total [MiB]\n"}
,{"stream_name":"stdout","time":9.647436709,"data":"0, Tesla T4, 15360 MiB\n"}
,{"stream_name":"stdout","time":9.647439574,"data":"1, Tesla T4, 15360 MiB\n"}
,{"stream_name":"stdout","time":9.647441756,"data":"               total        used        free      shared  buff/cache   available\n"}
,{"stream_name":"stdout","time":9.647444175,"data":"Mem:              31           1          25           0           5          30\n"}
,{"stream_name":"stdout","time":9.647446567,"data":"4\n"}
,{"stream_name":"stdout","time":9.987041508,"data":"data: {'chikusei': None, 'pavia': None, 'cave': '/kaggle/input/datasets/liptee/hyperspectral-image-restoration-based-on-cave', 'harvard': '/x'}\n"}
,{"stream_name":"stdout","time":18.333265573,"data":"[ok] D/Dt adjoint (zeros) rel err 1.6e-16\n"}
,{"stream_name":"stdout","time":18.536388186,"data":"[ok] D/Dt adjoint (zeros) rel err 1.6e-16\n"}
,{"stream_name":"stdout","time":18.682487697,"data":"[ok] Dt == autograd VJP of D (zeros) \n"}
,{"stream_name":"stdout","time":18.726141479,"data":"[ok] R/Rt adjoint (zeros) \n"}
,{"stream_name":"stdout","time":18.768137375,"data":"[ok] D/Dt adjoint (reflect) rel err 1.5e-16\n"}
,{"stream_name":"stdout","time":18.826251037,"data":"[ok] Dt == autograd VJP of D (reflect) \n"}
,{"stream_name":"stdout","time":18.833182419,"data":"[ok] R/Rt adjoint (reflect) \n"}
,{"stream_name":"stdout","time":18.885433176,"data":"[ok] Dt == autograd VJP of D (zeros) \n"}
,{"stream_name":"stdout","time":18.885494941,"data":"[ok] R/Rt adjoint (zeros) \n"}
,{"stream_name":"stdout","time":18.885501145,"data":"[ok] D/Dt adjoint (reflect) rel err 1.5e-16\n"}
,{"stream_name":"stdout","time":18.885506099,"data":"[ok] Dt == autograd VJP of D (reflect) \n"}
,{"stream_name":"stdout","time":18.885510989,"data":"[ok] R/Rt adjoint (reflect) \n"}
,{"stream_name":"stdout","time":18.892736881,"data":"[ok] strided D == blur + decimate (zeros) \n"}
,{"stream_name":"stdout","time":18.920085299,"data":"[ok] strided Dt == zero-insert + blur (zeros) \n"}
,{"stream_name":"stdout","time":18.937896075,"data":"[ok] reflect D == simulation operator \n"}
,{"stream_name":"stdout","time":18.97173617,"data":"[ok] reflect D == blur(reflect) + decimate \n"}
,{"stream_name":"stdout","time":19.015092851,"data":"[ok] onions_quality fast == literal (n=2) max diff 4.9e-16\n"}
,{"stream_name":"stdout","time":19.022900594,"data":"[ok] onions_quality fast == literal (n=4) max diff 2.4e-16\n"}
,{"stream_name":"stdout","time":19.033401963,"data":"[ok] onions_quality fast == literal (n=8) max diff 2.1e-16\n"}
,{"stream_name":"stdout","time":19.063549449,"data":"[ok] onions_quality fast == literal (n=16) max diff 2.2e-16\n"}
,{"stream_name":"stdout","time":19.095932597,"data":"[ok] strided D == blur + decimate (zeros) \n"}
,{"stream_name":"stdout","time":19.095964089,"data":"[ok] strided Dt == zero-insert + blur (zeros) \n"}
,{"stream_name":"stdout","time":19.095968063,"data":"[ok] reflect D == simulation operator \n"}
,{"stream_name":"stdout","time":19.095971375,"data":"[ok] reflect D == blur(reflect) + decimate \n"}
,{"stream_name":"stdout","time":19.095974707,"data":"[ok] onions_quality fast == literal (n=2) max diff 4.9e-16\n"}
,{"stream_name":"stdout","time":19.095978112,"data":"[ok] onions_quality fast == literal (n=4) max diff 2.4e-16\n"}
,{"stream_name":"stdout","time":19.095981427,"data":"[ok] onions_quality fast == literal (n=8) max diff 2.1e-16\n"}
,{"stream_name":"stdout","time":19.095985679,"data":"[ok] onions_quality fast == literal (n=16) max diff 2.2e-16\n"}
,{"stream_name":"stdout","time":22.655702694,"data":"[ok] onions_quality fast == literal (n=128) max diff 2.2e-16\n"}
,{"stream_name":"stdout","time":22.858387295,"data":"[ok] onions_quality fast == literal (n=128) max diff 2.2e-16\n"}
,{"stream_name":"stdout","time":23.459539258,"data":"[ok] Q2n(x, x) == 1 1.000000000000\n"}
,{"stream_name":"stdout","time":23.494130469,"data":"[ok] SCC(x, x) == 1 \n"}
,{"stream_name":"stdout","time":23.662206208,"data":"[ok] Q2n(x, x) == 1 1.000000000000\n"}
,{"stream_name":"stdout","time":23.662239552,"data":"[ok] SCC(x, x) == 1 \n"}
,{"stream_name":"stdout","time":25.629995645,"data":"[ok] Q2n fast == literal on an image 0.997605\n"}
,{"stream_name":"stdout","time":25.832600159,"data":"[ok] Q2n fast == literal on an image 0.997605\n"}
,{"stream_name":"stdout","time":26.028836461,"data":"[ok] Q2n non-multiple of the block size runs \n"}
,{"stream_name":"stdout","time":26.233207089,"data":"[ok] Q2n non-multiple of the block size runs \n"}
,{"stream_name":"stdout","time":26.858561538,"data":"   metrics on a noisy image: {'PSNR': 39.9934, 'PSNR_psrt': 35.5564, 'MPSNR_peak1': 39.9944, 'SSIM': 0.9975, 'SSIM_psrt': 0.9978, 'SAM': 1.5071, 'ERGAS': 0.7147, 'RMSE_DN': 151.4451, 'CC': 0.9976, 'SCC': 0.9991, 'Q2n': 0.9976}\n"}
,{"stream_name":"stdout","time":26.871189848,"data":"[ok] x8 D/Dt adjoint (zeros) rel err 0.0e+00\n"}
,{"stream_name":"stdout","time":26.886394423,"data":"[ok] x8 D/Dt adjoint (reflect) rel err 1.5e-16\n"}
,{"stream_name":"stdout","time":26.916194348,"data":"[ok] x8 reflect D == blur(reflect) + decimate \n"}
,{"stream_name":"stdout","time":26.957142374,"data":"[ok] learned D/Dt, R/Rt adjoint (x4) \n"}
,{"stream_name":"stdout","time":26.977268566,"data":"[ok] learned D/Dt, R/Rt adjoint (x8) \n"}
,{"stream_name":"stdout","time":27.060796669,"data":"   metrics on a noisy image: {'PSNR': 39.9934, 'PSNR_psrt': 35.5564, 'MPSNR_peak1': 39.9944, 'SSIM': 0.9975, 'SSIM_psrt': 0.9978, 'SAM': 1.5071, 'ERGAS': 0.7147, 'RMSE_DN': 151.4451, 'CC': 0.9976, 'SCC': 0.9991, 'Q2n': 0.9976}\n"}
,{"stream_name":"stdout","time":27.060830595,"data":"[ok] x8 D/Dt adjoint (zeros) rel err 0.0e+00\n"}
,{"stream_name":"stdout","time":27.060833793,"data":"[ok] x8 D/Dt adjoint (reflect) rel err 1.5e-16\n"}
,{"stream_name":"stdout","time":27.060836126,"data":"[ok] x8 reflect D == blur(reflect) + decimate \n"}
,{"stream_name":"stdout","time":27.060838423,"data":"[ok] learned D/Dt, R/Rt adjoint (x4) \n"}
,{"stream_name":"stdout","time":27.060840594,"data":"[ok] learned D/Dt, R/Rt adjoint (x8) \n"}
,{"stream_name":"stdout","time":28.182009512,"data":"[ok] PUFormer forward/backward (x4, zeros, exact, {}) \n"}
,{"stream_name":"stdout","time":28.385393347,"data":"[ok] PUFormer forward/backward (x4, zeros, exact, {}) \n"}
,{"stream_name":"stdout","time":29.029345005,"data":"[ok] PUFormer forward/backward (x4, reflect, exact, {}) \n"}
,{"stream_name":"stdout","time":29.233032473,"data":"[ok] PUFormer forward/backward (x4, reflect, exact, {}) \n"}
,{"stream_name":"stdout","time":29.789013949,"data":"[ok] PUFormer forward/backward (x8, reflect, exact, {}) \n"}
,{"stream_name":"stdout","time":29.992334581,"data":"[ok] PUFormer forward/backward (x8, reflect, exact, {}) \n"}
,{"stream_name":"stdout","time":30.377651092,"data":"[ok] PUFormer forward/backward (x4, reflect, exact, {'physics': False}) \n"}
,{"stream_name":"stdout","time":30.580845797,"data":"[ok] PUFormer forward/backward (x4, reflect, exact, {'physics': False}) \n"}
,{"stream_name":"stdout","time":31.163938699,"data":"[ok] PUFormer forward/backward (x4, reflect, exact, {'res_input': False}) \n"}
,{"stream_name":"stdout","time":31.367247471,"data":"[ok] PUFormer forward/backward (x4, reflect, exact, {'res_input': False}) \n"}
,{"stream_name":"stdout","time":31.943824683,"data":"[ok] PUFormer forward/backward (x4, reflect, exact, {'memory': False}) \n"}
,{"stream_name":"stdout","time":32.146462285,"data":"[ok] PUFormer forward/backward (x4, reflect, exact, {'memory': False}) \n"}
,{"stream_name":"stdout","time":32.759790781,"data":"[ok] PUFormer forward/backward (x4, reflect, exact, {'mixer': 'window'}) \n"}
,{"stream_name":"stdout","time":32.962994581,"data":"[ok] PUFormer forward/backward (x4, reflect, exact, {'mixer': 'window'}) \n"}
,{"stream_name":"stdout","time":33.515802787,"data":"[ok] PUFormer forward/backward (x4, reflect, exact, {'mixer': 'conv'}) \n"}
,{"stream_name":"stdout","time":33.719124945,"data":"[ok] PUFormer forward/backward (x4, reflect, exact, {'mixer': 'conv'}) \n"}
,{"stream_name":"stdout","time":34.234977599,"data":"[ok] PUFormer forward/backward (x4, reflect, learned, {}) \n"}
,{"stream_name":"stdout","time":34.235014683,"data":"all checks passed\n"}
,{"stream_name":"stdout","time":34.437248699,"data":"[ok] PUFormer forward/backward (x4, reflect, learned, {}) \n"}
,{"stream_name":"stdout","time":34.437304429,"data":"all checks passed\n"}
,{"stream_name":"stderr","time":39.3379909,"data":"Cloning into '/kaggle/working/ext/DCTransformer'...\n"}
,{"stream_name":"stderr","time":39.540780099,"data":"Cloning into '/kaggle/working/ext/DCTransformer'...\n"}
,{"stream_name":"stderr","time":39.540812413,"data":"\n"}
,{"stream_name":"stderr","time":39.540831979000004,"data":"Cloning into '/kaggle/working/ext/DCTransformer'...\n"}
,{"stream_name":"stderr","time":40.08950451,"data":"Cloning into '/kaggle/working/ext/PSRT'...\n"}
,{"stream_name":"stdout","time":40.092461828,"data":"[external] dct: https://github.com/qingma2016/DCTransformer @ bd75b1576988ef46964966a111e9b9650b1101ee\n"}
,{"stream_name":"stderr","time":40.291934862,"data":"Cloning into '/kaggle/working/ext/PSRT'...\n"}
,{"stream_name":"stderr","time":40.291991157,"data":"\n"}
,{"stream_name":"stderr","time":40.291998656,"data":"Cloning into '/kaggle/working/ext/PSRT'...\n"}
,{"stream_name":"stdout","time":41.86625388,"data":"[external] psrt: https://github.com/Deng-shangqi/PSRT @ 9c2be904f901d4b6e2991413adea753d94be73fd\n"}
,{"stream_name":"stdout","time":41.886277402,"data":"[gpu0] START bench-cave-x4-psrt budget 4.00 h: --dataset cave --scale 4 --model psrt --bs 8 --seed 0 --eval_every 1000 --log_every 1000 --test_log 0\n"}
,{"stream_name":"stdout","time":41.886883795,"data":"[gpu1] START bench-cave-x4-dct budget 4.00 h: --dataset cave --scale 4 --model dct --bs 8 --seed 0 --eval_every 1000 --log_every 1000 --test_log 0\n"}
,{"stream_name":"stdout","time":86.515542683,"data":"[gpu1] cave x4: train 40 regions, e.g. [(31, 368, 512), (31, 144, 368)] test (12, 31, 512, 512) val (80, 31, 64, 64), 1.0 = 255 DN  (43s)\n"}
,{"stream_name":"stdout","time":86.522581859,"data":"[gpu0] cave x4: train 40 regions, e.g. [(31, 368, 512), (31, 144, 368)] test (12, 31, 512, 512) val (80, 31, 64, 64), 1.0 = 255 DN  (43s)\n"}
,{"stream_name":"stdout","time":86.99057562,"data":"[gpu1] [external] dct: https://github.com/qingma2016/DCTransformer @ bd75b1576988ef46964966a111e9b9650b1101ee\n"}
,{"stream_name":"stdout","time":86.992373362,"data":"[gpu0] [external] psrt: https://github.com/Deng-shangqi/PSRT @ 9c2be904f901d4b6e2991413adea753d94be73fd\n"}
,{"stream_name":"stdout","time":97.201878467,"data":"[gpu0] psrt (reflect borders): 0.25M params on 1 x cuda; batch 8 x 1; epoch = 147 iters; eval every 1000 iters; deadline in 3.98 h; schedule by time\n"}
,{"stream_name":"stdout","time":97.326904646,"data":"[gpu1] dct (reflect borders): 8.15M params on 1 x cuda; batch 8 x 1; epoch = 147 iters; eval every 1000 iters; deadline in 3.98 h; schedule by time\n"}
,{"stream_name":"stdout","time":100.943540774,"data":"[gpu0] bicubic test: {'PSNR': 30.0488, 'PSNR_psrt': 29.2758, 'MPSNR_peak1': 30.3573, 'SSIM': 0.878, 'SSIM_psrt': 0.8881, 'SAM': 4.7945, 'ERGAS': 8.2292, 'RMSE_DN': 8.6714, 'CC': 0.9679, 'SCC': 0.722, 'Q2n': 0.7518}\n"}
,{"stream_name":"stdout","time":100.961453077,"data":"[gpu1] bicubic test: {'PSNR': 30.0488, 'PSNR_psrt': 29.2758, 'MPSNR_peak1': 30.3573, 'SSIM': 0.878, 'SSIM_psrt': 0.8881, 'SAM': 4.7945, 'ERGAS': 8.2292, 'RMSE_DN': 8.6714, 'CC': 0.9679, 'SCC': 0.722, 'Q2n': 0.7518}\n"}
,{"stream_name":"stdout","time":104.191363469,"data":"[gpu0] GSA test: {'PSNR': 42.3025, 'PSNR_psrt': 41.5295, 'MPSNR_peak1': 42.9153, 'SSIM': 0.9798, 'SSIM_psrt': 0.9801, 'SAM': 4.6514, 'ERGAS': 2.0803, 'RMSE_DN': 2.1319, 'CC': 0.9981, 'SCC': 0.9849, 'Q2n': 0.8949}\n"}
,{"stream_name":"stdout","time":104.217796141,"data":"[gpu1] GSA test: {'PSNR': 42.3025, 'PSNR_psrt': 41.5295, 'MPSNR_peak1': 42.9153, 'SSIM': 0.9798, 'SSIM_psrt': 0.9801, 'SAM': 4.6514, 'ERGAS': 2.0803, 'RMSE_DN': 2.1319, 'CC': 0.9981, 'SCC': 0.9849, 'Q2n': 0.8949}\n"}
,{"stream_name":"stdout","time":323.498083575,"data":"[gpu0] ep     6.8 it   1000 loss 0.40704 lr 1.00e-04 val PSNR 31.405 SSIM 0.5388 SAM 24.127 | best val 31.405 (0.08 h)\n"}
,{"stream_name":"stdout","time":542.685877533,"data":"[gpu0] ep    13.6 it   2000 loss 0.01827 lr 9.98e-05 val PSNR 41.792 SSIM 0.8693 SAM 6.831 | best val 41.792 (0.14 h)\n"}
,{"stream_name":"stdout","time":762.632764867,"data":"[gpu0] ep    20.4 it   3000 loss 0.00779 lr 9.95e-05 val PSNR 46.043 SSIM 0.9164 SAM 4.569 | best val 46.043 (0.20 h)\n"}
,{"stream_name":"stdout","time":982.515427022,"data":"[gpu0] ep    27.2 it   4000 loss 0.00572 lr 9.91e-05 val PSNR 48.160 SSIM 0.9352 SAM 4.025 | best val 48.160 (0.26 h)\n"}
,{"stream_name":"stdout","time":1201.933911626,"data":"[gpu0] ep    34.0 it   5000 loss 0.00485 lr 9.86e-05 val PSNR 49.384 SSIM 0.9453 SAM 3.702 | best val 49.384 (0.32 h)\n"}
,{"stream_name":"stdout","time":1421.863404386,"data":"[gpu0] ep    40.8 it   6000 loss 0.00418 lr 9.79e-05 val PSNR 50.248 SSIM 0.9523 SAM 3.467 | best val 50.248 (0.38 h)\n"}
,{"stream_name":"stdout","time":1641.388569946,"data":"[gpu0] ep    47.6 it   7000 loss 0.00393 lr 9.72e-05 val PSNR 50.899 SSIM 0.9573 SAM 3.298 | best val 50.899 (0.44 h)\n"}
,{"stream_name":"stdout","time":1860.76179268,"data":"[gpu0] ep    54.4 it   8000 loss 0.00367 lr 9.63e-05 val PSNR 51.379 SSIM 0.9608 SAM 3.177 | best val 51.379 (0.50 h)\n"}
,{"stream_name":"stdout","time":2079.771982078,"data":"[gpu0] ep    61.2 it   9000 loss 0.00348 lr 9.54e-05 val PSNR 51.779 SSIM 0.9635 SAM 3.073 | best val 51.779 (0.57 h)\n"}
,{"stream_name":"stdout","time":2298.84901751,"data":"[gpu0] ep    68.0 it  10000 loss 0.00338 lr 9.43e-05 val PSNR 52.120 SSIM 0.9655 SAM 2.981 | best val 52.120 (0.63 h)\n"}
,{"stream_name":"stdout","time":2518.202592733,"data":"[gpu0] ep    74.8 it  11000 loss 0.00319 lr 9.32e-05 val PSNR 52.386 SSIM 0.9670 SAM 2.917 | best val 52.386 (0.69 h)\n"}
,{"stream_name":"stdout","time":2737.693189846,"data":"[gpu0] ep    81.6 it  12000 loss 0.00317 lr 9.19e-05 val PSNR 52.611 SSIM 0.9682 SAM 2.859 | best val 52.611 (0.75 h)\n"}
,{"stream_name":"stdout","time":2957.383047601,"data":"[gpu0] ep    88.4 it  13000 loss 0.00302 lr 9.06e-05 val PSNR 52.893 SSIM 0.9698 SAM 2.794 | best val 52.893 (0.81 h)\n"}
,{"stream_name":"stdout","time":3177.099199676,"data":"[gpu0] ep    95.2 it  14000 loss 0.00292 lr 8.91e-05 val PSNR 53.098 SSIM 0.9707 SAM 2.746 | best val 53.098 (0.87 h)\n"}
,{"stream_name":"stdout","time":3396.734779381,"data":"[gpu0] ep   102.0 it  15000 loss 0.00292 lr 8.76e-05 val PSNR 53.265 SSIM 0.9715 SAM 2.705 | best val 53.265 (0.93 h)\n"}
,{"stream_name":"stdout","time":3616.412879037,"data":"[gpu0] ep   108.8 it  16000 loss 0.00280 lr 8.59e-05 val PSNR 53.456 SSIM 0.9723 SAM 2.662 | best val 53.456 (0.99 h)\n"}
,{"stream_name":"stdout","time":3710.220644117,"data":"[gpu1] ep     6.8 it   1000 loss 0.02182 lr 1.00e-04 val PSNR 45.636 SSIM 0.9353 SAM 5.962 | best val 45.636 (1.02 h)\n"}
,{"stream_name":"stdout","time":3835.900658235,"data":"[gpu0] ep   115.6 it  17000 loss 0.00274 lr 8.42e-05 val PSNR 53.630 SSIM 0.9731 SAM 2.621 | best val 53.630 (1.05 h)\n"}
,{"stream_name":"stdout","time":4054.626284311,"data":"[gpu0] ep   122.4 it  18000 loss 0.00265 lr 8.24e-05 val PSNR 53.787 SSIM 0.9737 SAM 2.586 | best val 53.787 (1.11 h)\n"}
,{"stream_name":"stdout","time":4273.753530219,"data":"[gpu0] ep   129.3 it  19000 loss 0.00266 lr 8.06e-05 val PSNR 53.902 SSIM 0.9743 SAM 2.556 | best val 53.902 (1.17 h)\n"}
,{"stream_name":"stdout","time":4492.971363991,"data":"[gpu0] ep   136.1 it  20000 loss 0.00257 lr 7.86e-05 val PSNR 54.011 SSIM 0.9745 SAM 2.534 | best val 54.011 (1.24 h)\n"}
,{"stream_name":"stdout","time":4712.045299492,"data":"[gpu0] ep   142.9 it  21000 loss 0.00249 lr 7.66e-05 val PSNR 54.171 SSIM 0.9752 SAM 2.496 | best val 54.171 (1.30 h)\n"}
,{"stream_name":"stdout","time":4930.891185,"data":"[gpu0] ep   149.7 it  22000 loss 0.00249 lr 7.46e-05 val PSNR 54.318 SSIM 0.9757 SAM 2.466 | best val 54.318 (1.36 h)\n"}
,{"stream_name":"stdout","time":5149.616182347,"data":"[gpu0] ep   156.5 it  23000 loss 0.00238 lr 7.24e-05 val PSNR 54.421 SSIM 0.9760 SAM 2.445 | best val 54.421 (1.42 h)\n"}
,{"stream_name":"stdout","time":5368.355892965,"data":"[gpu0] ep   163.3 it  24000 loss 0.00241 lr 7.03e-05 val PSNR 54.490 SSIM 0.9762 SAM 2.427 | best val 54.490 (1.48 h)\n"}
,{"stream_name":"stdout","time":5587.242617351,"data":"[gpu0] ep   170.1 it  25000 loss 0.00237 lr 6.81e-05 val PSNR 54.585 SSIM 0.9766 SAM 2.406 | best val 54.585 (1.54 h)\n"}
,{"stream_name":"stdout","time":5806.434712775,"data":"[gpu0] ep   176.9 it  26000 loss 0.00230 lr 6.58e-05 val PSNR 54.695 SSIM 0.9769 SAM 2.386 | best val 54.695 (1.60 h)\n"}
,{"stream_name":"stdout","time":6025.455036387,"data":"[gpu0] ep   183.7 it  27000 loss 0.00223 lr 6.35e-05 val PSNR 54.786 SSIM 0.9772 SAM 2.369 | best val 54.786 (1.66 h)\n"}
,{"stream_name":"stdout","time":6243.976226089,"data":"[gpu0] ep   190.5 it  28000 loss 0.00226 lr 6.12e-05 val PSNR 54.857 SSIM 0.9774 SAM 2.354 | best val 54.857 (1.72 h)\n"}
,{"stream_name":"stdout","time":6462.627984535,"data":"[gpu0] ep   197.3 it  29000 loss 0.00223 lr 5.88e-05 val PSNR 54.923 SSIM 0.9776 SAM 2.341 | best val 54.923 (1.78 h)\n"}
,{"stream_name":"stdout","time":6681.755844518,"data":"[gpu0] ep   204.1 it  30000 loss 0.00218 lr 5.65e-05 val PSNR 54.985 SSIM 0.9777 SAM 2.328 | best val 54.985 (1.84 h)\n"}
,{"stream_name":"stdout","time":6901.107174279,"data":"[gpu0] ep   210.9 it  31000 loss 0.00221 lr 5.41e-05 val PSNR 55.058 SSIM 0.9780 SAM 2.312 | best val 55.058 (1.90 h)\n"}
,{"stream_name":"stdout","time":7120.266586768,"data":"[gpu0] ep   217.7 it  32000 loss 0.00216 lr 5.17e-05 val PSNR 55.113 SSIM 0.9781 SAM 2.302 | best val 55.113 (1.97 h)\n"}
,{"stream_name":"stdout","time":7310.440134134,"data":"[gpu1] ep    13.6 it   2000 loss 0.00622 lr 4.97e-05 val PSNR 50.219 SSIM 0.9683 SAM 3.506 | best val 50.219 (2.02 h)\n"}
,{"stream_name":"stdout","time":7339.130914863,"data":"[gpu0] ep   224.5 it  33000 loss 0.00211 lr 4.93e-05 val PSNR 55.173 SSIM 0.9783 SAM 2.291 | best val 55.173 (2.03 h)\n"}
,{"stream_name":"stdout","time":7558.114332068,"data":"[gpu0] ep   231.3 it  34000 loss 0.00206 lr 4.69e-05 val PSNR 55.242 SSIM 0.9784 SAM 2.278 | best val 55.242 (2.09 h)\n"}
,{"stream_name":"stdout","time":7777.364578246,"data":"[gpu0] ep   238.1 it  35000 loss 0.00209 lr 4.45e-05 val PSNR 55.290 SSIM 0.9786 SAM 2.268 | best val 55.290 (2.15 h)\n"}
,{"stream_name":"stdout","time":7996.500268164,"data":"[gpu0] ep   244.9 it  36000 loss 0.00208 lr 4.21e-05 val PSNR 55.333 SSIM 0.9787 SAM 2.259 | best val 55.333 (2.21 h)\n"}
,{"stream_name":"stdout","time":8215.544992546,"data":"[gpu0] ep   251.7 it  37000 loss 0.00204 lr 3.98e-05 val PSNR 55.371 SSIM 0.9788 SAM 2.251 | best val 55.371 (2.27 h)\n"}
,{"stream_name":"stdout","time":8434.660338738,"data":"[gpu0] ep   258.5 it  38000 loss 0.00200 lr 3.74e-05 val PSNR 55.418 SSIM 0.9790 SAM 2.241 | best val 55.418 (2.33 h)\n"}
,{"stream_name":"stdout","time":8654.085321672,"data":"[gpu0] ep   265.3 it  39000 loss 0.00197 lr 3.51e-05 val PSNR 55.465 SSIM 0.9791 SAM 2.232 | best val 55.465 (2.39 h)\n"}
,{"stream_name":"stdout","time":8873.200672566,"data":"[gpu0] ep   272.1 it  40000 loss 0.00202 lr 3.28e-05 val PSNR 55.505 SSIM 0.9792 SAM 2.225 | best val 55.505 (2.45 h)\n"}
,{"stream_name":"stdout","time":9092.052411342,"data":"[gpu0] ep   278.9 it  41000 loss 0.00198 lr 3.06e-05 val PSNR 55.543 SSIM 0.9793 SAM 2.217 | best val 55.543 (2.51 h)\n"}
,{"stream_name":"stdout","time":9311.366395467,"data":"[gpu0] ep   285.7 it  42000 loss 0.00194 lr 2.84e-05 val PSNR 55.578 SSIM 0.9793 SAM 2.210 | best val 55.578 (2.57 h)\n"}
,{"stream_name":"stdout","time":9530.753805881,"data":"[gpu0] ep   292.5 it  43000 loss 0.00194 lr 2.63e-05 val PSNR 55.616 SSIM 0.9794 SAM 2.203 | best val 55.616 (2.64 h)\n"}
,{"stream_name":"stdout","time":9750.089588918,"data":"[gpu0] ep   299.3 it  44000 loss 0.00194 lr 2.42e-05 val PSNR 55.641 SSIM 0.9795 SAM 2.197 | best val 55.641 (2.70 h)\n"}
,{"stream_name":"stdout","time":9969.595057798,"data":"[gpu0] ep   306.1 it  45000 loss 0.00189 lr 2.22e-05 val PSNR 55.675 SSIM 0.9796 SAM 2.190 | best val 55.675 (2.76 h)\n"}
,{"stream_name":"stdout","time":10188.86061786,"data":"[gpu0] ep   312.9 it  46000 loss 0.00190 lr 2.02e-05 val PSNR 55.705 SSIM 0.9797 SAM 2.184 | best val 55.705 (2.82 h)\n"}
,{"stream_name":"stdout","time":10408.144725744,"data":"[gpu0] ep   319.7 it  47000 loss 0.00188 lr 1.83e-05 val PSNR 55.730 SSIM 0.9797 SAM 2.180 | best val 55.730 (2.88 h)\n"}
,{"stream_name":"stdout","time":10627.706379951,"data":"[gpu0] ep   326.5 it  48000 loss 0.00184 lr 1.65e-05 val PSNR 55.755 SSIM 0.9798 SAM 2.175 | best val 55.755 (2.94 h)\n"}
,{"stream_name":"stdout","time":10847.494308708,"data":"[gpu0] ep   333.3 it  49000 loss 0.00185 lr 1.47e-05 val PSNR 55.780 SSIM 0.9799 SAM 2.169 | best val 55.780 (3.00 h)\n"}
,{"stream_name":"stdout","time":10924.078681695,"data":"[gpu1] ep    20.4 it   3000 loss 0.00378 lr 1.42e-05 val PSNR 51.927 SSIM 0.9751 SAM 2.900 | best val 51.927 (3.02 h)\n"}
,{"stream_name":"stdout","time":11066.97828354,"data":"[gpu0] ep   340.1 it  50000 loss 0.00189 lr 1.31e-05 val PSNR 55.795 SSIM 0.9799 SAM 2.166 | best val 55.795 (3.06 h)\n"}
,{"stream_name":"stdout","time":11286.061161444,"data":"[gpu0] ep   346.9 it  51000 loss 0.00186 lr 1.15e-05 val PSNR 55.810 SSIM 0.9799 SAM 2.162 | best val 55.810 (3.12 h)\n"}
,{"stream_name":"stdout","time":11505.676041345,"data":"[gpu0] ep   353.7 it  52000 loss 0.00183 lr 1.00e-05 val PSNR 55.833 SSIM 0.9800 SAM 2.158 | best val 55.833 (3.18 h)\n"}
,{"stream_name":"stdout","time":11725.239846045,"data":"[gpu0] ep   360.5 it  53000 loss 0.00182 lr 8.61e-06 val PSNR 55.853 SSIM 0.9800 SAM 2.154 | best val 55.853 (3.24 h)\n"}
,{"stream_name":"stdout","time":11944.779057164,"data":"[gpu0] ep   367.3 it  54000 loss 0.00181 lr 7.31e-06 val PSNR 55.868 SSIM 0.9801 SAM 2.151 | best val 55.868 (3.31 h)\n"}
,{"stream_name":"stdout","time":12164.287357464,"data":"[gpu0] ep   374.1 it  55000 loss 0.00184 lr 6.11e-06 val PSNR 55.878 SSIM 0.9801 SAM 2.148 | best val 55.878 (3.37 h)\n"}
,{"stream_name":"stdout","time":12384.083875653,"data":"[gpu0] ep   381.0 it  56000 loss 0.00183 lr 5.00e-06 val PSNR 55.890 SSIM 0.9801 SAM 2.145 | best val 55.890 (3.43 h)\n"}
,{"stream_name":"stdout","time":12603.399440531,"data":"[gpu0] ep   387.8 it  57000 loss 0.00179 lr 4.01e-06 val PSNR 55.902 SSIM 0.9801 SAM 2.143 | best val 55.902 (3.49 h)\n"}
,{"stream_name":"stdout","time":12822.788522294,"data":"[gpu0] ep   394.6 it  58000 loss 0.00182 lr 3.12e-06 val PSNR 55.913 SSIM 0.9802 SAM 2.140 | best val 55.913 (3.55 h)\n"}
,{"stream_name":"stdout","time":13042.490925379,"data":"[gpu0] ep   401.4 it  59000 loss 0.00180 lr 2.34e-06 val PSNR 55.922 SSIM 0.9802 SAM 2.138 | best val 55.922 (3.61 h)\n"}
,{"stream_name":"stdout","time":13261.624232118,"data":"[gpu0] ep   408.2 it  60000 loss 0.00180 lr 1.67e-06 val PSNR 55.928 SSIM 0.9802 SAM 2.137 | best val 55.928 (3.67 h)\n"}
,{"stream_name":"stdout","time":13481.124358698,"data":"[gpu0] ep   415.0 it  61000 loss 0.00180 lr 1.11e-06 val PSNR 55.930 SSIM 0.9802 SAM 2.136 | best val 55.930 (3.73 h)\n"}
,{"stream_name":"stdout","time":13700.520289763,"data":"[gpu0] ep   421.8 it  62000 loss 0.00178 lr 6.61e-07 val PSNR 55.936 SSIM 0.9802 SAM 2.135 | best val 55.936 (3.79 h)\n"}
,{"stream_name":"stdout","time":13920.09486343,"data":"[gpu0] ep   428.6 it  63000 loss 0.00181 lr 3.28e-07 val PSNR 55.938 SSIM 0.9802 SAM 2.134 | best val 55.938 (3.85 h)\n"}
,{"stream_name":"stdout","time":14139.797473198,"data":"[gpu0] ep   435.4 it  64000 loss 0.00180 lr 1.10e-07 val PSNR 55.938 SSIM 0.9802 SAM 2.134 | best val 55.938 (3.92 h)\n"}
,{"stream_name":"stdout","time":14359.502394039,"data":"[gpu0] ep   442.2 it  65000 loss 0.00180 lr 1.00e-07 val PSNR 55.938 SSIM 0.9802 SAM 2.134 | best val 55.938 (3.98 h)\n"}
,{"stream_name":"stdout","time":14448.100006671,"data":"[gpu0] ep   444.9 it  65400 loss 0.00181 lr 1.00e-07 val PSNR 55.938 SSIM 0.9802 SAM 2.134 | best val 55.938 (4.00 h)\n"}
,{"stream_name":"stdout","time":14448.100045173,"data":"[gpu0] time budget reached at it 65400 (epoch 444.9); continue with --resume \u003cout\u003e/last.pt\n"}
,{"stream_name":"stdout","time":14490.210873806,"data":"[gpu0] TEST: {'PSNR': 48.5087, 'PSNR_psrt': 47.7357, 'MPSNR_peak1': 49.4822, 'SSIM': 0.995, 'SSIM_psrt': 0.9952, 'SAM': 2.3936, 'ERGAS': 1.0158, 'RMSE_DN': 1.0318, 'CC': 0.9993, 'SCC': 0.995, 'Q2n': 0.9675}\n"}
,{"stream_name":"stdout","time":14490.211996663,"data":"[gpu0] TEST (self-ensemble): {'PSNR': 48.5641, 'PSNR_psrt': 47.7911, 'MPSNR_peak1': 49.5469, 'SSIM': 0.9951, 'SSIM_psrt': 0.9953, 'SAM': 2.3847, 'ERGAS': 1.0082, 'RMSE_DN': 1.0246, 'CC': 0.9993, 'SCC': 0.995, 'Q2n': 0.9678}\n"}
,{"stream_name":"stdout","time":14490.213071993,"data":"[gpu0] consistency: {'cons_H_dB': 55.77011459342271, 'cons_M_dB': 61.30301964745843} | self-ensemble: {'cons_H_dB': 55.82460345115924, 'cons_M_dB': 61.677495335904844}\n"}
,{"stream_name":"stdout","time":14492.220579076,"data":"[gpu0] END bench-cave-x4-psrt rc=0 after 4.02 h\n"}
,{"stream_name":"stdout","time":14540.932986296,"data":"[gpu1] ep    27.2 it   4000 loss 0.00277 lr 1.00e-07 val PSNR 52.535 SSIM 0.9768 SAM 2.722 | best val 52.535 (4.03 h)\n"}
,{"stream_name":"stdout","time":14540.933898375,"data":"[gpu1] time budget reached at it 4000 (epoch 27.2); continue with --resume \u003cout\u003e/last.pt\n"}
,{"stream_name":"stdout","time":14882.047800991,"data":"[gpu1] TEST: {'PSNR': 46.3626, 'PSNR_psrt': 45.5896, 'MPSNR_peak1': 47.1804, 'SSIM': 0.9934, 'SSIM_psrt': 0.9937, 'SAM': 2.7937, 'ERGAS': 1.2901, 'RMSE_DN': 1.3115, 'CC': 0.999, 'SCC': 0.9928, 'Q2n': 0.9579}\n"}
,{"stream_name":"stdout","time":14882.04885533,"data":"[gpu1] TEST (self-ensemble): {'PSNR': 46.54, 'PSNR_psrt': 45.767, 'MPSNR_peak1': 47.414, 'SSIM': 0.9937, 'SSIM_psrt': 0.994, 'SAM': 2.739, 'ERGAS': 1.2663, 'RMSE_DN': 1.2845, 'CC': 0.9991, 'SCC': 0.9931, 'Q2n': 0.9589}\n"}
,{"stream_name":"stdout","time":14882.049769688,"data":"[gpu1] consistency: {'cons_H_dB': 52.332408808199176, 'cons_M_dB': 56.3727729793539} | self-ensemble: {'cons_H_dB': 52.40695155304366, 'cons_M_dB': 57.01038972769002}\n"}
,{"stream_name":"stdout","time":14883.489148044,"data":"[gpu1] END bench-cave-x4-dct rc=0 after 4.13 h\n"}
,{"stream_name":"stdout","time":14884.200324925,"data":"406M\t/kaggle/working/out\n"}
,{"stream_name":"stdout","time":14884.219346389,"data":"bench-cave-x4-psrt                 it  65400 0.25M val 55.938 | PSNR 48.509/48.564 SAM 2.394 ERGAS 1.016 SSIM 0.9950 RMSE 1.03 | cons {'cons_H_dB': 55.77011459342271, 'cons_M_dB': 61.30301964745843}\n"}
,{"stream_name":"stdout","time":14884.219414789,"data":"bench-cave-x4-dct                  it   4000 8.15M val 52.535 | PSNR 46.363/46.540 SAM 2.794 ERGAS 1.290 SSIM 0.9934 RMSE 1.31 | cons {'cons_H_dB': 52.332408808199176, 'cons_M_dB': 56.3727729793539}\n"}
,{"stream_name":"stdout","time":14884.219423121,"data":"406M\t/kaggle/working/out\n"}
,{"stream_name":"stderr","time":14887.688859601,"data":"/usr/local/lib/python3.13/dist-packages/mistune.py:435: SyntaxWarning: invalid escape sequence '\\|'\n"}
,{"stream_name":"stderr","time":14887.688897745,"data":"  cells[i][c] = re.sub('\\\\\\\\\\|', '|', cell)\n"}
,{"stream_name":"stderr","time":14887.889502869,"data":"/usr/local/lib/python3.13/dist-packages/nbconvert/filters/filter_links.py:36: SyntaxWarning: invalid escape sequence '\\_'\n"}
,{"stream_name":"stderr","time":14887.889535924,"data":"  text = re.sub(r'_', '\\_', text) # Escape underscores in display text\n"}
,{"stream_name":"stderr","time":14888.776160458,"data":"[NbConvertApp] Converting notebook __notebook__.ipynb to notebook\n"}
,{"stream_name":"stderr","time":14888.878768502,"data":"[NbConvertApp] Writing 72793 bytes to __notebook__.ipynb\n"}
,{"stream_name":"stderr","time":14891.753202404,"data":"[NbConvertApp] Converting notebook __notebook__.ipynb to html\n"}
,{"stream_name":"stderr","time":14892.383312251,"data":"[NbConvertApp] Writing 376950 bytes to __results__.html\n"}
]