[{"stream_name":"stderr","time":9.026808569,"data":"0.00s - Debugger warning: It seems that frozen modules are being used, which may\n"}
,{"stream_name":"stderr","time":9.026871369,"data":"0.00s - make the debugger miss breakpoints. Please pass -Xfrozen_modules=off\n"}
,{"stream_name":"stderr","time":9.026878775,"data":"0.00s - to python to disable frozen modules.\n"}
,{"stream_name":"stderr","time":9.026883057,"data":"0.00s - Note: Debugging will proceed. Set PYDEVD_DISABLE_FILE_VALIDATION=1 to disable this validation.\n"}
,{"stream_name":"stderr","time":9.776143189,"data":"0.00s - Debugger warning: It seems that frozen modules are being used, which may\n"}
,{"stream_name":"stderr","time":9.776177327,"data":"0.00s - make the debugger miss breakpoints. Please pass -Xfrozen_modules=off\n"}
,{"stream_name":"stderr","time":9.77618295,"data":"0.00s - to python to disable frozen modules.\n"}
,{"stream_name":"stderr","time":9.776187704,"data":"0.00s - Note: Debugging will proceed. Set PYDEVD_DISABLE_FILE_VALIDATION=1 to disable this validation.\n"}
,{"stream_name":"stdout","time":11.145841995,"data":"code sha256 55b10069d34506b17b76283ae45510e5e7471cea4a9458c6a537fd406f8bde26 from git 8f55678+local changes\n"}
,{"stream_name":"stdout","time":11.286941018,"data":"--dataset pavia --scale 4 --mat '/kaggle/input/datasets/mlxlx0000/paviadata/pavia centre/Pavia.mat' --ckpt /kaggle/input/notebooks/amarnath10chinu/puf-s01/out/bench-pavia-x4-puformer/best_ema.pt --out /kaggle/working/out/blind-pavia-x4 --ckpt_zeros /kaggle/input/notebooks/amarnath10chinu/puf-s01/out/abl-pavia-x4-zeros/best_ema.pt --ckpt_learned /kaggle/input/notebooks/amarnath10chinu/puf-s01/out/abl-pavia-x4-learned/best_ema.pt\n"}
,{"stream_name":"stderr","time":11.336932977,"data":"/tmp/ipykernel_16/895361952.py:5: DeprecationWarning: Python 3.14 will, by default, filter extracted tar archives and reject files or modify their metadata. Use the filter argument to control this behavior.\n"}
,{"stream_name":"stderr","time":11.336964268,"data":"  tarfile.open(fileobj=io.BytesIO(raw), mode='r:gz').extractall(CODE)\n"}
,{"stream_name":"stderr","time":11.336969411,"data":"\n"}
,{"stream_name":"stderr","time":11.336973226,"data":"/tmp/ipykernel_16/895361952.py:5: DeprecationWarning: Python 3.14 will, by default, filter extracted tar archives and reject files or modify their metadata. Use the filter argument to control this behavior.\n"}
,{"stream_name":"stderr","time":11.336977445,"data":"  tarfile.open(fileobj=io.BytesIO(raw), mode='r:gz').extractall(CODE)\n"}
,{"stream_name":"stdout","time":889.205710529,"data":"sigma=1.5 {'sigma_true': 1.5, 'sigma_abs_err': 0.0, 'exact_fixed': 43.13, 'exact_estimated': 50.541, 'exact_oracle': 50.541, 'zeros_fixed': 46.554, 'zeros_estimated': 49.639, 'zeros_oracle': 49.639, 'learned_fixed': 49.33}\n"}
,{"stream_name":"stdout","time":889.410651988,"data":"sigma=1.5 {'sigma_true': 1.5, 'sigma_abs_err': 0.0, 'exact_fixed': 43.13, 'exact_estimated': 50.541, 'exact_oracle': 50.541, 'zeros_fixed': 46.554, 'zeros_estimated': 49.639, 'zeros_oracle': 49.639, 'learned_fixed': 49.33}\n"}
,{"stream_name":"stdout","time":1881.127515435,"data":"sigma=1.5,snr=35 {'sigma_true': 1.5, 'sigma_abs_err': 0.0, 'exact_fixed': 41.262, 'exact_estimated': 44.709, 'exact_oracle': 44.709, 'zeros_fixed': 43.379, 'zeros_estimated': 44.589, 'zeros_oracle': 44.589, 'learned_fixed': 44.412}\n"}
,{"stream_name":"stdout","time":1881.337503367,"data":"sigma=1.5,snr=35 {'sigma_true': 1.5, 'sigma_abs_err': 0.0, 'exact_fixed': 41.262, 'exact_estimated': 44.709, 'exact_oracle': 44.709, 'zeros_fixed': 43.379, 'zeros_estimated': 44.589, 'zeros_oracle': 44.589, 'learned_fixed': 44.412}\n"}
,{"stream_name":"stdout","time":2693.096471419,"data":"sigma=2 {'sigma_true': 2.0, 'sigma_abs_err': 0.0, 'exact_fixed': 50.632, 'exact_estimated': 50.632, 'exact_oracle': 50.632, 'zeros_fixed': 50.521, 'zeros_estimated': 50.521, 'zeros_oracle': 50.521, 'learned_fixed': 50.57}\n"}
,{"stream_name":"stdout","time":2693.303438387,"data":"sigma=2 {'sigma_true': 2.0, 'sigma_abs_err': 0.0, 'exact_fixed': 50.632, 'exact_estimated': 50.632, 'exact_oracle': 50.632, 'zeros_fixed': 50.521, 'zeros_estimated': 50.521, 'zeros_oracle': 50.521, 'learned_fixed': 50.57}\n"}
,{"stream_name":"stdout","time":3600.661875049,"data":"sigma=2,snr=35 {'sigma_true': 2.0, 'sigma_abs_err': 0.0, 'exact_fixed': 44.564, 'exact_estimated': 44.564, 'exact_oracle': 44.564, 'zeros_fixed': 44.837, 'zeros_estimated': 44.837, 'zeros_oracle': 44.837, 'learned_fixed': 44.775}\n"}
,{"stream_name":"stdout","time":3600.867532291,"data":"sigma=2,snr=35 {'sigma_true': 2.0, 'sigma_abs_err': 0.0, 'exact_fixed': 44.564, 'exact_estimated': 44.564, 'exact_oracle': 44.564, 'zeros_fixed': 44.837, 'zeros_estimated': 44.837, 'zeros_oracle': 44.837, 'learned_fixed': 44.775}\n"}
,{"stream_name":"stdout","time":4472.495682671,"data":"sigma=2.5 {'sigma_true': 2.5, 'sigma_abs_err': 0.0, 'exact_fixed': 46.727, 'exact_estimated': 50.583, 'exact_oracle': 50.583, 'zeros_fixed': 48.815, 'zeros_estimated': 50.259, 'zeros_oracle': 50.259, 'learned_fixed': 49.994}\n"}
,{"stream_name":"stdout","time":4472.701399855,"data":"sigma=2.5 {'sigma_true': 2.5, 'sigma_abs_err': 0.0, 'exact_fixed': 46.727, 'exact_estimated': 50.583, 'exact_oracle': 50.583, 'zeros_fixed': 48.815, 'zeros_estimated': 50.259, 'zeros_oracle': 50.259, 'learned_fixed': 49.994}\n"}
,{"stream_name":"stdout","time":5575.346881492,"data":"sigma=2.5,snr=35 {'sigma_true': 2.5, 'sigma_abs_err': 0.0, 'exact_fixed': 43.234, 'exact_estimated': 44.608, 'exact_oracle': 44.608, 'zeros_fixed': 44.32, 'zeros_estimated': 44.84, 'zeros_oracle': 44.84, 'learned_fixed': 44.639}\n"}
,{"stream_name":"stdout","time":5575.552450949,"data":"sigma=2.5,snr=35 {'sigma_true': 2.5, 'sigma_abs_err': 0.0, 'exact_fixed': 43.234, 'exact_estimated': 44.608, 'exact_oracle': 44.608, 'zeros_fixed': 44.32, 'zeros_estimated': 44.84, 'zeros_oracle': 44.84, 'learned_fixed': 44.639}\n"}
,{"stream_name":"stdout","time":6667.198604262,"data":"sigma=3 {'sigma_true': 3.0, 'sigma_abs_err': 0.0, 'exact_fixed': 44.18, 'exact_estimated': 50.5, 'exact_oracle': 50.5, 'zeros_fixed': 47.24, 'zeros_estimated': 49.909, 'zeros_oracle': 49.909, 'learned_fixed': 49.361}\n"}
,{"stream_name":"stdout","time":6667.404846546,"data":"sigma=3 {'sigma_true': 3.0, 'sigma_abs_err': 0.0, 'exact_fixed': 44.18, 'exact_estimated': 50.5, 'exact_oracle': 50.5, 'zeros_fixed': 47.24, 'zeros_estimated': 49.909, 'zeros_oracle': 49.909, 'learned_fixed': 49.361}\n"}
,{"stream_name":"stdout","time":7675.567884093,"data":"sigma=3,snr=35 {'sigma_true': 3.0, 'sigma_abs_err': 0.0, 'exact_fixed': 41.903, 'exact_estimated': 44.639, 'exact_oracle': 44.639, 'zeros_fixed': 43.696, 'zeros_estimated': 44.782, 'zeros_oracle': 44.782, 'learned_fixed': 44.451}\n"}
,{"stream_name":"stdout","time":7675.773949621,"data":"sigma=3,snr=35 {'sigma_true': 3.0, 'sigma_abs_err': 0.0, 'exact_fixed': 41.903, 'exact_estimated': 44.639, 'exact_oracle': 44.639, 'zeros_fixed': 43.696, 'zeros_estimated': 44.782, 'zeros_oracle': 44.782, 'learned_fixed': 44.451}\n"}
,{"stream_name":"stdout","time":7677.423419217,"data":"fixed-point residual: {'exact': {'test': 0.0, 'crop64': 0.0}, 'zeros': {'test': 0.046561118215322495, 'crop64': 0.11112065613269806}, 'learned': {'test': 0.04690800607204437, 'crop64': 0.11170199513435364}}\n"}
,{"stream_name":"stdout","time":7677.626163246,"data":"fixed-point residual: {'exact': {'test': 0.0, 'crop64': 0.0}, 'zeros': {'test': 0.046561118215322495, 'crop64': 0.11112065613269806}, 'learned': {'test': 0.04690800607204437, 'crop64': 0.11170199513435364}}\n"}
,{"stream_name":"stderr","time":7681.439569024,"data":"/usr/local/lib/python3.13/dist-packages/mistune.py:435: SyntaxWarning: invalid escape sequence '\\|'\n"}
,{"stream_name":"stderr","time":7681.439653302,"data":"  cells[i][c] = re.sub('\\\\\\\\\\|', '|', cell)\n"}
,{"stream_name":"stderr","time":7681.652461845,"data":"/usr/local/lib/python3.13/dist-packages/nbconvert/filters/filter_links.py:36: SyntaxWarning: invalid escape sequence '\\_'\n"}
,{"stream_name":"stderr","time":7681.65249089,"data":"  text = re.sub(r'_', '\\_', text) # Escape underscores in display text\n"}
,{"stream_name":"stderr","time":7682.58000529,"data":"[NbConvertApp] Converting notebook __notebook__.ipynb to notebook\n"}
,{"stream_name":"stderr","time":7682.667855009,"data":"[NbConvertApp] Writing 53692 bytes to __notebook__.ipynb\n"}
,{"stream_name":"stderr","time":7685.648924138,"data":"[NbConvertApp] Converting notebook __notebook__.ipynb to html\n"}
,{"stream_name":"stderr","time":7686.270988262,"data":"[NbConvertApp] Writing 333377 bytes to __results__.html\n"}
]