[{"stream_name":"stderr","time":7.338967892,"data":"0.00s - Debugger warning: It seems that frozen modules are being used, which may\n"}
,{"stream_name":"stderr","time":7.339031337,"data":"0.00s - make the debugger miss breakpoints. Please pass -Xfrozen_modules=off\n"}
,{"stream_name":"stderr","time":7.339041696,"data":"0.00s - to python to disable frozen modules.\n"}
,{"stream_name":"stderr","time":7.339044532,"data":"0.00s - Note: Debugging will proceed. Set PYDEVD_DISABLE_FILE_VALIDATION=1 to disable this validation.\n"}
,{"stream_name":"stderr","time":7.957522485,"data":"0.00s - Debugger warning: It seems that frozen modules are being used, which may\n"}
,{"stream_name":"stderr","time":7.957553401,"data":"0.00s - make the debugger miss breakpoints. Please pass -Xfrozen_modules=off\n"}
,{"stream_name":"stderr","time":7.957559519,"data":"0.00s - to python to disable frozen modules.\n"}
,{"stream_name":"stderr","time":7.957563285,"data":"0.00s - Note: Debugging will proceed. Set PYDEVD_DISABLE_FILE_VALIDATION=1 to disable this validation.\n"}
,{"stream_name":"stdout","time":9.123970504,"data":"code sha256 4b70f42dfb0ca2331b0cebf677a8b4b347c1734cda6a0d24bc87437646db9db4 from git c46a34e+local changes\n"}
,{"stream_name":"stdout","time":9.153723551,"data":"index, name, memory.total [MiB]\n"}
,{"stream_name":"stdout","time":9.15374986,"data":"0, Tesla T4, 15360 MiB\n"}
,{"stream_name":"stdout","time":9.153754366,"data":"1, Tesla T4, 15360 MiB\n"}
,{"stream_name":"stdout","time":9.176046159,"data":"               total        used        free      shared  buff/cache   available\n"}
,{"stream_name":"stdout","time":9.176068815,"data":"Mem:              31           1          25           0           5          30\n"}
,{"stream_name":"stdout","time":9.180044826,"data":"4\n"}
,{"stream_name":"stderr","time":9.322238664,"data":"/tmp/ipykernel_23/615363204.py:8: DeprecationWarning: Python 3.14 will, by default, filter extracted tar archives and reject files or modify their metadata. Use the filter argument to control this behavior.\n"}
,{"stream_name":"stderr","time":9.322266781,"data":"  tarfile.open(fileobj=io.BytesIO(raw), mode='r:gz').extractall(CODE)\n"}
,{"stream_name":"stderr","time":9.322272599,"data":"\n"}
,{"stream_name":"stderr","time":9.322276432,"data":"/tmp/ipykernel_23/615363204.py:8: DeprecationWarning: Python 3.14 will, by default, filter extracted tar archives and reject files or modify their metadata. Use the filter argument to control this behavior.\n"}
,{"stream_name":"stderr","time":9.322280862,"data":"  tarfile.open(fileobj=io.BytesIO(raw), mode='r:gz').extractall(CODE)\n"}
,{"stream_name":"stdout","time":9.324100404,"data":"index, name, memory.total [MiB]\n"}
,{"stream_name":"stdout","time":9.324134819,"data":"0, Tesla T4, 15360 MiB\n"}
,{"stream_name":"stdout","time":9.324139141,"data":"1, Tesla T4, 15360 MiB\n"}
,{"stream_name":"stdout","time":9.324148837,"data":"               total        used        free      shared  buff/cache   available\n"}
,{"stream_name":"stdout","time":9.324152524,"data":"Mem:              31           1          25           0           5          30\n"}
,{"stream_name":"stdout","time":9.324157955,"data":"4\n"}
,{"stream_name":"stdout","time":9.411009082,"data":"data: {'chikusei': None, 'pavia': None, 'cave': '/kaggle/input/datasets/liptee/hyperspectral-image-restoration-based-on-cave', 'harvard': '/x'}\n"}
,{"stream_name":"stdout","time":16.338266117,"data":"[ok] D/Dt adjoint (zeros) rel err 1.6e-16\n"}
,{"stream_name":"stdout","time":16.540560376,"data":"[ok] D/Dt adjoint (zeros) rel err 1.6e-16\n"}
,{"stream_name":"stdout","time":16.672543627,"data":"[ok] Dt == autograd VJP of D (zeros) \n"}
,{"stream_name":"stdout","time":16.707174572,"data":"[ok] R/Rt adjoint (zeros) \n"}
,{"stream_name":"stdout","time":16.748676901,"data":"[ok] D/Dt adjoint (reflect) rel err 1.5e-16\n"}
,{"stream_name":"stdout","time":16.797556056,"data":"[ok] Dt == autograd VJP of D (reflect) \n"}
,{"stream_name":"stdout","time":16.804459824,"data":"[ok] R/Rt adjoint (reflect) \n"}
,{"stream_name":"stdout","time":16.864219797,"data":"[ok] strided D == blur + decimate (zeros) \n"}
,{"stream_name":"stdout","time":16.874924205,"data":"[ok] Dt == autograd VJP of D (zeros) \n"}
,{"stream_name":"stdout","time":16.874956622,"data":"[ok] R/Rt adjoint (zeros) \n"}
,{"stream_name":"stdout","time":16.874963021,"data":"[ok] D/Dt adjoint (reflect) rel err 1.5e-16\n"}
,{"stream_name":"stdout","time":16.874967906,"data":"[ok] Dt == autograd VJP of D (reflect) \n"}
,{"stream_name":"stdout","time":16.874972235,"data":"[ok] R/Rt adjoint (reflect) \n"}
,{"stream_name":"stdout","time":16.87497732,"data":"[ok] strided D == blur + decimate (zeros) \n"}
,{"stream_name":"stdout","time":16.891185388,"data":"[ok] strided Dt == zero-insert + blur (zeros) \n"}
,{"stream_name":"stdout","time":16.909395716,"data":"[ok] reflect D == simulation operator \n"}
,{"stream_name":"stdout","time":16.945153407,"data":"[ok] reflect D == blur(reflect) + decimate \n"}
,{"stream_name":"stdout","time":16.987207011,"data":"[ok] onions_quality fast == literal (n=2) max diff 4.9e-16\n"}
,{"stream_name":"stdout","time":16.99431073,"data":"[ok] onions_quality fast == literal (n=4) max diff 2.4e-16\n"}
,{"stream_name":"stdout","time":17.00289876,"data":"[ok] onions_quality fast == literal (n=8) max diff 2.1e-16\n"}
,{"stream_name":"stdout","time":17.031950309,"data":"[ok] onions_quality fast == literal (n=16) max diff 2.2e-16\n"}
,{"stream_name":"stdout","time":17.0946872,"data":"[ok] strided Dt == zero-insert + blur (zeros) \n"}
,{"stream_name":"stdout","time":17.094721612,"data":"[ok] reflect D == simulation operator \n"}
,{"stream_name":"stdout","time":17.094726943,"data":"[ok] reflect D == blur(reflect) + decimate \n"}
,{"stream_name":"stdout","time":17.094730599,"data":"[ok] onions_quality fast == literal (n=2) max diff 4.9e-16\n"}
,{"stream_name":"stdout","time":17.094734288,"data":"[ok] onions_quality fast == literal (n=4) max diff 2.4e-16\n"}
,{"stream_name":"stdout","time":17.094737965,"data":"[ok] onions_quality fast == literal (n=8) max diff 2.1e-16\n"}
,{"stream_name":"stdout","time":17.094741914,"data":"[ok] onions_quality fast == literal (n=16) max diff 2.2e-16\n"}
,{"stream_name":"stdout","time":20.506529115,"data":"[ok] onions_quality fast == literal (n=128) max diff 2.2e-16\n"}
,{"stream_name":"stdout","time":20.709194331,"data":"[ok] onions_quality fast == literal (n=128) max diff 2.2e-16\n"}
,{"stream_name":"stdout","time":21.348999993,"data":"[ok] Q2n(x, x) == 1 1.000000000000\n"}
,{"stream_name":"stdout","time":21.38082703,"data":"[ok] SCC(x, x) == 1 \n"}
,{"stream_name":"stdout","time":21.551180664,"data":"[ok] Q2n(x, x) == 1 1.000000000000\n"}
,{"stream_name":"stdout","time":21.551213206,"data":"[ok] SCC(x, x) == 1 \n"}
,{"stream_name":"stdout","time":23.502420112,"data":"[ok] Q2n fast == literal on an image 0.997605\n"}
,{"stream_name":"stdout","time":23.704989786,"data":"[ok] Q2n fast == literal on an image 0.997605\n"}
,{"stream_name":"stdout","time":23.894521127,"data":"[ok] Q2n non-multiple of the block size runs \n"}
,{"stream_name":"stdout","time":24.098353766,"data":"[ok] Q2n non-multiple of the block size runs \n"}
,{"stream_name":"stdout","time":24.705223039,"data":"   metrics on a noisy image: {'PSNR': 39.9934, 'PSNR_psrt': 35.5564, 'MPSNR_peak1': 39.9944, 'SSIM': 0.9975, 'SSIM_psrt': 0.9978, 'SAM': 1.5071, 'ERGAS': 0.7147, 'RMSE_DN': 151.4451, 'CC': 0.9976, 'SCC': 0.9991, 'Q2n': 0.9976}\n"}
,{"stream_name":"stdout","time":24.716895345,"data":"[ok] x8 D/Dt adjoint (zeros) rel err 0.0e+00\n"}
,{"stream_name":"stdout","time":24.732633247,"data":"[ok] x8 D/Dt adjoint (reflect) rel err 1.5e-16\n"}
,{"stream_name":"stdout","time":24.760382039,"data":"[ok] x8 reflect D == blur(reflect) + decimate \n"}
,{"stream_name":"stdout","time":24.79200675,"data":"[ok] learned D/Dt, R/Rt adjoint (x4) \n"}
,{"stream_name":"stdout","time":24.809659536,"data":"[ok] learned D/Dt, R/Rt adjoint (x8) \n"}
,{"stream_name":"stdout","time":24.907655802,"data":"   metrics on a noisy image: {'PSNR': 39.9934, 'PSNR_psrt': 35.5564, 'MPSNR_peak1': 39.9944, 'SSIM': 0.9975, 'SSIM_psrt': 0.9978, 'SAM': 1.5071, 'ERGAS': 0.7147, 'RMSE_DN': 151.4451, 'CC': 0.9976, 'SCC': 0.9991, 'Q2n': 0.9976}\n"}
,{"stream_name":"stdout","time":24.907686935,"data":"[ok] x8 D/Dt adjoint (zeros) rel err 0.0e+00\n"}
,{"stream_name":"stdout","time":24.907691775,"data":"[ok] x8 D/Dt adjoint (reflect) rel err 1.5e-16\n"}
,{"stream_name":"stdout","time":24.907696917,"data":"[ok] x8 reflect D == blur(reflect) + decimate \n"}
,{"stream_name":"stdout","time":24.907703963,"data":"[ok] learned D/Dt, R/Rt adjoint (x4) \n"}
,{"stream_name":"stdout","time":24.907707002,"data":"[ok] learned D/Dt, R/Rt adjoint (x8) \n"}
,{"stream_name":"stdout","time":25.939148649,"data":"[ok] PUFormer forward/backward (x4, zeros, exact, {}) \n"}
,{"stream_name":"stdout","time":26.14226334,"data":"[ok] PUFormer forward/backward (x4, zeros, exact, {}) \n"}
,{"stream_name":"stdout","time":26.788233685,"data":"[ok] PUFormer forward/backward (x4, reflect, exact, {}) \n"}
,{"stream_name":"stdout","time":26.991714365,"data":"[ok] PUFormer forward/backward (x4, reflect, exact, {}) \n"}
,{"stream_name":"stdout","time":27.548812094,"data":"[ok] PUFormer forward/backward (x8, reflect, exact, {}) \n"}
,{"stream_name":"stdout","time":27.752170049,"data":"[ok] PUFormer forward/backward (x8, reflect, exact, {}) \n"}
,{"stream_name":"stdout","time":28.149110086,"data":"[ok] PUFormer forward/backward (x4, reflect, exact, {'physics': False}) \n"}
,{"stream_name":"stdout","time":28.35247008,"data":"[ok] PUFormer forward/backward (x4, reflect, exact, {'physics': False}) \n"}
,{"stream_name":"stdout","time":28.875477767,"data":"[ok] PUFormer forward/backward (x4, reflect, exact, {'res_input': False}) \n"}
,{"stream_name":"stdout","time":29.078623507,"data":"[ok] PUFormer forward/backward (x4, reflect, exact, {'res_input': False}) \n"}
,{"stream_name":"stdout","time":29.625335294,"data":"[ok] PUFormer forward/backward (x4, reflect, exact, {'memory': False}) \n"}
,{"stream_name":"stdout","time":29.828267396,"data":"[ok] PUFormer forward/backward (x4, reflect, exact, {'memory': False}) \n"}
,{"stream_name":"stdout","time":30.451318209,"data":"[ok] PUFormer forward/backward (x4, reflect, exact, {'mixer': 'window'}) \n"}
,{"stream_name":"stdout","time":30.654047098,"data":"[ok] PUFormer forward/backward (x4, reflect, exact, {'mixer': 'window'}) \n"}
,{"stream_name":"stdout","time":31.21555308,"data":"[ok] PUFormer forward/backward (x4, reflect, exact, {'mixer': 'conv'}) \n"}
,{"stream_name":"stdout","time":31.419857127,"data":"[ok] PUFormer forward/backward (x4, reflect, exact, {'mixer': 'conv'}) \n"}
,{"stream_name":"stdout","time":31.952399976,"data":"[ok] PUFormer forward/backward (x4, reflect, learned, {}) \n"}
,{"stream_name":"stdout","time":31.952451617,"data":"all checks passed\n"}
,{"stream_name":"stdout","time":32.15493591,"data":"[ok] PUFormer forward/backward (x4, reflect, learned, {}) \n"}
,{"stream_name":"stdout","time":32.154979272,"data":"all checks passed\n"}
,{"stream_name":"stderr","time":36.59540949,"data":"Cloning into '/kaggle/working/ext/MIMFormer'...\n"}
,{"stream_name":"stderr","time":36.797614824,"data":"Cloning into '/kaggle/working/ext/MIMFormer'...\n"}
,{"stream_name":"stderr","time":36.797642018,"data":"\n"}
,{"stream_name":"stderr","time":36.79764632,"data":"Cloning into '/kaggle/working/ext/MIMFormer'...\n"}
,{"stream_name":"stdout","time":37.549606498,"data":"[external] mimformer: https://github.com/meiruni/MIMFormer @ 0904158a8d53c590bcc497ad94b6fd4f6c167c19\n"}
,{"stream_name":"stdout","time":37.569480269,"data":"[gpu0] START bench-cave-x4-puformer budget 4.00 h: --dataset cave --scale 4 --model puformer --bs 8 --seed 0 --eval_every 1000 --log_every 1000 --test_log 0 --pad reflect --w_sam 0.05 --w_ssim 0.1\n"}
,{"stream_name":"stdout","time":37.57076325,"data":"[gpu1] START bench-cave-x4-mimformer budget 4.00 h: --dataset cave --scale 4 --model mimformer --bs 8 --seed 0 --eval_every 1000 --log_every 1000 --test_log 0\n"}
,{"stream_name":"stdout","time":64.861971303,"data":"[gpu0] cave x4: train 40 regions, e.g. [(31, 368, 512), (31, 144, 368)] test (12, 31, 512, 512) val (80, 31, 64, 64), 1.0 = 255 DN  (25s)\n"}
,{"stream_name":"stdout","time":64.871651291,"data":"[gpu1] cave x4: train 40 regions, e.g. [(31, 368, 512), (31, 144, 368)] test (12, 31, 512, 512) val (80, 31, 64, 64), 1.0 = 255 DN  (25s)\n"}
,{"stream_name":"stdout","time":65.29464135,"data":"[gpu1] [external] mimformer: https://github.com/meiruni/MIMFormer @ 0904158a8d53c590bcc497ad94b6fd4f6c167c19\n"}
,{"stream_name":"stdout","time":70.90555642,"data":"[gpu0] puformer (reflect borders): 9.75M params on 1 x cuda; batch 8 x 1; epoch = 147 iters; eval every 1000 iters; deadline in 3.99 h; schedule by time\n"}
,{"stream_name":"stdout","time":74.457205161,"data":"[gpu0] bicubic test: {'PSNR': 30.0488, 'PSNR_psrt': 29.2758, 'MPSNR_peak1': 30.3573, 'SSIM': 0.878, 'SSIM_psrt': 0.8881, 'SAM': 4.7945, 'ERGAS': 8.2292, 'RMSE_DN': 8.6714, 'CC': 0.9679, 'SCC': 0.722, 'Q2n': 0.7518}\n"}
,{"stream_name":"stdout","time":75.112964228,"data":"[gpu1] mimformer (reflect borders): 16.24M params on 1 x cuda; batch 8 x 1; epoch = 147 iters; eval every 1000 iters; deadline in 3.99 h; schedule by time\n"}
,{"stream_name":"stdout","time":77.626507573,"data":"[gpu0] GSA test: {'PSNR': 42.3025, 'PSNR_psrt': 41.5295, 'MPSNR_peak1': 42.9153, 'SSIM': 0.9798, 'SSIM_psrt': 0.9801, 'SAM': 4.6514, 'ERGAS': 2.0803, 'RMSE_DN': 2.1319, 'CC': 0.9981, 'SCC': 0.9849, 'Q2n': 0.8949}\n"}
,{"stream_name":"stdout","time":78.380873041,"data":"[gpu1] bicubic test: {'PSNR': 30.0488, 'PSNR_psrt': 29.2758, 'MPSNR_peak1': 30.3573, 'SSIM': 0.878, 'SSIM_psrt': 0.8881, 'SAM': 4.7945, 'ERGAS': 8.2292, 'RMSE_DN': 8.6714, 'CC': 0.9679, 'SCC': 0.722, 'Q2n': 0.7518}\n"}
,{"stream_name":"stdout","time":81.51618574,"data":"[gpu1] GSA test: {'PSNR': 42.3025, 'PSNR_psrt': 41.5295, 'MPSNR_peak1': 42.9153, 'SSIM': 0.9798, 'SSIM_psrt': 0.9801, 'SAM': 4.6514, 'ERGAS': 2.0803, 'RMSE_DN': 2.1319, 'CC': 0.9981, 'SCC': 0.9849, 'Q2n': 0.8949}\n"}
,{"stream_name":"stdout","time":238.048915429,"data":"[gpu1] ep     6.8 it   1000 loss 0.01487 lr 1.00e-04 val PSNR 44.134 SSIM 0.8661 SAM 6.199 | best val 44.134 (0.06 h)\n"}
,{"stream_name":"stdout","time":388.206342073,"data":"[gpu1] ep    13.6 it   2000 loss 0.00597 lr 9.99e-05 val PSNR 48.675 SSIM 0.9216 SAM 3.947 | best val 48.675 (0.10 h)\n"}
,{"stream_name":"stdout","time":446.86074207,"data":"[gpu0] ep     6.8 it   1000 loss 0.01212 lr 3.00e-04 val PSNR 53.079 SSIM 0.9737 SAM 2.519 | best val 53.079 (0.11 h)\n"}
,{"stream_name":"stdout","time":538.465781558,"data":"[gpu1] ep    20.4 it   3000 loss 0.00416 lr 9.98e-05 val PSNR 50.519 SSIM 0.9495 SAM 3.328 | best val 50.519 (0.14 h)\n"}
,{"stream_name":"stdout","time":688.798987064,"data":"[gpu1] ep    27.2 it   4000 loss 0.00331 lr 9.96e-05 val PSNR 51.792 SSIM 0.9592 SAM 3.029 | best val 51.792 (0.18 h)\n"}
,{"stream_name":"stdout","time":784.492188457,"data":"[gpu0] ep    13.6 it   2000 loss 0.00649 lr 2.98e-04 val PSNR 55.952 SSIM 0.9818 SAM 1.986 | best val 55.952 (0.21 h)\n"}
,{"stream_name":"stdout","time":838.884526099,"data":"[gpu1] ep    34.0 it   5000 loss 0.00287 lr 9.93e-05 val PSNR 52.757 SSIM 0.9642 SAM 2.813 | best val 52.757 (0.22 h)\n"}
,{"stream_name":"stdout","time":988.557564693,"data":"[gpu1] ep    40.8 it   6000 loss 0.00256 lr 9.90e-05 val PSNR 53.475 SSIM 0.9683 SAM 2.649 | best val 53.475 (0.26 h)\n"}
,{"stream_name":"stdout","time":1122.676012183,"data":"[gpu0] ep    20.4 it   3000 loss 0.00534 lr 2.96e-04 val PSNR 56.882 SSIM 0.9827 SAM 1.847 | best val 56.882 (0.30 h)\n"}
,{"stream_name":"stdout","time":1138.38857558,"data":"[gpu1] ep    47.6 it   7000 loss 0.00239 lr 9.87e-05 val PSNR 54.223 SSIM 0.9723 SAM 2.494 | best val 54.223 (0.31 h)\n"}
,{"stream_name":"stdout","time":1288.191161282,"data":"[gpu1] ep    54.4 it   8000 loss 0.00225 lr 9.83e-05 val PSNR 54.562 SSIM 0.9736 SAM 2.407 | best val 54.562 (0.35 h)\n"}
,{"stream_name":"stdout","time":1438.027552952,"data":"[gpu1] ep    61.2 it   9000 loss 0.00218 lr 9.78e-05 val PSNR 54.940 SSIM 0.9762 SAM 2.322 | best val 54.940 (0.39 h)\n"}
,{"stream_name":"stdout","time":1459.859248391,"data":"[gpu0] ep    27.2 it   4000 loss 0.00490 lr 2.93e-04 val PSNR 57.461 SSIM 0.9834 SAM 1.766 | best val 57.461 (0.39 h)\n"}
,{"stream_name":"stdout","time":1587.798113059,"data":"[gpu1] ep    68.0 it  10000 loss 0.00205 lr 9.73e-05 val PSNR 55.144 SSIM 0.9759 SAM 2.291 | best val 55.144 (0.43 h)\n"}
,{"stream_name":"stdout","time":1737.786162355,"data":"[gpu1] ep    74.8 it  11000 loss 0.00200 lr 9.68e-05 val PSNR 55.455 SSIM 0.9780 SAM 2.216 | best val 55.455 (0.47 h)\n"}
,{"stream_name":"stdout","time":1797.75282963,"data":"[gpu0] ep    34.0 it   5000 loss 0.00458 lr 2.90e-04 val PSNR 57.912 SSIM 0.9842 SAM 1.707 | best val 57.912 (0.49 h)\n"}
,{"stream_name":"stdout","time":1887.56515216,"data":"[gpu1] ep    81.6 it  12000 loss 0.00198 lr 9.62e-05 val PSNR 55.635 SSIM 0.9787 SAM 2.173 | best val 55.635 (0.51 h)\n"}
,{"stream_name":"stdout","time":2037.367215657,"data":"[gpu1] ep    88.4 it  13000 loss 0.00193 lr 9.55e-05 val PSNR 55.921 SSIM 0.9797 SAM 2.096 | best val 55.921 (0.55 h)\n"}
,{"stream_name":"stdout","time":2135.051499861,"data":"[gpu0] ep    40.8 it   6000 loss 0.00443 lr 2.85e-04 val PSNR 58.213 SSIM 0.9847 SAM 1.668 | best val 58.213 (0.58 h)\n"}
,{"stream_name":"stdout","time":2187.135972284,"data":"[gpu1] ep    95.2 it  14000 loss 0.00187 lr 9.48e-05 val PSNR 56.027 SSIM 0.9801 SAM 2.088 | best val 56.027 (0.60 h)\n"}
,{"stream_name":"stdout","time":2336.934562493,"data":"[gpu1] ep   102.0 it  15000 loss 0.00183 lr 9.40e-05 val PSNR 56.144 SSIM 0.9800 SAM 2.095 | best val 56.144 (0.64 h)\n"}
,{"stream_name":"stdout","time":2472.784654486,"data":"[gpu0] ep    47.6 it   7000 loss 0.00427 lr 2.80e-04 val PSNR 58.422 SSIM 0.9850 SAM 1.641 | best val 58.422 (0.68 h)\n"}
,{"stream_name":"stdout","time":2486.92462267,"data":"[gpu1] ep   108.8 it  16000 loss 0.00181 lr 9.32e-05 val PSNR 56.148 SSIM 0.9787 SAM 2.082 | best val 56.148 (0.68 h)\n"}
,{"stream_name":"stdout","time":2637.072053295,"data":"[gpu1] ep   115.6 it  17000 loss 0.00181 lr 9.24e-05 val PSNR 56.361 SSIM 0.9812 SAM 2.027 | best val 56.361 (0.72 h)\n"}
,{"stream_name":"stdout","time":2787.386704976,"data":"[gpu1] ep   122.4 it  18000 loss 0.00174 lr 9.15e-05 val PSNR 56.455 SSIM 0.9806 SAM 2.004 | best val 56.455 (0.76 h)\n"}
,{"stream_name":"stdout","time":2811.397076953,"data":"[gpu0] ep    54.4 it   8000 loss 0.00414 lr 2.74e-04 val PSNR 58.593 SSIM 0.9852 SAM 1.619 | best val 58.593 (0.77 h)\n"}
,{"stream_name":"stdout","time":2937.818360474,"data":"[gpu1] ep   129.3 it  19000 loss 0.00173 lr 9.06e-05 val PSNR 56.652 SSIM 0.9813 SAM 1.950 | best val 56.652 (0.81 h)\n"}
,{"stream_name":"stdout","time":3088.224271436,"data":"[gpu1] ep   136.1 it  20000 loss 0.00173 lr 8.96e-05 val PSNR 56.624 SSIM 0.9813 SAM 1.976 | best val 56.652 (0.85 h)\n"}
,{"stream_name":"stdout","time":3149.489733779,"data":"[gpu0] ep    61.2 it   9000 loss 0.00409 lr 2.67e-04 val PSNR 58.726 SSIM 0.9853 SAM 1.602 | best val 58.726 (0.86 h)\n"}
,{"stream_name":"stdout","time":3238.245632904,"data":"[gpu1] ep   142.9 it  21000 loss 0.00172 lr 8.85e-05 val PSNR 56.795 SSIM 0.9818 SAM 1.918 | best val 56.795 (0.89 h)\n"}
,{"stream_name":"stdout","time":3387.919026267,"data":"[gpu1] ep   149.7 it  22000 loss 0.00169 lr 8.75e-05 val PSNR 56.903 SSIM 0.9818 SAM 1.912 | best val 56.903 (0.93 h)\n"}
,{"stream_name":"stdout","time":3487.100865699,"data":"[gpu0] ep    68.0 it  10000 loss 0.00397 lr 2.60e-04 val PSNR 58.851 SSIM 0.9855 SAM 1.587 | best val 58.851 (0.96 h)\n"}
,{"stream_name":"stdout","time":3537.481838235,"data":"[gpu1] ep   156.5 it  23000 loss 0.00169 lr 8.64e-05 val PSNR 56.872 SSIM 0.9818 SAM 1.919 | best val 56.903 (0.97 h)\n"}
,{"stream_name":"stdout","time":3687.337558144,"data":"[gpu1] ep   163.3 it  24000 loss 0.00163 lr 8.52e-05 val PSNR 56.937 SSIM 0.9820 SAM 1.929 | best val 56.937 (1.01 h)\n"}
,{"stream_name":"stdout","time":3824.370263002,"data":"[gpu0] ep    74.8 it  11000 loss 0.00388 lr 2.52e-04 val PSNR 58.957 SSIM 0.9856 SAM 1.573 | best val 58.957 (1.05 h)\n"}
,{"stream_name":"stdout","time":3837.422239505,"data":"[gpu1] ep   170.1 it  25000 loss 0.00164 lr 8.41e-05 val PSNR 57.100 SSIM 0.9822 SAM 1.884 | best val 57.100 (1.05 h)\n"}
,{"stream_name":"stdout","time":3987.543049491,"data":"[gpu1] ep   176.9 it  26000 loss 0.00162 lr 8.28e-05 val PSNR 57.115 SSIM 0.9821 SAM 1.884 | best val 57.115 (1.10 h)\n"}
,{"stream_name":"stdout","time":4137.737975016,"data":"[gpu1] ep   183.7 it  27000 loss 0.00162 lr 8.16e-05 val PSNR 57.169 SSIM 0.9823 SAM 1.875 | best val 57.169 (1.14 h)\n"}
,{"stream_name":"stdout","time":4161.97259006,"data":"[gpu0] ep    81.6 it  12000 loss 0.00383 lr 2.44e-04 val PSNR 59.053 SSIM 0.9857 SAM 1.561 | best val 59.053 (1.15 h)\n"}
,{"stream_name":"stdout","time":4288.075145056,"data":"[gpu1] ep   190.5 it  28000 loss 0.00157 lr 8.03e-05 val PSNR 57.209 SSIM 0.9824 SAM 1.868 | best val 57.209 (1.18 h)\n"}
,{"stream_name":"stdout","time":4437.91004686,"data":"[gpu1] ep   197.3 it  29000 loss 0.00158 lr 7.90e-05 val PSNR 57.268 SSIM 0.9825 SAM 1.859 | best val 57.268 (1.22 h)\n"}
,{"stream_name":"stdout","time":4499.120914257,"data":"[gpu0] ep    88.4 it  13000 loss 0.00378 lr 2.35e-04 val PSNR 59.137 SSIM 0.9858 SAM 1.550 | best val 59.137 (1.24 h)\n"}
,{"stream_name":"stdout","time":4587.929595476,"data":"[gpu1] ep   204.1 it  30000 loss 0.00156 lr 7.76e-05 val PSNR 57.237 SSIM 0.9825 SAM 1.864 | best val 57.268 (1.26 h)\n"}
,{"stream_name":"stdout","time":4738.479865534,"data":"[gpu1] ep   210.9 it  31000 loss 0.00157 lr 7.62e-05 val PSNR 57.405 SSIM 0.9828 SAM 1.833 | best val 57.405 (1.31 h)\n"}
,{"stream_name":"stdout","time":4836.903452532,"data":"[gpu0] ep    95.2 it  14000 loss 0.00375 lr 2.26e-04 val PSNR 59.223 SSIM 0.9859 SAM 1.539 | best val 59.223 (1.33 h)\n"}
,{"stream_name":"stdout","time":4888.469207568,"data":"[gpu1] ep   217.7 it  32000 loss 0.00152 lr 7.48e-05 val PSNR 57.418 SSIM 0.9828 SAM 1.832 | best val 57.418 (1.35 h)\n"}
,{"stream_name":"stdout","time":5038.320939754,"data":"[gpu1] ep   224.5 it  33000 loss 0.00154 lr 7.34e-05 val PSNR 57.442 SSIM 0.9828 SAM 1.833 | best val 57.442 (1.39 h)\n"}
,{"stream_name":"stdout","time":5174.178888296,"data":"[gpu0] ep   102.0 it  15000 loss 0.00371 lr 2.16e-04 val PSNR 59.285 SSIM 0.9860 SAM 1.530 | best val 59.285 (1.43 h)\n"}
,{"stream_name":"stdout","time":5188.204503863,"data":"[gpu1] ep   231.3 it  34000 loss 0.00149 lr 7.19e-05 val PSNR 57.513 SSIM 0.9829 SAM 1.817 | best val 57.513 (1.43 h)\n"}
,{"stream_name":"stdout","time":5338.138985181,"data":"[gpu1] ep   238.1 it  35000 loss 0.00152 lr 7.04e-05 val PSNR 57.430 SSIM 0.9827 SAM 1.830 | best val 57.513 (1.47 h)\n"}
,{"stream_name":"stdout","time":5488.178542431,"data":"[gpu1] ep   244.9 it  36000 loss 0.00146 lr 6.89e-05 val PSNR 57.546 SSIM 0.9828 SAM 1.812 | best val 57.546 (1.51 h)\n"}
,{"stream_name":"stdout","time":5512.015190228,"data":"[gpu0] ep   108.8 it  16000 loss 0.00366 lr 2.06e-04 val PSNR 59.354 SSIM 0.9861 SAM 1.522 | best val 59.354 (1.52 h)\n"}
,{"stream_name":"stdout","time":5638.324153874,"data":"[gpu1] ep   251.7 it  37000 loss 0.00147 lr 6.74e-05 val PSNR 57.601 SSIM 0.9831 SAM 1.801 | best val 57.601 (1.56 h)\n"}
,{"stream_name":"stdout","time":5788.572668405,"data":"[gpu1] ep   258.5 it  38000 loss 0.00146 lr 6.58e-05 val PSNR 57.627 SSIM 0.9830 SAM 1.795 | best val 57.627 (1.60 h)\n"}
,{"stream_name":"stdout","time":5849.987259952,"data":"[gpu0] ep   115.6 it  17000 loss 0.00361 lr 1.96e-04 val PSNR 59.415 SSIM 0.9862 SAM 1.515 | best val 59.415 (1.61 h)\n"}
,{"stream_name":"stdout","time":5938.660650965,"data":"[gpu1] ep   265.3 it  39000 loss 0.00144 lr 6.43e-05 val PSNR 57.636 SSIM 0.9831 SAM 1.793 | best val 57.636 (1.64 h)\n"}
,{"stream_name":"stdout","time":6088.71022062,"data":"[gpu1] ep   272.1 it  40000 loss 0.00145 lr 6.27e-05 val PSNR 57.713 SSIM 0.9832 SAM 1.782 | best val 57.713 (1.68 h)\n"}
,{"stream_name":"stdout","time":6187.322238119,"data":"[gpu0] ep   122.4 it  18000 loss 0.00358 lr 1.85e-04 val PSNR 59.466 SSIM 0.9862 SAM 1.509 | best val 59.466 (1.71 h)\n"}
,{"stream_name":"stdout","time":6238.930259623,"data":"[gpu1] ep   278.9 it  41000 loss 0.00144 lr 6.11e-05 val PSNR 57.722 SSIM 0.9832 SAM 1.784 | best val 57.722 (1.72 h)\n"}
,{"stream_name":"stdout","time":6389.430633924,"data":"[gpu1] ep   285.7 it  42000 loss 0.00143 lr 5.95e-05 val PSNR 57.743 SSIM 0.9832 SAM 1.781 | best val 57.743 (1.76 h)\n"}
,{"stream_name":"stdout","time":6525.548573453,"data":"[gpu0] ep   129.3 it  19000 loss 0.00353 lr 1.74e-04 val PSNR 59.516 SSIM 0.9862 SAM 1.502 | best val 59.516 (1.80 h)\n"}
,{"stream_name":"stdout","time":6539.922641699,"data":"[gpu1] ep   292.5 it  43000 loss 0.00143 lr 5.79e-05 val PSNR 57.750 SSIM 0.9831 SAM 1.781 | best val 57.750 (1.81 h)\n"}
,{"stream_name":"stdout","time":6689.63914474,"data":"[gpu1] ep   299.3 it  44000 loss 0.00141 lr 5.62e-05 val PSNR 57.762 SSIM 0.9833 SAM 1.776 | best val 57.762 (1.85 h)\n"}
,{"stream_name":"stdout","time":6839.406011695,"data":"[gpu1] ep   306.1 it  45000 loss 0.00139 lr 5.46e-05 val PSNR 57.809 SSIM 0.9834 SAM 1.763 | best val 57.809 (1.89 h)\n"}
,{"stream_name":"stdout","time":6862.644608946,"data":"[gpu0] ep   136.1 it  20000 loss 0.00350 lr 1.63e-04 val PSNR 59.566 SSIM 0.9863 SAM 1.495 | best val 59.566 (1.90 h)\n"}
,{"stream_name":"stdout","time":6989.823256673,"data":"[gpu1] ep   312.9 it  46000 loss 0.00137 lr 5.30e-05 val PSNR 57.815 SSIM 0.9834 SAM 1.770 | best val 57.815 (1.93 h)\n"}
,{"stream_name":"stdout","time":7139.462276031,"data":"[gpu1] ep   319.7 it  47000 loss 0.00137 lr 5.13e-05 val PSNR 57.829 SSIM 0.9834 SAM 1.764 | best val 57.829 (1.97 h)\n"}
,{"stream_name":"stdout","time":7200.425242393,"data":"[gpu0] ep   142.9 it  21000 loss 0.00351 lr 1.52e-04 val PSNR 59.585 SSIM 0.9863 SAM 1.493 | best val 59.585 (1.99 h)\n"}
,{"stream_name":"stdout","time":7289.295710238,"data":"[gpu1] ep   326.5 it  48000 loss 0.00137 lr 4.97e-05 val PSNR 57.851 SSIM 0.9834 SAM 1.761 | best val 57.851 (2.01 h)\n"}
,{"stream_name":"stdout","time":7439.294747364,"data":"[gpu1] ep   333.3 it  49000 loss 0.00134 lr 4.80e-05 val PSNR 57.889 SSIM 0.9835 SAM 1.753 | best val 57.889 (2.06 h)\n"}
,{"stream_name":"stdout","time":7537.180158293,"data":"[gpu0] ep   149.7 it  22000 loss 0.00347 lr 1.41e-04 val PSNR 59.625 SSIM 0.9864 SAM 1.487 | best val 59.625 (2.08 h)\n"}
,{"stream_name":"stdout","time":7589.383658697,"data":"[gpu1] ep   340.1 it  50000 loss 0.00136 lr 4.64e-05 val PSNR 57.904 SSIM 0.9834 SAM 1.750 | best val 57.904 (2.10 h)\n"}
,{"stream_name":"stdout","time":7739.587662733,"data":"[gpu1] ep   346.9 it  51000 loss 0.00135 lr 4.48e-05 val PSNR 57.929 SSIM 0.9835 SAM 1.745 | best val 57.929 (2.14 h)\n"}
,{"stream_name":"stdout","time":7874.763668373,"data":"[gpu0] ep   156.5 it  23000 loss 0.00345 lr 1.30e-04 val PSNR 59.650 SSIM 0.9864 SAM 1.485 | best val 59.650 (2.18 h)\n"}
,{"stream_name":"stdout","time":7889.990932982,"data":"[gpu1] ep   353.7 it  52000 loss 0.00135 lr 4.31e-05 val PSNR 57.936 SSIM 0.9836 SAM 1.742 | best val 57.936 (2.18 h)\n"}
,{"stream_name":"stdout","time":8040.432277332,"data":"[gpu1] ep   360.5 it  53000 loss 0.00135 lr 4.15e-05 val PSNR 57.958 SSIM 0.9835 SAM 1.741 | best val 57.958 (2.22 h)\n"}
,{"stream_name":"stdout","time":8190.971047558,"data":"[gpu1] ep   367.3 it  54000 loss 0.00135 lr 3.99e-05 val PSNR 57.972 SSIM 0.9836 SAM 1.739 | best val 57.972 (2.26 h)\n"}
,{"stream_name":"stdout","time":8212.946126907,"data":"[gpu0] ep   163.3 it  24000 loss 0.00341 lr 1.19e-04 val PSNR 59.682 SSIM 0.9865 SAM 1.480 | best val 59.682 (2.27 h)\n"}
,{"stream_name":"stdout","time":8340.997539209,"data":"[gpu1] ep   374.1 it  55000 loss 0.00132 lr 3.83e-05 val PSNR 57.978 SSIM 0.9836 SAM 1.742 | best val 57.978 (2.31 h)\n"}
,{"stream_name":"stdout","time":8490.755278834,"data":"[gpu1] ep   381.0 it  56000 loss 0.00132 lr 3.67e-05 val PSNR 58.014 SSIM 0.9837 SAM 1.730 | best val 58.014 (2.35 h)\n"}
,{"stream_name":"stdout","time":8549.644686329,"data":"[gpu0] ep   170.1 it  25000 loss 0.00340 lr 1.08e-04 val PSNR 59.706 SSIM 0.9865 SAM 1.476 | best val 59.706 (2.36 h)\n"}
,{"stream_name":"stdout","time":8640.406176169,"data":"[gpu1] ep   387.8 it  57000 loss 0.00133 lr 3.51e-05 val PSNR 58.028 SSIM 0.9837 SAM 1.728 | best val 58.028 (2.39 h)\n"}
,{"stream_name":"stdout","time":8790.222458973,"data":"[gpu1] ep   394.6 it  58000 loss 0.00131 lr 3.36e-05 val PSNR 58.037 SSIM 0.9837 SAM 1.726 | best val 58.037 (2.43 h)\n"}
,{"stream_name":"stdout","time":8887.051249788,"data":"[gpu0] ep   176.9 it  26000 loss 0.00337 lr 9.77e-05 val PSNR 59.741 SSIM 0.9866 SAM 1.471 | best val 59.741 (2.46 h)\n"}
,{"stream_name":"stdout","time":8940.070049124,"data":"[gpu1] ep   401.4 it  59000 loss 0.00130 lr 3.20e-05 val PSNR 58.047 SSIM 0.9837 SAM 1.725 | best val 58.047 (2.47 h)\n"}
,{"stream_name":"stdout","time":9090.359909512,"data":"[gpu1] ep   408.2 it  60000 loss 0.00129 lr 3.05e-05 val PSNR 58.071 SSIM 0.9838 SAM 1.719 | best val 58.071 (2.51 h)\n"}
,{"stream_name":"stdout","time":9224.688814208,"data":"[gpu0] ep   183.7 it  27000 loss 0.00338 lr 8.75e-05 val PSNR 59.761 SSIM 0.9866 SAM 1.469 | best val 59.761 (2.55 h)\n"}
,{"stream_name":"stdout","time":9240.667961672,"data":"[gpu1] ep   415.0 it  61000 loss 0.00130 lr 2.90e-05 val PSNR 58.069 SSIM 0.9838 SAM 1.721 | best val 58.071 (2.56 h)\n"}
,{"stream_name":"stdout","time":9390.584457384,"data":"[gpu1] ep   421.8 it  62000 loss 0.00128 lr 2.75e-05 val PSNR 58.097 SSIM 0.9839 SAM 1.715 | best val 58.097 (2.60 h)\n"}
,{"stream_name":"stdout","time":9540.675495015,"data":"[gpu1] ep   428.6 it  63000 loss 0.00128 lr 2.61e-05 val PSNR 58.098 SSIM 0.9838 SAM 1.716 | best val 58.098 (2.64 h)\n"}
,{"stream_name":"stdout","time":9562.340555515,"data":"[gpu0] ep   190.5 it  28000 loss 0.00333 lr 7.76e-05 val PSNR 59.785 SSIM 0.9866 SAM 1.466 | best val 59.785 (2.65 h)\n"}
,{"stream_name":"stdout","time":9691.26734445,"data":"[gpu1] ep   435.4 it  64000 loss 0.00128 lr 2.46e-05 val PSNR 58.114 SSIM 0.9839 SAM 1.711 | best val 58.114 (2.68 h)\n"}
,{"stream_name":"stdout","time":9841.494244663,"data":"[gpu1] ep   442.2 it  65000 loss 0.00127 lr 2.32e-05 val PSNR 58.119 SSIM 0.9839 SAM 1.712 | best val 58.119 (2.72 h)\n"}
,{"stream_name":"stdout","time":9899.888901392,"data":"[gpu0] ep   197.3 it  29000 loss 0.00330 lr 6.81e-05 val PSNR 59.798 SSIM 0.9866 SAM 1.463 | best val 59.798 (2.74 h)\n"}
,{"stream_name":"stdout","time":9991.450137969,"data":"[gpu1] ep   449.0 it  66000 loss 0.00128 lr 2.19e-05 val PSNR 58.126 SSIM 0.9839 SAM 1.711 | best val 58.126 (2.76 h)\n"}
,{"stream_name":"stdout","time":10141.802630596,"data":"[gpu1] ep   455.8 it  67000 loss 0.00126 lr 2.05e-05 val PSNR 58.152 SSIM 0.9840 SAM 1.705 | best val 58.152 (2.81 h)\n"}
,{"stream_name":"stdout","time":10237.616500697,"data":"[gpu0] ep   204.1 it  30000 loss 0.00331 lr 5.90e-05 val PSNR 59.815 SSIM 0.9867 SAM 1.461 | best val 59.815 (2.83 h)\n"}
,{"stream_name":"stdout","time":10292.039239568,"data":"[gpu1] ep   462.6 it  68000 loss 0.00127 lr 1.92e-05 val PSNR 58.152 SSIM 0.9839 SAM 1.705 | best val 58.152 (2.85 h)\n"}
,{"stream_name":"stdout","time":10442.223350173,"data":"[gpu1] ep   469.4 it  69000 loss 0.00125 lr 1.79e-05 val PSNR 58.154 SSIM 0.9840 SAM 1.705 | best val 58.154 (2.89 h)\n"}
,{"stream_name":"stdout","time":10575.425081848,"data":"[gpu0] ep   210.9 it  31000 loss 0.00328 lr 5.05e-05 val PSNR 59.829 SSIM 0.9867 SAM 1.459 | best val 59.829 (2.93 h)\n"}
,{"stream_name":"stdout","time":10592.342944693,"data":"[gpu1] ep   476.2 it  70000 loss 0.00123 lr 1.67e-05 val PSNR 58.164 SSIM 0.9840 SAM 1.703 | best val 58.164 (2.93 h)\n"}
,{"stream_name":"stdout","time":10742.243489177,"data":"[gpu1] ep   483.0 it  71000 loss 0.00125 lr 1.55e-05 val PSNR 58.170 SSIM 0.9840 SAM 1.701 | best val 58.170 (2.97 h)\n"}
,{"stream_name":"stdout","time":10891.929303702,"data":"[gpu1] ep   489.8 it  72000 loss 0.00128 lr 1.43e-05 val PSNR 58.183 SSIM 0.9840 SAM 1.699 | best val 58.183 (3.01 h)\n"}
,{"stream_name":"stdout","time":10912.739903957,"data":"[gpu0] ep   217.7 it  32000 loss 0.00327 lr 4.25e-05 val PSNR 59.837 SSIM 0.9867 SAM 1.458 | best val 59.837 (3.02 h)\n"}
,{"stream_name":"stdout","time":11042.238550125,"data":"[gpu1] ep   496.6 it  73000 loss 0.00125 lr 1.32e-05 val PSNR 58.189 SSIM 0.9840 SAM 1.699 | best val 58.189 (3.06 h)\n"}
,{"stream_name":"stdout","time":11192.571369752,"data":"[gpu1] ep   503.4 it  74000 loss 0.00125 lr 1.21e-05 val PSNR 58.192 SSIM 0.9840 SAM 1.699 | best val 58.192 (3.10 h)\n"}
,{"stream_name":"stdout","time":11250.178455344,"data":"[gpu0] ep   224.5 it  33000 loss 0.00328 lr 3.51e-05 val PSNR 59.853 SSIM 0.9867 SAM 1.456 | best val 59.853 (3.11 h)\n"}
,{"stream_name":"stdout","time":11342.490906846,"data":"[gpu1] ep   510.2 it  75000 loss 0.00125 lr 1.10e-05 val PSNR 58.197 SSIM 0.9840 SAM 1.697 | best val 58.197 (3.14 h)\n"}
,{"stream_name":"stdout","time":11492.193271294,"data":"[gpu1] ep   517.0 it  76000 loss 0.00123 lr 1.00e-05 val PSNR 58.203 SSIM 0.9841 SAM 1.696 | best val 58.203 (3.18 h)\n"}
,{"stream_name":"stdout","time":11587.391772478,"data":"[gpu0] ep   231.3 it  34000 loss 0.00326 lr 2.83e-05 val PSNR 59.862 SSIM 0.9867 SAM 1.454 | best val 59.862 (3.21 h)\n"}
,{"stream_name":"stdout","time":11642.065511978,"data":"[gpu1] ep   523.8 it  77000 loss 0.00125 lr 9.07e-06 val PSNR 58.198 SSIM 0.9841 SAM 1.696 | best val 58.203 (3.22 h)\n"}
,{"stream_name":"stdout","time":11791.879195288,"data":"[gpu1] ep   530.6 it  78000 loss 0.00124 lr 8.16e-06 val PSNR 58.209 SSIM 0.9841 SAM 1.695 | best val 58.209 (3.26 h)\n"}
,{"stream_name":"stdout","time":11924.656732385,"data":"[gpu0] ep   238.1 it  35000 loss 0.00323 lr 2.21e-05 val PSNR 59.866 SSIM 0.9867 SAM 1.454 | best val 59.866 (3.30 h)\n"}
,{"stream_name":"stdout","time":11942.337314053,"data":"[gpu1] ep   537.4 it  79000 loss 0.00125 lr 7.28e-06 val PSNR 58.210 SSIM 0.9841 SAM 1.694 | best val 58.210 (3.31 h)\n"}
,{"stream_name":"stdout","time":12092.301930727,"data":"[gpu1] ep   544.2 it  80000 loss 0.00125 lr 6.45e-06 val PSNR 58.215 SSIM 0.9841 SAM 1.693 | best val 58.215 (3.35 h)\n"}
,{"stream_name":"stdout","time":12241.895364887,"data":"[gpu1] ep   551.0 it  81000 loss 0.00124 lr 5.67e-06 val PSNR 58.218 SSIM 0.9841 SAM 1.693 | best val 58.218 (3.39 h)\n"}
,{"stream_name":"stdout","time":12261.76667686,"data":"[gpu0] ep   244.9 it  36000 loss 0.00323 lr 1.67e-05 val PSNR 59.874 SSIM 0.9868 SAM 1.453 | best val 59.874 (3.40 h)\n"}
,{"stream_name":"stdout","time":12391.482934009,"data":"[gpu1] ep   557.8 it  82000 loss 0.00123 lr 4.93e-06 val PSNR 58.221 SSIM 0.9841 SAM 1.693 | best val 58.221 (3.43 h)\n"}
,{"stream_name":"stdout","time":12541.552148902,"data":"[gpu1] ep   564.6 it  83000 loss 0.00122 lr 4.25e-06 val PSNR 58.225 SSIM 0.9841 SAM 1.692 | best val 58.225 (3.47 h)\n"}
,{"stream_name":"stdout","time":12598.449115435,"data":"[gpu0] ep   251.7 it  37000 loss 0.00323 lr 1.20e-05 val PSNR 59.881 SSIM 0.9868 SAM 1.452 | best val 59.881 (3.49 h)\n"}
,{"stream_name":"stdout","time":12691.944742726,"data":"[gpu1] ep   571.4 it  84000 loss 0.00122 lr 3.61e-06 val PSNR 58.229 SSIM 0.9841 SAM 1.692 | best val 58.229 (3.51 h)\n"}
,{"stream_name":"stdout","time":12841.920231972,"data":"[gpu1] ep   578.2 it  85000 loss 0.00123 lr 3.02e-06 val PSNR 58.230 SSIM 0.9841 SAM 1.691 | best val 58.230 (3.56 h)\n"}
,{"stream_name":"stdout","time":12936.325272793,"data":"[gpu0] ep   258.5 it  38000 loss 0.00324 lr 8.04e-06 val PSNR 59.883 SSIM 0.9868 SAM 1.452 | best val 59.883 (3.58 h)\n"}
,{"stream_name":"stdout","time":12992.162466124,"data":"[gpu1] ep   585.0 it  86000 loss 0.00121 lr 2.48e-06 val PSNR 58.231 SSIM 0.9841 SAM 1.692 | best val 58.231 (3.60 h)\n"}
,{"stream_name":"stdout","time":13142.648922745,"data":"[gpu1] ep   591.8 it  87000 loss 0.00123 lr 2.00e-06 val PSNR 58.237 SSIM 0.9841 SAM 1.690 | best val 58.237 (3.64 h)\n"}
,{"stream_name":"stdout","time":13274.638393931,"data":"[gpu0] ep   265.3 it  39000 loss 0.00321 lr 4.84e-06 val PSNR 59.890 SSIM 0.9868 SAM 1.451 | best val 59.890 (3.68 h)\n"}
,{"stream_name":"stdout","time":13292.826847734,"data":"[gpu1] ep   598.6 it  88000 loss 0.00122 lr 1.56e-06 val PSNR 58.240 SSIM 0.9841 SAM 1.690 | best val 58.240 (3.68 h)\n"}
,{"stream_name":"stdout","time":13442.804625241,"data":"[gpu1] ep   605.4 it  89000 loss 0.00123 lr 1.18e-06 val PSNR 58.236 SSIM 0.9841 SAM 1.690 | best val 58.240 (3.72 h)\n"}
,{"stream_name":"stdout","time":13592.541027188,"data":"[gpu1] ep   612.2 it  90000 loss 0.00124 lr 8.55e-07 val PSNR 58.238 SSIM 0.9841 SAM 1.690 | best val 58.240 (3.76 h)\n"}
,{"stream_name":"stdout","time":13612.061429454,"data":"[gpu0] ep   272.1 it  40000 loss 0.00323 lr 2.45e-06 val PSNR 59.889 SSIM 0.9868 SAM 1.451 | best val 59.890 (3.77 h)\n"}
,{"stream_name":"stdout","time":13742.317754615,"data":"[gpu1] ep   619.0 it  91000 loss 0.00122 lr 5.79e-07 val PSNR 58.238 SSIM 0.9841 SAM 1.690 | best val 58.240 (3.81 h)\n"}
,{"stream_name":"stdout","time":13892.505664342,"data":"[gpu1] ep   625.9 it  92000 loss 0.00122 lr 3.57e-07 val PSNR 58.238 SSIM 0.9841 SAM 1.690 | best val 58.240 (3.85 h)\n"}
,{"stream_name":"stdout","time":13950.070020927,"data":"[gpu0] ep   278.9 it  41000 loss 0.00323 lr 8.58e-07 val PSNR 59.888 SSIM 0.9868 SAM 1.451 | best val 59.890 (3.86 h)\n"}
,{"stream_name":"stdout","time":14042.424904601,"data":"[gpu1] ep   632.7 it  93000 loss 0.00122 lr 1.88e-07 val PSNR 58.238 SSIM 0.9841 SAM 1.690 | best val 58.240 (3.89 h)\n"}
,{"stream_name":"stdout","time":14191.982836539,"data":"[gpu1] ep   639.5 it  94000 loss 0.00119 lr 1.00e-07 val PSNR 58.238 SSIM 0.9842 SAM 1.689 | best val 58.240 (3.93 h)\n"}
,{"stream_name":"stdout","time":14287.153281877,"data":"[gpu0] ep   285.7 it  42000 loss 0.00326 lr 3.00e-07 val PSNR 59.887 SSIM 0.9868 SAM 1.451 | best val 59.890 (3.96 h)\n"}
,{"stream_name":"stdout","time":14341.503319096,"data":"[gpu1] ep   646.3 it  95000 loss 0.00123 lr 1.00e-07 val PSNR 58.237 SSIM 0.9841 SAM 1.690 | best val 58.240 (3.97 h)\n"}
,{"stream_name":"stdout","time":14438.947928309,"data":"[gpu1] ep   650.7 it  95650 loss 0.00122 lr 1.00e-07 val PSNR 58.238 SSIM 0.9841 SAM 1.689 | best val 58.240 (4.00 h)\n"}
,{"stream_name":"stdout","time":14438.948852377,"data":"[gpu1] time budget reached at it 95650 (epoch 650.7); continue with --resume \u003cout\u003e/last.pt\n"}
,{"stream_name":"stdout","time":14439.775459845,"data":"[gpu0] ep   288.8 it  42450 loss 0.00323 lr 3.00e-07 val PSNR 59.887 SSIM 0.9868 SAM 1.451 | best val 59.890 (4.00 h)\n"}
,{"stream_name":"stdout","time":14439.776693465,"data":"[gpu0] time budget reached at it 42450 (epoch 288.8); continue with --resume \u003cout\u003e/last.pt\n"}
,{"stream_name":"stdout","time":14481.828133433,"data":"[gpu0] TEST: {'PSNR': 52.5677, 'PSNR_psrt': 51.7947, 'MPSNR_peak1': 53.265, 'SSIM': 0.9973, 'SSIM_psrt': 0.9973, 'SAM': 1.6531, 'ERGAS': 0.6608, 'RMSE_DN': 0.6451, 'CC': 0.9997, 'SCC': 0.9976, 'Q2n': 0.9742}\n"}
,{"stream_name":"stdout","time":14481.82930132,"data":"[gpu0] TEST (self-ensemble): {'PSNR': 52.6548, 'PSNR_psrt': 51.8818, 'MPSNR_peak1': 53.3427, 'SSIM': 0.9973, 'SSIM_psrt': 0.9973, 'SAM': 1.6412, 'ERGAS': 0.6544, 'RMSE_DN': 0.6382, 'CC': 0.9997, 'SCC': 0.9976, 'Q2n': 0.9743}\n"}
,{"stream_name":"stdout","time":14481.830204138,"data":"[gpu0] consistency: {'cons_H_dB': 70.15038566155172, 'cons_M_dB': 73.63262305196751} | self-ensemble: {'cons_H_dB': 70.34651756980438, 'cons_M_dB': 73.86292153403049}\n"}
,{"stream_name":"stdout","time":14485.733755822,"data":"[gpu0] END bench-cave-x4-puformer rc=0 after 4.02 h\n"}
,{"stream_name":"stdout","time":14507.014487873,"data":"[gpu1] TEST: {'PSNR': 50.9302, 'PSNR_psrt': 50.1572, 'MPSNR_peak1': 51.8522, 'SSIM': 0.9966, 'SSIM_psrt': 0.9967, 'SAM': 1.9553, 'ERGAS': 0.786, 'RMSE_DN': 0.7835, 'CC': 0.9996, 'SCC': 0.9966, 'Q2n': 0.9718}\n"}
,{"stream_name":"stdout","time":14507.015389199,"data":"[gpu1] TEST (self-ensemble): {'PSNR': 51.0087, 'PSNR_psrt': 50.2357, 'MPSNR_peak1': 51.9356, 'SSIM': 0.9966, 'SSIM_psrt': 0.9968, 'SAM': 1.9348, 'ERGAS': 0.7801, 'RMSE_DN': 0.7767, 'CC': 0.9996, 'SCC': 0.9966, 'Q2n': 0.9721}\n"}
,{"stream_name":"stdout","time":14507.016214066,"data":"[gpu1] consistency: {'cons_H_dB': 62.16617973702687, 'cons_M_dB': 71.36089403680522} | self-ensemble: {'cons_H_dB': 62.3150414248083, 'cons_M_dB': 72.17301727839566}\n"}
,{"stream_name":"stdout","time":14508.27002876,"data":"[gpu1] END bench-cave-x4-mimformer rc=0 after 4.03 h\n"}
,{"stream_name":"stdout","time":14520.577127192,"data":"[gpu0] nominal {'gsa': (42.3025, 4.6514, 46.093), 'fixed': (52.5677, 1.6531, 70.1501)}\n"}
,{"stream_name":"stdout","time":14541.816868344,"data":"[gpu0] sigma=1.5 {'gsa': (42.6185, 4.3956, 46.5081), 'fixed': (48.6563, 2.0459, 54.5832), 'swap': (52.3414, 1.6721, 69.4776)}\n"}
,{"stream_name":"stdout","time":14564.542589327,"data":"[gpu0] sigma=2.5 {'gsa': (42.0993, 4.7955, 45.8251), 'fixed': (50.9087, 1.798, 61.2145), 'swap': (52.4658, 1.6718, 69.8598)}\n"}
,{"stream_name":"stdout","time":14588.112966814,"data":"[gpu0] sigma=3.0 {'gsa': (41.9743, 4.8796, 45.6604), 'fixed': (49.3104, 1.9333, 58.0904), 'swap': (52.2885, 1.6965, 69.4938)}\n"}
,{"stream_name":"stdout","time":14609.93582487,"data":"[gpu0] srf_shift=-8nm {'gsa': (42.1249, 4.6789, 45.8839), 'fixed': (48.8272, 2.0922, 54.1521), 'swap': (51.4512, 1.8089, 66.0856)}\n"}
,{"stream_name":"stdout","time":14631.751628796,"data":"[gpu0] srf_shift=+8nm {'gsa': (42.2415, 4.7057, 45.93), 'fixed': (49.4832, 1.9954, 55.5261), 'swap': (51.9825, 1.7134, 67.2243)}\n"}
,{"stream_name":"stdout","time":14644.515688612,"data":"[gpu0] noise 40dB {'gsa': 41.8098, 'fixed': 47.3877}\n"}
,{"stream_name":"stdout","time":14657.562785171,"data":"[gpu0] noise 35dB {'gsa': 40.9649, 'fixed': 43.7574}\n"}
,{"stream_name":"stdout","time":14670.115118705,"data":"[gpu0] noise 30dB {'gsa': 39.2131, 'fixed': 39.5451}\n"}
,{"stream_name":"stdout","time":14671.444978947,"data":"472M\t/kaggle/working/out\n"}
,{"stream_name":"stdout","time":14671.453790929,"data":"bench-cave-x4-puformer             it  42450 9.75M val 59.890 | PSNR 52.568/52.655 SAM 1.653 ERGAS 0.661 SSIM 0.9973 RMSE 0.65 | cons {'cons_H_dB': 70.15038566155172, 'cons_M_dB': 73.63262305196751}\n"}
,{"stream_name":"stdout","time":14671.453815138,"data":"bench-cave-x4-mimformer            it  95650 16.24M val 58.240 | PSNR 50.930/51.009 SAM 1.955 ERGAS 0.786 SSIM 0.9966 RMSE 0.78 | cons {'cons_H_dB': 62.16617973702687, 'cons_M_dB': 71.36089403680522}\n"}
,{"stream_name":"stdout","time":14671.453821995,"data":"472M\t/kaggle/working/out\n"}
,{"stream_name":"stderr","time":14674.583124235,"data":"/usr/local/lib/python3.13/dist-packages/mistune.py:435: SyntaxWarning: invalid escape sequence '\\|'\n"}
,{"stream_name":"stderr","time":14674.583153409,"data":"  cells[i][c] = re.sub('\\\\\\\\\\|', '|', cell)\n"}
,{"stream_name":"stderr","time":14674.76711417,"data":"/usr/local/lib/python3.13/dist-packages/nbconvert/filters/filter_links.py:36: SyntaxWarning: invalid escape sequence '\\_'\n"}
,{"stream_name":"stderr","time":14674.767140236,"data":"  text = re.sub(r'_', '\\_', text) # Escape underscores in display text\n"}
,{"stream_name":"stderr","time":14675.527858037,"data":"[NbConvertApp] Converting notebook __notebook__.ipynb to notebook\n"}
,{"stream_name":"stderr","time":14675.62587015,"data":"[NbConvertApp] Writing 82400 bytes to __notebook__.ipynb\n"}
,{"stream_name":"stderr","time":14678.072705402,"data":"[NbConvertApp] Converting notebook __notebook__.ipynb to html\n"}
,{"stream_name":"stderr","time":14678.642698749,"data":"[NbConvertApp] Writing 385770 bytes to __results__.html\n"}
]