pavia x4: train [(92, 424, 715), (92, 512, 187)] test (4, 92, 256, 256) val (63, 92, 64, 64), 1.0 = 8000 DN  (3s)
puformer (reflect borders): 9.99M params on 1 x cuda; batch 8 x 1; epoch = 12 iters; eval every 1000 iters; deadline in 4.00 h; schedule by time
bicubic test: {'PSNR': 25.5166, 'PSNR_psrt': 25.1078, 'MPSNR_peak1': 25.8716, 'SSIM': 0.6282, 'SSIM_psrt': 0.6427, 'SAM': 6.5539, 'ERGAS': 9.8525, 'RMSE_DN': 436.3207, 'CC': 0.8174, 'SCC': 0.7526, 'Q2n': 0.6806}
GSA test: {'PSNR': 34.7757, 'PSNR_psrt': 34.3668, 'MPSNR_peak1': 35.1931, 'SSIM': 0.9438, 'SSIM_psrt': 0.945, 'SAM': 5.2291, 'ERGAS': 3.4939, 'RMSE_DN': 157.9259, 'CC': 0.9958, 'SCC': 0.9922, 'Q2n': 0.9276}
ep    83.3 it   1000 loss 0.03189 lr 3.00e-04 val PSNR 37.634 SSIM 0.9796 SAM 3.097 | best val 37.634 (0.11 h)
ep   166.7 it   2000 loss 0.01128 lr 2.98e-04 val PSNR 42.829 SSIM 0.9917 SAM 2.220 | best val 42.829 (0.20 h)
ep   250.0 it   3000 loss 0.00809 lr 2.96e-04 val PSNR 44.712 SSIM 0.9938 SAM 1.937 | best val 44.712 (0.30 h)
ep   333.3 it   4000 loss 0.00697 lr 2.93e-04 val PSNR 45.846 SSIM 0.9950 SAM 1.763 | best val 45.846 (0.39 h)
ep   416.7 it   5000 loss 0.00633 lr 2.90e-04 val PSNR 46.615 SSIM 0.9955 SAM 1.647 | best val 46.615 (0.48 h)
ep   500.0 it   6000 loss 0.00606 lr 2.85e-04 val PSNR 47.025 SSIM 0.9958 SAM 1.587 | best val 47.025 (0.58 h)
ep   583.3 it   7000 loss 0.00582 lr 2.80e-04 val PSNR 47.264 SSIM 0.9959 SAM 1.553 | best val 47.264 (0.67 h)
ep   666.7 it   8000 loss 0.00568 lr 2.74e-04 val PSNR 47.415 SSIM 0.9960 SAM 1.531 | best val 47.415 (0.77 h)
ep   750.0 it   9000 loss 0.00560 lr 2.67e-04 val PSNR 47.537 SSIM 0.9960 SAM 1.512 | best val 47.537 (0.86 h)
ep   833.3 it  10000 loss 0.00551 lr 2.60e-04 val PSNR 47.632 SSIM 0.9961 SAM 1.497 | best val 47.632 (0.95 h)
ep   916.7 it  11000 loss 0.00538 lr 2.52e-04 val PSNR 47.709 SSIM 0.9961 SAM 1.485 | best val 47.709 (1.05 h)
ep  1000.0 it  12000 loss 0.00545 lr 2.44e-04 val PSNR 47.774 SSIM 0.9962 SAM 1.476 | best val 47.774 (1.14 h)
ep  1083.3 it  13000 loss 0.00535 lr 2.35e-04 val PSNR 47.835 SSIM 0.9962 SAM 1.467 | best val 47.835 (1.24 h)
ep  1166.7 it  14000 loss 0.00530 lr 2.26e-04 val PSNR 47.899 SSIM 0.9962 SAM 1.459 | best val 47.899 (1.33 h)
ep  1250.0 it  15000 loss 0.00526 lr 2.16e-04 val PSNR 47.954 SSIM 0.9962 SAM 1.453 | best val 47.954 (1.42 h)
ep  1333.3 it  16000 loss 0.00518 lr 2.06e-04 val PSNR 48.000 SSIM 0.9963 SAM 1.448 | best val 48.000 (1.52 h)
ep  1416.7 it  17000 loss 0.00525 lr 1.95e-04 val PSNR 48.036 SSIM 0.9963 SAM 1.444 | best val 48.036 (1.61 h)
ep  1500.0 it  18000 loss 0.00508 lr 1.85e-04 val PSNR 48.064 SSIM 0.9963 SAM 1.440 | best val 48.064 (1.71 h)
ep  1583.3 it  19000 loss 0.00515 lr 1.74e-04 val PSNR 48.093 SSIM 0.9963 SAM 1.436 | best val 48.093 (1.80 h)
ep  1666.7 it  20000 loss 0.00516 lr 1.63e-04 val PSNR 48.114 SSIM 0.9963 SAM 1.433 | best val 48.114 (1.89 h)
ep  1750.0 it  21000 loss 0.00507 lr 1.52e-04 val PSNR 48.138 SSIM 0.9963 SAM 1.429 | best val 48.138 (1.99 h)
ep  1833.3 it  22000 loss 0.00521 lr 1.41e-04 val PSNR 48.158 SSIM 0.9963 SAM 1.426 | best val 48.158 (2.08 h)
ep  1916.7 it  23000 loss 0.00506 lr 1.30e-04 val PSNR 48.178 SSIM 0.9963 SAM 1.423 | best val 48.178 (2.18 h)
ep  2000.0 it  24000 loss 0.00513 lr 1.19e-04 val PSNR 48.195 SSIM 0.9964 SAM 1.420 | best val 48.195 (2.27 h)
ep  2083.3 it  25000 loss 0.00505 lr 1.08e-04 val PSNR 48.206 SSIM 0.9964 SAM 1.418 | best val 48.206 (2.36 h)
ep  2166.7 it  26000 loss 0.00509 lr 9.75e-05 val PSNR 48.220 SSIM 0.9964 SAM 1.416 | best val 48.220 (2.46 h)
ep  2250.0 it  27000 loss 0.00493 lr 8.73e-05 val PSNR 48.231 SSIM 0.9964 SAM 1.415 | best val 48.231 (2.55 h)
ep  2333.3 it  28000 loss 0.00510 lr 7.74e-05 val PSNR 48.241 SSIM 0.9964 SAM 1.414 | best val 48.241 (2.65 h)
ep  2416.7 it  29000 loss 0.00502 lr 6.79e-05 val PSNR 48.250 SSIM 0.9964 SAM 1.412 | best val 48.250 (2.74 h)
ep  2500.0 it  30000 loss 0.00502 lr 5.89e-05 val PSNR 48.257 SSIM 0.9964 SAM 1.411 | best val 48.257 (2.83 h)
ep  2583.3 it  31000 loss 0.00497 lr 5.03e-05 val PSNR 48.264 SSIM 0.9964 SAM 1.410 | best val 48.264 (2.93 h)
ep  2666.7 it  32000 loss 0.00506 lr 4.23e-05 val PSNR 48.270 SSIM 0.9964 SAM 1.409 | best val 48.270 (3.02 h)
ep  2750.0 it  33000 loss 0.00495 lr 3.49e-05 val PSNR 48.276 SSIM 0.9964 SAM 1.409 | best val 48.276 (3.12 h)
ep  2833.3 it  34000 loss 0.00493 lr 2.81e-05 val PSNR 48.279 SSIM 0.9964 SAM 1.408 | best val 48.279 (3.21 h)
ep  2916.7 it  35000 loss 0.00495 lr 2.20e-05 val PSNR 48.282 SSIM 0.9964 SAM 1.408 | best val 48.282 (3.30 h)
ep  3000.0 it  36000 loss 0.00497 lr 1.66e-05 val PSNR 48.285 SSIM 0.9964 SAM 1.408 | best val 48.285 (3.40 h)
ep  3083.3 it  37000 loss 0.00493 lr 1.19e-05 val PSNR 48.286 SSIM 0.9964 SAM 1.408 | best val 48.286 (3.49 h)
ep  3166.7 it  38000 loss 0.00495 lr 7.95e-06 val PSNR 48.288 SSIM 0.9964 SAM 1.407 | best val 48.288 (3.58 h)
ep  3250.0 it  39000 loss 0.00486 lr 4.78e-06 val PSNR 48.289 SSIM 0.9964 SAM 1.407 | best val 48.289 (3.68 h)
ep  3333.3 it  40000 loss 0.00487 lr 2.41e-06 val PSNR 48.289 SSIM 0.9964 SAM 1.407 | best val 48.289 (3.77 h)
ep  3416.7 it  41000 loss 0.00494 lr 8.36e-07 val PSNR 48.289 SSIM 0.9964 SAM 1.407 | best val 48.289 (3.87 h)
ep  3500.0 it  42000 loss 0.00491 lr 3.00e-07 val PSNR 48.289 SSIM 0.9964 SAM 1.407 | best val 48.289 (3.96 h)
ep  3537.5 it  42450 loss 0.00493 lr 3.00e-07 val PSNR 48.290 SSIM 0.9964 SAM 1.407 | best val 48.290 (4.00 h)
time budget reached at it 42450 (epoch 3537.5); continue with --resume <out>/last.pt
TEST: {'PSNR': 50.4578, 'PSNR_psrt': 50.049, 'MPSNR_peak1': 50.9203, 'SSIM': 0.9969, 'SSIM_psrt': 0.9973, 'SAM': 1.9279, 'ERGAS': 0.6315, 'RMSE_DN': 24.141, 'CC': 0.9994, 'SCC': 0.9995, 'Q2n': 0.9745}
TEST (self-ensemble): {'PSNR': 50.5196, 'PSNR_psrt': 50.1107, 'MPSNR_peak1': 50.9826, 'SSIM': 0.9969, 'SSIM_psrt': 0.9973, 'SAM': 1.9184, 'ERGAS': 0.628, 'RMSE_DN': 23.9727, 'CC': 0.9994, 'SCC': 0.9995, 'Q2n': 0.9745}
consistency: {'cons_H_dB': 68.90723918323945, 'cons_M_dB': 73.29031382717723} | self-ensemble: {'cons_H_dB': 69.10414650174584, 'cons_M_dB': 73.99204975539726}
