chikusei x8: train (128, 1632, 2048) test (8, 128, 256, 256) val (64, 128, 64, 64), 1.0 = 15133 DN  (1s)
[external] psrt: https://github.com/Deng-shangqi/PSRT @ 9c2be904f901d4b6e2991413adea753d94be73fd
/usr/local/lib/python3.13/dist-packages/timm/models/layers/__init__.py:49: FutureWarning: Importing from timm.models.layers is deprecated, please import via timm.layers
  warnings.warn(f"Importing from {__name__} is deprecated, please import via timm.layers", FutureWarning)
psrt (reflect borders): 0.30M params on 1 x cuda; batch 8 x 1; epoch = 102 iters; eval every 1000 iters; deadline in 4.00 h; schedule by time
bicubic test: {'PSNR': 31.1993, 'PSNR_psrt': 25.7649, 'MPSNR_peak1': 32.8164, 'SSIM': 0.6503, 'SSIM_psrt': 0.7945, 'SAM': 6.127, 'ERGAS': 5.9804, 'RMSE_DN': 425.2727, 'CC': 0.7034, 'SCC': 0.6287, 'Q2n': 0.4389}
GSA test: {'PSNR': 38.6889, 'PSNR_psrt': 33.2545, 'MPSNR_peak1': 40.2864, 'SSIM': 0.9524, 'SSIM_psrt': 0.968, 'SAM': 3.9719, 'ERGAS': 2.5715, 'RMSE_DN': 180.2865, 'CC': 0.9847, 'SCC': 0.9839, 'Q2n': 0.9069}
ep     9.8 it   1000 loss 0.27508 lr 1.00e-04 val PSNR 33.085 SSIM 0.6430 SAM 9.428 | best val 33.085 (0.07 h)
ep    19.6 it   2000 loss 0.00924 lr 9.98e-05 val PSNR 40.083 SSIM 0.9051 SAM 4.205 | best val 40.083 (0.14 h)
ep    29.4 it   3000 loss 0.00538 lr 9.94e-05 val PSNR 43.138 SSIM 0.9458 SAM 3.186 | best val 43.138 (0.20 h)
ep    39.2 it   4000 loss 0.00425 lr 9.90e-05 val PSNR 44.922 SSIM 0.9619 SAM 2.682 | best val 44.922 (0.26 h)
ep    49.0 it   5000 loss 0.00357 lr 9.85e-05 val PSNR 46.189 SSIM 0.9697 SAM 2.389 | best val 46.189 (0.33 h)
ep    58.8 it   6000 loss 0.00315 lr 9.78e-05 val PSNR 47.109 SSIM 0.9741 SAM 2.206 | best val 47.109 (0.39 h)
ep    68.6 it   7000 loss 0.00291 lr 9.70e-05 val PSNR 47.775 SSIM 0.9769 SAM 2.086 | best val 47.775 (0.45 h)
ep    78.4 it   8000 loss 0.00271 lr 9.61e-05 val PSNR 48.295 SSIM 0.9788 SAM 1.994 | best val 48.295 (0.52 h)
ep    88.2 it   9000 loss 0.00256 lr 9.51e-05 val PSNR 48.726 SSIM 0.9803 SAM 1.918 | best val 48.726 (0.58 h)
ep    98.0 it  10000 loss 0.00250 lr 9.39e-05 val PSNR 49.083 SSIM 0.9815 SAM 1.853 | best val 49.083 (0.64 h)
ep   107.8 it  11000 loss 0.00231 lr 9.27e-05 val PSNR 49.408 SSIM 0.9826 SAM 1.794 | best val 49.408 (0.71 h)
ep   117.6 it  12000 loss 0.00220 lr 9.13e-05 val PSNR 49.744 SSIM 0.9836 SAM 1.736 | best val 49.744 (0.77 h)
ep   127.5 it  13000 loss 0.00216 lr 8.99e-05 val PSNR 50.038 SSIM 0.9843 SAM 1.686 | best val 50.038 (0.83 h)
ep   137.3 it  14000 loss 0.00207 lr 8.83e-05 val PSNR 50.279 SSIM 0.9850 SAM 1.645 | best val 50.279 (0.90 h)
ep   147.1 it  15000 loss 0.00201 lr 8.67e-05 val PSNR 50.509 SSIM 0.9855 SAM 1.608 | best val 50.509 (0.96 h)
ep   156.9 it  16000 loss 0.00195 lr 8.49e-05 val PSNR 50.751 SSIM 0.9860 SAM 1.575 | best val 50.751 (1.02 h)
ep   166.7 it  17000 loss 0.00187 lr 8.31e-05 val PSNR 50.941 SSIM 0.9864 SAM 1.546 | best val 50.941 (1.09 h)
ep   176.5 it  18000 loss 0.00186 lr 8.12e-05 val PSNR 51.113 SSIM 0.9868 SAM 1.521 | best val 51.113 (1.15 h)
ep   186.3 it  19000 loss 0.00180 lr 7.92e-05 val PSNR 51.306 SSIM 0.9871 SAM 1.496 | best val 51.306 (1.21 h)
ep   196.1 it  20000 loss 0.00175 lr 7.72e-05 val PSNR 51.476 SSIM 0.9875 SAM 1.473 | best val 51.476 (1.27 h)
ep   205.9 it  21000 loss 0.00171 lr 7.50e-05 val PSNR 51.637 SSIM 0.9878 SAM 1.450 | best val 51.637 (1.34 h)
ep   215.7 it  22000 loss 0.00167 lr 7.29e-05 val PSNR 51.784 SSIM 0.9880 SAM 1.429 | best val 51.784 (1.40 h)
ep   225.5 it  23000 loss 0.00163 lr 7.06e-05 val PSNR 51.930 SSIM 0.9883 SAM 1.408 | best val 51.930 (1.46 h)
ep   235.3 it  24000 loss 0.00161 lr 6.83e-05 val PSNR 52.074 SSIM 0.9885 SAM 1.389 | best val 52.074 (1.53 h)
ep   245.1 it  25000 loss 0.00156 lr 6.60e-05 val PSNR 52.208 SSIM 0.9887 SAM 1.371 | best val 52.208 (1.59 h)
ep   254.9 it  26000 loss 0.00154 lr 6.36e-05 val PSNR 52.327 SSIM 0.9889 SAM 1.356 | best val 52.327 (1.65 h)
ep   264.7 it  27000 loss 0.00150 lr 6.12e-05 val PSNR 52.456 SSIM 0.9891 SAM 1.340 | best val 52.456 (1.72 h)
ep   274.5 it  28000 loss 0.00148 lr 5.87e-05 val PSNR 52.572 SSIM 0.9893 SAM 1.326 | best val 52.572 (1.78 h)
ep   284.3 it  29000 loss 0.00145 lr 5.63e-05 val PSNR 52.679 SSIM 0.9895 SAM 1.312 | best val 52.679 (1.84 h)
ep   294.1 it  30000 loss 0.00142 lr 5.38e-05 val PSNR 52.770 SSIM 0.9896 SAM 1.299 | best val 52.770 (1.91 h)
ep   303.9 it  31000 loss 0.00140 lr 5.13e-05 val PSNR 52.858 SSIM 0.9897 SAM 1.287 | best val 52.858 (1.97 h)
ep   313.7 it  32000 loss 0.00138 lr 4.88e-05 val PSNR 52.938 SSIM 0.9899 SAM 1.276 | best val 52.938 (2.03 h)
ep   323.5 it  33000 loss 0.00135 lr 4.63e-05 val PSNR 53.022 SSIM 0.9900 SAM 1.264 | best val 53.022 (2.10 h)
ep   333.3 it  34000 loss 0.00133 lr 4.39e-05 val PSNR 53.092 SSIM 0.9901 SAM 1.255 | best val 53.092 (2.16 h)
ep   343.1 it  35000 loss 0.00131 lr 4.14e-05 val PSNR 53.165 SSIM 0.9902 SAM 1.246 | best val 53.165 (2.22 h)
ep   352.9 it  36000 loss 0.00128 lr 3.90e-05 val PSNR 53.231 SSIM 0.9903 SAM 1.237 | best val 53.231 (2.29 h)
ep   362.7 it  37000 loss 0.00127 lr 3.65e-05 val PSNR 53.295 SSIM 0.9904 SAM 1.229 | best val 53.295 (2.35 h)
ep   372.5 it  38000 loss 0.00126 lr 3.42e-05 val PSNR 53.352 SSIM 0.9904 SAM 1.222 | best val 53.352 (2.41 h)
ep   382.4 it  39000 loss 0.00124 lr 3.18e-05 val PSNR 53.402 SSIM 0.9905 SAM 1.215 | best val 53.402 (2.48 h)
ep   392.2 it  40000 loss 0.00123 lr 2.95e-05 val PSNR 53.460 SSIM 0.9906 SAM 1.209 | best val 53.460 (2.54 h)
ep   402.0 it  41000 loss 0.00122 lr 2.73e-05 val PSNR 53.510 SSIM 0.9906 SAM 1.203 | best val 53.510 (2.60 h)
ep   411.8 it  42000 loss 0.00120 lr 2.51e-05 val PSNR 53.552 SSIM 0.9907 SAM 1.198 | best val 53.552 (2.67 h)
ep   421.6 it  43000 loss 0.00118 lr 2.30e-05 val PSNR 53.588 SSIM 0.9907 SAM 1.193 | best val 53.588 (2.73 h)
ep   431.4 it  44000 loss 0.00118 lr 2.09e-05 val PSNR 53.630 SSIM 0.9908 SAM 1.188 | best val 53.630 (2.79 h)
ep   441.2 it  45000 loss 0.00116 lr 1.89e-05 val PSNR 53.669 SSIM 0.9908 SAM 1.183 | best val 53.669 (2.86 h)
ep   451.0 it  46000 loss 0.00116 lr 1.70e-05 val PSNR 53.709 SSIM 0.9908 SAM 1.179 | best val 53.709 (2.92 h)
ep   460.8 it  47000 loss 0.00115 lr 1.52e-05 val PSNR 53.747 SSIM 0.9909 SAM 1.176 | best val 53.747 (2.98 h)
ep   470.6 it  48000 loss 0.00114 lr 1.34e-05 val PSNR 53.779 SSIM 0.9909 SAM 1.172 | best val 53.779 (3.05 h)
ep   480.4 it  49000 loss 0.00113 lr 1.18e-05 val PSNR 53.806 SSIM 0.9909 SAM 1.169 | best val 53.806 (3.11 h)
ep   490.2 it  50000 loss 0.00112 lr 1.02e-05 val PSNR 53.831 SSIM 0.9910 SAM 1.166 | best val 53.831 (3.17 h)
ep   500.0 it  51000 loss 0.00112 lr 8.76e-06 val PSNR 53.855 SSIM 0.9910 SAM 1.164 | best val 53.855 (3.24 h)
ep   509.8 it  52000 loss 0.00111 lr 7.40e-06 val PSNR 53.873 SSIM 0.9910 SAM 1.162 | best val 53.873 (3.30 h)
ep   519.6 it  53000 loss 0.00110 lr 6.15e-06 val PSNR 53.889 SSIM 0.9910 SAM 1.160 | best val 53.889 (3.36 h)
ep   529.4 it  54000 loss 0.00110 lr 5.01e-06 val PSNR 53.904 SSIM 0.9910 SAM 1.158 | best val 53.904 (3.43 h)
ep   539.2 it  55000 loss 0.00110 lr 3.98e-06 val PSNR 53.917 SSIM 0.9910 SAM 1.157 | best val 53.917 (3.49 h)
ep   549.0 it  56000 loss 0.00109 lr 3.06e-06 val PSNR 53.929 SSIM 0.9911 SAM 1.156 | best val 53.929 (3.55 h)
ep   558.8 it  57000 loss 0.00109 lr 2.26e-06 val PSNR 53.938 SSIM 0.9911 SAM 1.155 | best val 53.938 (3.62 h)
ep   568.6 it  58000 loss 0.00109 lr 1.58e-06 val PSNR 53.946 SSIM 0.9911 SAM 1.154 | best val 53.946 (3.68 h)
ep   578.4 it  59000 loss 0.00109 lr 1.02e-06 val PSNR 53.952 SSIM 0.9911 SAM 1.153 | best val 53.952 (3.74 h)
ep   588.2 it  60000 loss 0.00109 lr 5.78e-07 val PSNR 53.957 SSIM 0.9911 SAM 1.153 | best val 53.957 (3.81 h)
ep   598.0 it  61000 loss 0.00108 lr 2.62e-07 val PSNR 53.959 SSIM 0.9911 SAM 1.152 | best val 53.959 (3.87 h)
ep   607.8 it  62000 loss 0.00108 lr 1.00e-07 val PSNR 53.961 SSIM 0.9911 SAM 1.152 | best val 53.961 (3.93 h)
ep   617.6 it  63000 loss 0.00108 lr 1.00e-07 val PSNR 53.962 SSIM 0.9911 SAM 1.152 | best val 53.962 (4.00 h)
ep   618.6 it  63100 loss 0.00108 lr 1.00e-07 val PSNR 53.962 SSIM 0.9911 SAM 1.152 | best val 53.962 (4.00 h)
time budget reached at it 63100 (epoch 618.6); continue with --resume <out>/last.pt
TEST: {'PSNR': 53.0518, 'PSNR_psrt': 47.6174, 'MPSNR_peak1': 55.8407, 'SSIM': 0.9941, 'SSIM_psrt': 0.9975, 'SAM': 1.172, 'ERGAS': 1.0042, 'RMSE_DN': 33.9505, 'CC': 0.9927, 'SCC': 0.9979, 'Q2n': 0.9863}
TEST (self-ensemble): {'PSNR': 53.1444, 'PSNR_psrt': 47.7101, 'MPSNR_peak1': 56.0306, 'SSIM': 0.9942, 'SSIM_psrt': 0.9976, 'SAM': 1.1624, 'ERGAS': 0.9986, 'RMSE_DN': 33.5635, 'CC': 0.9927, 'SCC': 0.9979, 'Q2n': 0.9865}
consistency: {'cons_H_dB': 64.4828499387882, 'cons_M_dB': 60.328982148191955} | self-ensemble: {'cons_H_dB': 64.49536529779809, 'cons_M_dB': 60.513063481293536}
