pavia x4: train [(92, 424, 715), (92, 512, 187)] test (4, 92, 256, 256) val (63, 92, 64, 64), 1.0 = 8000 DN  (4s)
[external] psrt: https://github.com/Deng-shangqi/PSRT @ 9c2be904f901d4b6e2991413adea753d94be73fd
/usr/local/lib/python3.13/dist-packages/timm/models/layers/__init__.py:49: FutureWarning: Importing from timm.models.layers is deprecated, please import via timm.layers
  warnings.warn(f"Importing from {__name__} is deprecated, please import via timm.layers", FutureWarning)
psrt (reflect borders): 0.28M params on 1 x cuda; batch 8 x 1; epoch = 12 iters; eval every 1000 iters; deadline in 4.00 h; schedule by time
bicubic test: {'PSNR': 25.5166, 'PSNR_psrt': 25.1078, 'MPSNR_peak1': 25.8716, 'SSIM': 0.6282, 'SSIM_psrt': 0.6427, 'SAM': 6.5539, 'ERGAS': 9.8525, 'RMSE_DN': 436.3207, 'CC': 0.8174, 'SCC': 0.7526, 'Q2n': 0.6806}
GSA test: {'PSNR': 34.7757, 'PSNR_psrt': 34.3668, 'MPSNR_peak1': 35.1931, 'SSIM': 0.9438, 'SSIM_psrt': 0.945, 'SAM': 5.2291, 'ERGAS': 3.4939, 'RMSE_DN': 157.9259, 'CC': 0.9958, 'SCC': 0.9922, 'Q2n': 0.9276}
ep    83.3 it   1000 loss 0.39007 lr 1.00e-04 val PSNR 26.088 SSIM 0.7234 SAM 11.639 | best val 26.088 (0.07 h)
ep   166.7 it   2000 loss 0.01450 lr 9.98e-05 val PSNR 34.181 SSIM 0.9482 SAM 5.147 | best val 34.181 (0.13 h)
ep   250.0 it   3000 loss 0.00865 lr 9.95e-05 val PSNR 36.801 SSIM 0.9691 SAM 4.058 | best val 36.801 (0.19 h)
ep   333.3 it   4000 loss 0.00692 lr 9.91e-05 val PSNR 38.650 SSIM 0.9779 SAM 3.487 | best val 38.650 (0.25 h)
ep   416.7 it   5000 loss 0.00582 lr 9.86e-05 val PSNR 39.995 SSIM 0.9830 SAM 3.119 | best val 39.995 (0.31 h)
ep   500.0 it   6000 loss 0.00530 lr 9.79e-05 val PSNR 40.799 SSIM 0.9854 SAM 2.919 | best val 40.799 (0.37 h)
ep   583.3 it   7000 loss 0.00493 lr 9.72e-05 val PSNR 41.362 SSIM 0.9868 SAM 2.782 | best val 41.362 (0.44 h)
ep   666.7 it   8000 loss 0.00467 lr 9.63e-05 val PSNR 41.833 SSIM 0.9880 SAM 2.670 | best val 41.833 (0.50 h)
ep   750.0 it   9000 loss 0.00442 lr 9.54e-05 val PSNR 42.306 SSIM 0.9891 SAM 2.562 | best val 42.306 (0.56 h)
ep   833.3 it  10000 loss 0.00424 lr 9.43e-05 val PSNR 42.678 SSIM 0.9899 SAM 2.485 | best val 42.678 (0.62 h)
ep   916.7 it  11000 loss 0.00408 lr 9.31e-05 val PSNR 43.010 SSIM 0.9906 SAM 2.418 | best val 43.010 (0.68 h)
ep  1000.0 it  12000 loss 0.00395 lr 9.19e-05 val PSNR 43.275 SSIM 0.9911 SAM 2.367 | best val 43.275 (0.74 h)
ep  1083.3 it  13000 loss 0.00386 lr 9.05e-05 val PSNR 43.487 SSIM 0.9915 SAM 2.327 | best val 43.487 (0.80 h)
ep  1166.7 it  14000 loss 0.00373 lr 8.91e-05 val PSNR 43.685 SSIM 0.9918 SAM 2.290 | best val 43.685 (0.86 h)
ep  1250.0 it  15000 loss 0.00365 lr 8.75e-05 val PSNR 43.834 SSIM 0.9920 SAM 2.262 | best val 43.834 (0.93 h)
ep  1333.3 it  16000 loss 0.00358 lr 8.59e-05 val PSNR 43.992 SSIM 0.9923 SAM 2.231 | best val 43.992 (0.99 h)
ep  1416.7 it  17000 loss 0.00353 lr 8.41e-05 val PSNR 44.117 SSIM 0.9925 SAM 2.206 | best val 44.117 (1.05 h)
ep  1500.0 it  18000 loss 0.00348 lr 8.23e-05 val PSNR 44.234 SSIM 0.9927 SAM 2.183 | best val 44.234 (1.11 h)
ep  1583.3 it  19000 loss 0.00341 lr 8.05e-05 val PSNR 44.367 SSIM 0.9928 SAM 2.156 | best val 44.367 (1.17 h)
ep  1666.7 it  20000 loss 0.00335 lr 7.85e-05 val PSNR 44.491 SSIM 0.9930 SAM 2.130 | best val 44.491 (1.23 h)
ep  1750.0 it  21000 loss 0.00332 lr 7.65e-05 val PSNR 44.576 SSIM 0.9931 SAM 2.113 | best val 44.576 (1.29 h)
ep  1833.3 it  22000 loss 0.00327 lr 7.44e-05 val PSNR 44.645 SSIM 0.9932 SAM 2.099 | best val 44.645 (1.35 h)
ep  1916.7 it  23000 loss 0.00324 lr 7.23e-05 val PSNR 44.727 SSIM 0.9933 SAM 2.081 | best val 44.727 (1.42 h)
ep  2000.0 it  24000 loss 0.00321 lr 7.01e-05 val PSNR 44.797 SSIM 0.9934 SAM 2.067 | best val 44.797 (1.48 h)
ep  2083.3 it  25000 loss 0.00316 lr 6.79e-05 val PSNR 44.883 SSIM 0.9935 SAM 2.048 | best val 44.883 (1.54 h)
ep  2166.7 it  26000 loss 0.00312 lr 6.56e-05 val PSNR 44.951 SSIM 0.9936 SAM 2.033 | best val 44.951 (1.60 h)
ep  2250.0 it  27000 loss 0.00311 lr 6.33e-05 val PSNR 45.015 SSIM 0.9937 SAM 2.019 | best val 45.015 (1.66 h)
ep  2333.3 it  28000 loss 0.00305 lr 6.10e-05 val PSNR 45.083 SSIM 0.9938 SAM 2.004 | best val 45.083 (1.72 h)
ep  2416.7 it  29000 loss 0.00303 lr 5.86e-05 val PSNR 45.140 SSIM 0.9938 SAM 1.992 | best val 45.140 (1.78 h)
ep  2500.0 it  30000 loss 0.00302 lr 5.62e-05 val PSNR 45.199 SSIM 0.9939 SAM 1.978 | best val 45.199 (1.85 h)
ep  2583.3 it  31000 loss 0.00296 lr 5.38e-05 val PSNR 45.263 SSIM 0.9940 SAM 1.965 | best val 45.263 (1.91 h)
ep  2666.7 it  32000 loss 0.00295 lr 5.14e-05 val PSNR 45.321 SSIM 0.9941 SAM 1.951 | best val 45.321 (1.97 h)
ep  2750.0 it  33000 loss 0.00292 lr 4.90e-05 val PSNR 45.380 SSIM 0.9941 SAM 1.937 | best val 45.380 (2.03 h)
ep  2833.3 it  34000 loss 0.00289 lr 4.66e-05 val PSNR 45.429 SSIM 0.9942 SAM 1.926 | best val 45.429 (2.09 h)
ep  2916.7 it  35000 loss 0.00288 lr 4.42e-05 val PSNR 45.485 SSIM 0.9943 SAM 1.914 | best val 45.485 (2.15 h)
ep  3000.0 it  36000 loss 0.00286 lr 4.18e-05 val PSNR 45.519 SSIM 0.9943 SAM 1.906 | best val 45.519 (2.21 h)
ep  3083.3 it  37000 loss 0.00283 lr 3.94e-05 val PSNR 45.566 SSIM 0.9944 SAM 1.895 | best val 45.566 (2.27 h)
ep  3166.7 it  38000 loss 0.00282 lr 3.71e-05 val PSNR 45.603 SSIM 0.9944 SAM 1.886 | best val 45.603 (2.34 h)
ep  3250.0 it  39000 loss 0.00279 lr 3.48e-05 val PSNR 45.650 SSIM 0.9944 SAM 1.876 | best val 45.650 (2.40 h)
ep  3333.3 it  40000 loss 0.00278 lr 3.25e-05 val PSNR 45.684 SSIM 0.9945 SAM 1.868 | best val 45.684 (2.46 h)
ep  3416.7 it  41000 loss 0.00277 lr 3.03e-05 val PSNR 45.702 SSIM 0.9945 SAM 1.864 | best val 45.702 (2.52 h)
ep  3500.0 it  42000 loss 0.00275 lr 2.81e-05 val PSNR 45.731 SSIM 0.9945 SAM 1.857 | best val 45.731 (2.58 h)
ep  3583.3 it  43000 loss 0.00274 lr 2.59e-05 val PSNR 45.765 SSIM 0.9946 SAM 1.850 | best val 45.765 (2.64 h)
ep  3666.7 it  44000 loss 0.00273 lr 2.38e-05 val PSNR 45.798 SSIM 0.9946 SAM 1.842 | best val 45.798 (2.70 h)
ep  3750.0 it  45000 loss 0.00273 lr 2.18e-05 val PSNR 45.822 SSIM 0.9946 SAM 1.837 | best val 45.822 (2.77 h)
ep  3833.3 it  46000 loss 0.00272 lr 1.98e-05 val PSNR 45.842 SSIM 0.9947 SAM 1.833 | best val 45.842 (2.83 h)
ep  3916.7 it  47000 loss 0.00270 lr 1.80e-05 val PSNR 45.873 SSIM 0.9947 SAM 1.826 | best val 45.873 (2.89 h)
ep  4000.0 it  48000 loss 0.00268 lr 1.61e-05 val PSNR 45.893 SSIM 0.9947 SAM 1.821 | best val 45.893 (2.95 h)
ep  4083.3 it  49000 loss 0.00268 lr 1.44e-05 val PSNR 45.909 SSIM 0.9947 SAM 1.818 | best val 45.909 (3.01 h)
ep  4166.7 it  50000 loss 0.00268 lr 1.28e-05 val PSNR 45.922 SSIM 0.9947 SAM 1.815 | best val 45.922 (3.07 h)
ep  4250.0 it  51000 loss 0.00266 lr 1.12e-05 val PSNR 45.946 SSIM 0.9948 SAM 1.810 | best val 45.946 (3.13 h)
ep  4333.3 it  52000 loss 0.00266 lr 9.72e-06 val PSNR 45.953 SSIM 0.9948 SAM 1.808 | best val 45.953 (3.19 h)
ep  4416.7 it  53000 loss 0.00265 lr 8.34e-06 val PSNR 45.974 SSIM 0.9948 SAM 1.804 | best val 45.974 (3.26 h)
ep  4500.0 it  54000 loss 0.00265 lr 7.06e-06 val PSNR 45.983 SSIM 0.9948 SAM 1.802 | best val 45.983 (3.32 h)
ep  4583.3 it  55000 loss 0.00264 lr 5.88e-06 val PSNR 45.998 SSIM 0.9948 SAM 1.799 | best val 45.998 (3.38 h)
ep  4666.7 it  56000 loss 0.00264 lr 4.79e-06 val PSNR 46.009 SSIM 0.9948 SAM 1.797 | best val 46.009 (3.44 h)
ep  4750.0 it  57000 loss 0.00264 lr 3.82e-06 val PSNR 46.016 SSIM 0.9948 SAM 1.795 | best val 46.016 (3.50 h)
ep  4833.3 it  58000 loss 0.00262 lr 2.95e-06 val PSNR 46.029 SSIM 0.9948 SAM 1.792 | best val 46.029 (3.56 h)
ep  4916.7 it  59000 loss 0.00263 lr 2.19e-06 val PSNR 46.034 SSIM 0.9948 SAM 1.791 | best val 46.034 (3.62 h)
ep  5000.0 it  60000 loss 0.00263 lr 1.54e-06 val PSNR 46.039 SSIM 0.9948 SAM 1.790 | best val 46.039 (3.68 h)
ep  5083.3 it  61000 loss 0.00264 lr 1.00e-06 val PSNR 46.045 SSIM 0.9948 SAM 1.789 | best val 46.045 (3.75 h)
ep  5166.7 it  62000 loss 0.00263 lr 5.78e-07 val PSNR 46.043 SSIM 0.9948 SAM 1.789 | best val 46.045 (3.81 h)
ep  5250.0 it  63000 loss 0.00262 lr 2.70e-07 val PSNR 46.046 SSIM 0.9948 SAM 1.788 | best val 46.046 (3.87 h)
ep  5333.3 it  64000 loss 0.00263 lr 1.00e-07 val PSNR 46.049 SSIM 0.9948 SAM 1.788 | best val 46.049 (3.93 h)
ep  5416.7 it  65000 loss 0.00262 lr 1.00e-07 val PSNR 46.050 SSIM 0.9948 SAM 1.787 | best val 46.050 (3.99 h)
ep  5433.3 it  65200 loss 0.00263 lr 1.00e-07 val PSNR 46.050 SSIM 0.9948 SAM 1.787 | best val 46.050 (4.00 h)
time budget reached at it 65200 (epoch 5433.3); continue with --resume <out>/last.pt
TEST: {'PSNR': 47.8742, 'PSNR_psrt': 47.4653, 'MPSNR_peak1': 48.6096, 'SSIM': 0.9958, 'SSIM_psrt': 0.9963, 'SAM': 2.212, 'ERGAS': 0.8006, 'RMSE_DN': 32.5984, 'CC': 0.999, 'SCC': 0.9989, 'Q2n': 0.9716}
TEST (self-ensemble): {'PSNR': 47.9268, 'PSNR_psrt': 47.5179, 'MPSNR_peak1': 48.6701, 'SSIM': 0.9959, 'SSIM_psrt': 0.9963, 'SAM': 2.2051, 'ERGAS': 0.7956, 'RMSE_DN': 32.3955, 'CC': 0.999, 'SCC': 0.9989, 'Q2n': 0.9716}
consistency: {'cons_H_dB': 61.405836655477735, 'cons_M_dB': 58.301765830642836} | self-ensemble: {'cons_H_dB': 61.495824467165306, 'cons_M_dB': 58.56604456345538}
