pavia x4: train [(92, 424, 715), (92, 512, 187)] test (4, 92, 256, 256) val (63, 92, 64, 64), 1.0 = 8000 DN  (2s)
puformer (zeros borders): 9.99M params on 1 x cuda; batch 8 x 1; epoch = 12 iters; eval every 1000 iters; deadline in 4.00 h; schedule by time
bicubic test: {'PSNR': 25.5166, 'PSNR_psrt': 25.1078, 'MPSNR_peak1': 25.8716, 'SSIM': 0.6282, 'SSIM_psrt': 0.6427, 'SAM': 6.5539, 'ERGAS': 9.8525, 'RMSE_DN': 436.3207, 'CC': 0.8174, 'SCC': 0.7526, 'Q2n': 0.6806}
GSA test: {'PSNR': 34.7757, 'PSNR_psrt': 34.3668, 'MPSNR_peak1': 35.1931, 'SSIM': 0.9438, 'SSIM_psrt': 0.945, 'SAM': 5.2291, 'ERGAS': 3.4939, 'RMSE_DN': 157.9259, 'CC': 0.9958, 'SCC': 0.9922, 'Q2n': 0.9276}
ep    83.3 it   1000 loss 0.01978 lr 3.00e-04 val PSNR 41.116 SSIM 0.9911 SAM 2.352 | best val 41.116 (0.11 h)
ep   166.7 it   2000 loss 0.00745 lr 2.98e-04 val PSNR 45.052 SSIM 0.9945 SAM 1.851 | best val 45.052 (0.21 h)
ep   250.0 it   3000 loss 0.00640 lr 2.96e-04 val PSNR 46.140 SSIM 0.9954 SAM 1.699 | best val 46.140 (0.30 h)
ep   333.3 it   4000 loss 0.00601 lr 2.93e-04 val PSNR 46.676 SSIM 0.9957 SAM 1.621 | best val 46.676 (0.40 h)
ep   416.7 it   5000 loss 0.00562 lr 2.89e-04 val PSNR 47.203 SSIM 0.9960 SAM 1.547 | best val 47.203 (0.49 h)
ep   500.0 it   6000 loss 0.00559 lr 2.84e-04 val PSNR 47.456 SSIM 0.9961 SAM 1.514 | best val 47.456 (0.59 h)
ep   583.3 it   7000 loss 0.00543 lr 2.79e-04 val PSNR 47.616 SSIM 0.9961 SAM 1.492 | best val 47.616 (0.69 h)
ep   666.7 it   8000 loss 0.00542 lr 2.73e-04 val PSNR 47.721 SSIM 0.9962 SAM 1.479 | best val 47.721 (0.78 h)
ep   750.0 it   9000 loss 0.00532 lr 2.66e-04 val PSNR 47.811 SSIM 0.9962 SAM 1.466 | best val 47.811 (0.88 h)
ep   833.3 it  10000 loss 0.00529 lr 2.58e-04 val PSNR 47.886 SSIM 0.9963 SAM 1.457 | best val 47.886 (0.98 h)
ep   916.7 it  11000 loss 0.00530 lr 2.50e-04 val PSNR 47.950 SSIM 0.9963 SAM 1.448 | best val 47.950 (1.07 h)
ep  1000.0 it  12000 loss 0.00518 lr 2.41e-04 val PSNR 48.008 SSIM 0.9963 SAM 1.440 | best val 48.008 (1.17 h)
ep  1083.3 it  13000 loss 0.00514 lr 2.32e-04 val PSNR 48.052 SSIM 0.9963 SAM 1.434 | best val 48.052 (1.26 h)
ep  1166.7 it  14000 loss 0.00505 lr 2.22e-04 val PSNR 48.098 SSIM 0.9963 SAM 1.428 | best val 48.098 (1.36 h)
ep  1250.0 it  15000 loss 0.00509 lr 2.12e-04 val PSNR 48.133 SSIM 0.9964 SAM 1.424 | best val 48.133 (1.46 h)
ep  1333.3 it  16000 loss 0.00513 lr 2.02e-04 val PSNR 48.168 SSIM 0.9964 SAM 1.420 | best val 48.168 (1.55 h)
ep  1416.7 it  17000 loss 0.00503 lr 1.91e-04 val PSNR 48.201 SSIM 0.9964 SAM 1.416 | best val 48.201 (1.65 h)
ep  1500.0 it  18000 loss 0.00521 lr 1.80e-04 val PSNR 48.230 SSIM 0.9964 SAM 1.413 | best val 48.230 (1.75 h)
ep  1583.3 it  19000 loss 0.00503 lr 1.69e-04 val PSNR 48.246 SSIM 0.9964 SAM 1.411 | best val 48.246 (1.84 h)
ep  1666.7 it  20000 loss 0.00498 lr 1.58e-04 val PSNR 48.262 SSIM 0.9964 SAM 1.409 | best val 48.262 (1.94 h)
ep  1750.0 it  21000 loss 0.00508 lr 1.46e-04 val PSNR 48.275 SSIM 0.9964 SAM 1.407 | best val 48.275 (2.03 h)
ep  1833.3 it  22000 loss 0.00496 lr 1.35e-04 val PSNR 48.283 SSIM 0.9964 SAM 1.406 | best val 48.283 (2.13 h)
ep  1916.7 it  23000 loss 0.00501 lr 1.24e-04 val PSNR 48.295 SSIM 0.9964 SAM 1.404 | best val 48.295 (2.23 h)
ep  2000.0 it  24000 loss 0.00502 lr 1.13e-04 val PSNR 48.302 SSIM 0.9964 SAM 1.403 | best val 48.302 (2.32 h)
ep  2083.3 it  25000 loss 0.00488 lr 1.02e-04 val PSNR 48.310 SSIM 0.9964 SAM 1.402 | best val 48.310 (2.42 h)
ep  2166.7 it  26000 loss 0.00503 lr 9.11e-05 val PSNR 48.318 SSIM 0.9964 SAM 1.401 | best val 48.318 (2.52 h)
ep  2250.0 it  27000 loss 0.00497 lr 8.09e-05 val PSNR 48.327 SSIM 0.9964 SAM 1.401 | best val 48.327 (2.61 h)
ep  2333.3 it  28000 loss 0.00493 lr 7.10e-05 val PSNR 48.333 SSIM 0.9964 SAM 1.400 | best val 48.333 (2.71 h)
ep  2416.7 it  29000 loss 0.00485 lr 6.16e-05 val PSNR 48.337 SSIM 0.9964 SAM 1.399 | best val 48.337 (2.80 h)
ep  2500.0 it  30000 loss 0.00493 lr 5.27e-05 val PSNR 48.340 SSIM 0.9964 SAM 1.399 | best val 48.340 (2.90 h)
ep  2583.3 it  31000 loss 0.00484 lr 4.43e-05 val PSNR 48.344 SSIM 0.9964 SAM 1.398 | best val 48.344 (3.00 h)
ep  2666.7 it  32000 loss 0.00490 lr 3.66e-05 val PSNR 48.345 SSIM 0.9964 SAM 1.398 | best val 48.345 (3.09 h)
ep  2750.0 it  33000 loss 0.00494 lr 2.95e-05 val PSNR 48.349 SSIM 0.9964 SAM 1.398 | best val 48.349 (3.19 h)
ep  2833.3 it  34000 loss 0.00487 lr 2.31e-05 val PSNR 48.351 SSIM 0.9964 SAM 1.398 | best val 48.351 (3.29 h)
ep  2916.7 it  35000 loss 0.00484 lr 1.74e-05 val PSNR 48.352 SSIM 0.9964 SAM 1.397 | best val 48.352 (3.38 h)
ep  3000.0 it  36000 loss 0.00493 lr 1.25e-05 val PSNR 48.352 SSIM 0.9964 SAM 1.397 | best val 48.352 (3.48 h)
ep  3083.3 it  37000 loss 0.00490 lr 8.35e-06 val PSNR 48.353 SSIM 0.9964 SAM 1.397 | best val 48.353 (3.57 h)
ep  3166.7 it  38000 loss 0.00489 lr 5.02e-06 val PSNR 48.354 SSIM 0.9964 SAM 1.397 | best val 48.354 (3.67 h)
ep  3250.0 it  39000 loss 0.00491 lr 2.53e-06 val PSNR 48.354 SSIM 0.9964 SAM 1.397 | best val 48.354 (3.77 h)
ep  3333.3 it  40000 loss 0.00487 lr 8.79e-07 val PSNR 48.354 SSIM 0.9964 SAM 1.397 | best val 48.354 (3.86 h)
ep  3416.7 it  41000 loss 0.00488 lr 3.00e-07 val PSNR 48.354 SSIM 0.9964 SAM 1.397 | best val 48.354 (3.96 h)
ep  3454.2 it  41450 loss 0.00500 lr 3.00e-07 val PSNR 48.354 SSIM 0.9964 SAM 1.397 | best val 48.354 (4.00 h)
time budget reached at it 41450 (epoch 3454.2); continue with --resume <out>/last.pt
TEST: {'PSNR': 50.5327, 'PSNR_psrt': 50.1239, 'MPSNR_peak1': 51.0394, 'SSIM': 0.9969, 'SSIM_psrt': 0.9973, 'SAM': 1.9137, 'ERGAS': 0.6267, 'RMSE_DN': 23.96, 'CC': 0.9994, 'SCC': 0.9995, 'Q2n': 0.9752}
TEST (self-ensemble): {'PSNR': 50.5694, 'PSNR_psrt': 50.1605, 'MPSNR_peak1': 51.0671, 'SSIM': 0.9969, 'SSIM_psrt': 0.9974, 'SAM': 1.9036, 'ERGAS': 0.6247, 'RMSE_DN': 23.8697, 'CC': 0.9994, 'SCC': 0.9995, 'Q2n': 0.9753}
consistency: {'cons_H_dB': 74.57237503335394, 'cons_M_dB': 73.9267939291068} | self-ensemble: {'cons_H_dB': 74.95476759854691, 'cons_M_dB': 74.71000259418959}
