pavia x4: train [(92, 424, 715), (92, 512, 187)] test (4, 92, 256, 256) val (63, 92, 64, 64), 1.0 = 8000 DN  (3s)
puformer (reflect borders): 9.94M params on 1 x cuda; batch 8 x 1; epoch = 12 iters; eval every 1000 iters; deadline in 4.00 h; schedule by time
bicubic test: {'PSNR': 25.5166, 'PSNR_psrt': 25.1078, 'MPSNR_peak1': 25.8716, 'SSIM': 0.6282, 'SSIM_psrt': 0.6427, 'SAM': 6.5539, 'ERGAS': 9.8525, 'RMSE_DN': 436.3207, 'CC': 0.8174, 'SCC': 0.7526, 'Q2n': 0.6806}
GSA test: {'PSNR': 34.7757, 'PSNR_psrt': 34.3668, 'MPSNR_peak1': 35.1931, 'SSIM': 0.9438, 'SSIM_psrt': 0.945, 'SAM': 5.2291, 'ERGAS': 3.4939, 'RMSE_DN': 157.9259, 'CC': 0.9958, 'SCC': 0.9922, 'Q2n': 0.9276}
ep    83.3 it   1000 loss 0.01657 lr 3.00e-04 val PSNR 42.818 SSIM 0.9920 SAM 2.174 | best val 42.818 (0.10 h)
ep   166.7 it   2000 loss 0.00719 lr 2.99e-04 val PSNR 45.632 SSIM 0.9947 SAM 1.807 | best val 45.632 (0.19 h)
ep   250.0 it   3000 loss 0.00603 lr 2.97e-04 val PSNR 46.679 SSIM 0.9956 SAM 1.641 | best val 46.679 (0.27 h)
ep   333.3 it   4000 loss 0.00570 lr 2.94e-04 val PSNR 47.163 SSIM 0.9959 SAM 1.575 | best val 47.163 (0.36 h)
ep   416.7 it   5000 loss 0.00560 lr 2.91e-04 val PSNR 47.516 SSIM 0.9960 SAM 1.528 | best val 47.516 (0.44 h)
ep   500.0 it   6000 loss 0.00550 lr 2.88e-04 val PSNR 47.779 SSIM 0.9962 SAM 1.491 | best val 47.779 (0.53 h)
ep   583.3 it   7000 loss 0.00533 lr 2.83e-04 val PSNR 47.957 SSIM 0.9962 SAM 1.468 | best val 47.957 (0.61 h)
ep   666.7 it   8000 loss 0.00534 lr 2.78e-04 val PSNR 48.064 SSIM 0.9963 SAM 1.454 | best val 48.064 (0.70 h)
ep   750.0 it   9000 loss 0.00524 lr 2.73e-04 val PSNR 48.139 SSIM 0.9963 SAM 1.442 | best val 48.139 (0.78 h)
ep   833.3 it  10000 loss 0.00515 lr 2.67e-04 val PSNR 48.196 SSIM 0.9963 SAM 1.433 | best val 48.196 (0.87 h)
ep   916.7 it  11000 loss 0.00515 lr 2.60e-04 val PSNR 48.240 SSIM 0.9964 SAM 1.425 | best val 48.240 (0.95 h)
ep  1000.0 it  12000 loss 0.00509 lr 2.53e-04 val PSNR 48.271 SSIM 0.9964 SAM 1.420 | best val 48.271 (1.04 h)
ep  1083.3 it  13000 loss 0.00515 lr 2.46e-04 val PSNR 48.294 SSIM 0.9964 SAM 1.416 | best val 48.294 (1.12 h)
ep  1166.7 it  14000 loss 0.00505 lr 2.38e-04 val PSNR 48.316 SSIM 0.9964 SAM 1.413 | best val 48.316 (1.21 h)
ep  1250.0 it  15000 loss 0.00503 lr 2.30e-04 val PSNR 48.338 SSIM 0.9964 SAM 1.409 | best val 48.338 (1.29 h)
ep  1333.3 it  16000 loss 0.00507 lr 2.21e-04 val PSNR 48.353 SSIM 0.9964 SAM 1.407 | best val 48.353 (1.38 h)
ep  1416.7 it  17000 loss 0.00495 lr 2.12e-04 val PSNR 48.363 SSIM 0.9964 SAM 1.405 | best val 48.363 (1.46 h)
ep  1500.0 it  18000 loss 0.00501 lr 2.03e-04 val PSNR 48.376 SSIM 0.9964 SAM 1.403 | best val 48.376 (1.55 h)
ep  1583.3 it  19000 loss 0.00497 lr 1.93e-04 val PSNR 48.383 SSIM 0.9964 SAM 1.402 | best val 48.383 (1.63 h)
ep  1666.7 it  20000 loss 0.00497 lr 1.83e-04 val PSNR 48.396 SSIM 0.9964 SAM 1.400 | best val 48.396 (1.72 h)
ep  1750.0 it  21000 loss 0.00491 lr 1.73e-04 val PSNR 48.404 SSIM 0.9964 SAM 1.399 | best val 48.404 (1.80 h)
ep  1833.3 it  22000 loss 0.00489 lr 1.64e-04 val PSNR 48.410 SSIM 0.9964 SAM 1.398 | best val 48.410 (1.89 h)
ep  1916.7 it  23000 loss 0.00499 lr 1.53e-04 val PSNR 48.416 SSIM 0.9964 SAM 1.397 | best val 48.416 (1.97 h)
ep  2000.0 it  24000 loss 0.00499 lr 1.43e-04 val PSNR 48.417 SSIM 0.9964 SAM 1.397 | best val 48.417 (2.06 h)
ep  2083.3 it  25000 loss 0.00496 lr 1.33e-04 val PSNR 48.420 SSIM 0.9964 SAM 1.397 | best val 48.420 (2.14 h)
ep  2166.7 it  26000 loss 0.00494 lr 1.24e-04 val PSNR 48.419 SSIM 0.9964 SAM 1.397 | best val 48.420 (2.23 h)
ep  2250.0 it  27000 loss 0.00493 lr 1.14e-04 val PSNR 48.419 SSIM 0.9964 SAM 1.397 | best val 48.420 (2.31 h)
ep  2333.3 it  28000 loss 0.00486 lr 1.04e-04 val PSNR 48.421 SSIM 0.9964 SAM 1.396 | best val 48.421 (2.40 h)
ep  2416.7 it  29000 loss 0.00488 lr 9.46e-05 val PSNR 48.420 SSIM 0.9964 SAM 1.396 | best val 48.421 (2.48 h)
ep  2500.0 it  30000 loss 0.00494 lr 8.54e-05 val PSNR 48.420 SSIM 0.9964 SAM 1.396 | best val 48.421 (2.57 h)
ep  2583.3 it  31000 loss 0.00489 lr 7.65e-05 val PSNR 48.419 SSIM 0.9964 SAM 1.396 | best val 48.421 (2.65 h)
ep  2666.7 it  32000 loss 0.00484 lr 6.79e-05 val PSNR 48.421 SSIM 0.9964 SAM 1.396 | best val 48.421 (2.74 h)
ep  2750.0 it  33000 loss 0.00490 lr 5.97e-05 val PSNR 48.423 SSIM 0.9964 SAM 1.396 | best val 48.423 (2.82 h)
ep  2833.3 it  34000 loss 0.00489 lr 5.19e-05 val PSNR 48.423 SSIM 0.9964 SAM 1.396 | best val 48.423 (2.91 h)
ep  2916.7 it  35000 loss 0.00479 lr 4.45e-05 val PSNR 48.422 SSIM 0.9964 SAM 1.396 | best val 48.423 (2.99 h)
ep  3000.0 it  36000 loss 0.00485 lr 3.76e-05 val PSNR 48.420 SSIM 0.9964 SAM 1.396 | best val 48.423 (3.08 h)
ep  3083.3 it  37000 loss 0.00481 lr 3.12e-05 val PSNR 48.418 SSIM 0.9964 SAM 1.397 | best val 48.423 (3.17 h)
ep  3166.7 it  38000 loss 0.00483 lr 2.53e-05 val PSNR 48.417 SSIM 0.9964 SAM 1.397 | best val 48.423 (3.25 h)
ep  3250.0 it  39000 loss 0.00483 lr 2.00e-05 val PSNR 48.417 SSIM 0.9964 SAM 1.397 | best val 48.423 (3.34 h)
ep  3333.3 it  40000 loss 0.00475 lr 1.53e-05 val PSNR 48.417 SSIM 0.9964 SAM 1.397 | best val 48.423 (3.42 h)
ep  3416.7 it  41000 loss 0.00468 lr 1.12e-05 val PSNR 48.418 SSIM 0.9964 SAM 1.397 | best val 48.423 (3.51 h)
ep  3500.0 it  42000 loss 0.00478 lr 7.71e-06 val PSNR 48.419 SSIM 0.9964 SAM 1.397 | best val 48.423 (3.59 h)
ep  3583.3 it  43000 loss 0.00481 lr 4.85e-06 val PSNR 48.418 SSIM 0.9964 SAM 1.397 | best val 48.423 (3.68 h)
ep  3666.7 it  44000 loss 0.00481 lr 2.65e-06 val PSNR 48.418 SSIM 0.9964 SAM 1.397 | best val 48.423 (3.76 h)
ep  3750.0 it  45000 loss 0.00479 lr 1.10e-06 val PSNR 48.418 SSIM 0.9964 SAM 1.397 | best val 48.423 (3.85 h)
ep  3833.3 it  46000 loss 0.00478 lr 3.00e-07 val PSNR 48.418 SSIM 0.9964 SAM 1.397 | best val 48.423 (3.93 h)
ep  3904.2 it  46850 loss 0.00477 lr 3.00e-07 val PSNR 48.417 SSIM 0.9964 SAM 1.397 | best val 48.423 (4.00 h)
time budget reached at it 46850 (epoch 3904.2); continue with --resume <out>/last.pt
TEST: {'PSNR': 50.6043, 'PSNR_psrt': 50.1954, 'MPSNR_peak1': 51.119, 'SSIM': 0.9969, 'SSIM_psrt': 0.9973, 'SAM': 1.909, 'ERGAS': 0.6242, 'RMSE_DN': 23.7391, 'CC': 0.9994, 'SCC': 0.9995, 'Q2n': 0.9758}
TEST (self-ensemble): {'PSNR': 50.6773, 'PSNR_psrt': 50.2684, 'MPSNR_peak1': 51.1857, 'SSIM': 0.9969, 'SSIM_psrt': 0.9974, 'SAM': 1.8969, 'ERGAS': 0.62, 'RMSE_DN': 23.544, 'CC': 0.9994, 'SCC': 0.9995, 'Q2n': 0.976}
consistency: {'cons_H_dB': 78.47936940077034, 'cons_M_dB': 73.8703383525346} | self-ensemble: {'cons_H_dB': 78.94673332585809, 'cons_M_dB': 74.59852853086363}
