pavia x4: train [(92, 424, 715), (92, 512, 187)] test (4, 92, 256, 256) val (63, 92, 64, 64), 1.0 = 8000 DN  (3s)
puformer (reflect borders): 9.99M params on 1 x cuda; batch 8 x 1; epoch = 12 iters; eval every 1000 iters; deadline in 4.00 h; schedule by time
bicubic test: {'PSNR': 25.5166, 'PSNR_psrt': 25.1078, 'MPSNR_peak1': 25.8716, 'SSIM': 0.6282, 'SSIM_psrt': 0.6427, 'SAM': 6.5539, 'ERGAS': 9.8525, 'RMSE_DN': 436.3207, 'CC': 0.8174, 'SCC': 0.7526, 'Q2n': 0.6806}
GSA test: {'PSNR': 34.7757, 'PSNR_psrt': 34.3668, 'MPSNR_peak1': 35.1931, 'SSIM': 0.9438, 'SSIM_psrt': 0.945, 'SAM': 5.2291, 'ERGAS': 3.4939, 'RMSE_DN': 157.9259, 'CC': 0.9958, 'SCC': 0.9922, 'Q2n': 0.9276}
ep    83.3 it   1000 loss 0.01776 lr 3.00e-04 val PSNR 42.504 SSIM 0.9917 SAM 2.229 | best val 42.504 (0.11 h)
ep   166.7 it   2000 loss 0.00728 lr 2.98e-04 val PSNR 45.536 SSIM 0.9946 SAM 1.811 | best val 45.536 (0.21 h)
ep   250.0 it   3000 loss 0.00617 lr 2.96e-04 val PSNR 46.639 SSIM 0.9956 SAM 1.638 | best val 46.639 (0.31 h)
ep   333.3 it   4000 loss 0.00577 lr 2.93e-04 val PSNR 47.287 SSIM 0.9959 SAM 1.543 | best val 47.287 (0.40 h)
ep   416.7 it   5000 loss 0.00549 lr 2.89e-04 val PSNR 47.664 SSIM 0.9961 SAM 1.491 | best val 47.664 (0.50 h)
ep   500.0 it   6000 loss 0.00541 lr 2.84e-04 val PSNR 47.840 SSIM 0.9962 SAM 1.468 | best val 47.840 (0.60 h)
ep   583.3 it   7000 loss 0.00530 lr 2.79e-04 val PSNR 47.952 SSIM 0.9963 SAM 1.453 | best val 47.952 (0.69 h)
ep   666.7 it   8000 loss 0.00522 lr 2.72e-04 val PSNR 48.041 SSIM 0.9963 SAM 1.442 | best val 48.041 (0.79 h)
ep   750.0 it   9000 loss 0.00520 lr 2.65e-04 val PSNR 48.125 SSIM 0.9963 SAM 1.432 | best val 48.125 (0.89 h)
ep   833.3 it  10000 loss 0.00513 lr 2.58e-04 val PSNR 48.189 SSIM 0.9964 SAM 1.424 | best val 48.189 (0.98 h)
ep   916.7 it  11000 loss 0.00504 lr 2.50e-04 val PSNR 48.234 SSIM 0.9964 SAM 1.418 | best val 48.234 (1.08 h)
ep  1000.0 it  12000 loss 0.00512 lr 2.41e-04 val PSNR 48.278 SSIM 0.9964 SAM 1.412 | best val 48.278 (1.18 h)
ep  1083.3 it  13000 loss 0.00506 lr 2.32e-04 val PSNR 48.315 SSIM 0.9964 SAM 1.407 | best val 48.315 (1.27 h)
ep  1166.7 it  14000 loss 0.00502 lr 2.22e-04 val PSNR 48.343 SSIM 0.9964 SAM 1.403 | best val 48.343 (1.37 h)
ep  1250.0 it  15000 loss 0.00500 lr 2.12e-04 val PSNR 48.362 SSIM 0.9964 SAM 1.400 | best val 48.362 (1.47 h)
ep  1333.3 it  16000 loss 0.00493 lr 2.01e-04 val PSNR 48.374 SSIM 0.9964 SAM 1.398 | best val 48.374 (1.56 h)
ep  1416.7 it  17000 loss 0.00501 lr 1.90e-04 val PSNR 48.384 SSIM 0.9964 SAM 1.396 | best val 48.384 (1.66 h)
ep  1500.0 it  18000 loss 0.00486 lr 1.79e-04 val PSNR 48.393 SSIM 0.9965 SAM 1.395 | best val 48.393 (1.76 h)
ep  1583.3 it  19000 loss 0.00493 lr 1.68e-04 val PSNR 48.404 SSIM 0.9965 SAM 1.392 | best val 48.404 (1.85 h)
ep  1666.7 it  20000 loss 0.00494 lr 1.56e-04 val PSNR 48.415 SSIM 0.9965 SAM 1.391 | best val 48.415 (1.95 h)
ep  1750.0 it  21000 loss 0.00488 lr 1.45e-04 val PSNR 48.425 SSIM 0.9965 SAM 1.390 | best val 48.425 (2.05 h)
ep  1833.3 it  22000 loss 0.00501 lr 1.33e-04 val PSNR 48.430 SSIM 0.9965 SAM 1.389 | best val 48.430 (2.14 h)
ep  1916.7 it  23000 loss 0.00487 lr 1.22e-04 val PSNR 48.435 SSIM 0.9965 SAM 1.388 | best val 48.435 (2.24 h)
ep  2000.0 it  24000 loss 0.00495 lr 1.11e-04 val PSNR 48.438 SSIM 0.9965 SAM 1.388 | best val 48.438 (2.34 h)
ep  2083.3 it  25000 loss 0.00488 lr 1.00e-04 val PSNR 48.442 SSIM 0.9965 SAM 1.387 | best val 48.442 (2.43 h)
ep  2166.7 it  26000 loss 0.00492 lr 8.95e-05 val PSNR 48.446 SSIM 0.9965 SAM 1.387 | best val 48.446 (2.53 h)
ep  2250.0 it  27000 loss 0.00477 lr 7.93e-05 val PSNR 48.449 SSIM 0.9965 SAM 1.386 | best val 48.449 (2.63 h)
ep  2333.3 it  28000 loss 0.00494 lr 6.95e-05 val PSNR 48.451 SSIM 0.9965 SAM 1.386 | best val 48.451 (2.72 h)
ep  2416.7 it  29000 loss 0.00486 lr 6.01e-05 val PSNR 48.455 SSIM 0.9965 SAM 1.386 | best val 48.455 (2.82 h)
ep  2500.0 it  30000 loss 0.00486 lr 5.12e-05 val PSNR 48.457 SSIM 0.9965 SAM 1.386 | best val 48.457 (2.92 h)
ep  2583.3 it  31000 loss 0.00483 lr 4.29e-05 val PSNR 48.460 SSIM 0.9965 SAM 1.386 | best val 48.460 (3.01 h)
ep  2666.7 it  32000 loss 0.00491 lr 3.53e-05 val PSNR 48.462 SSIM 0.9965 SAM 1.385 | best val 48.462 (3.11 h)
ep  2750.0 it  33000 loss 0.00480 lr 2.83e-05 val PSNR 48.464 SSIM 0.9965 SAM 1.385 | best val 48.464 (3.21 h)
ep  2833.3 it  34000 loss 0.00479 lr 2.19e-05 val PSNR 48.465 SSIM 0.9965 SAM 1.385 | best val 48.465 (3.30 h)
ep  2916.7 it  35000 loss 0.00481 lr 1.64e-05 val PSNR 48.465 SSIM 0.9965 SAM 1.385 | best val 48.465 (3.40 h)
ep  3000.0 it  36000 loss 0.00483 lr 1.16e-05 val PSNR 48.466 SSIM 0.9965 SAM 1.385 | best val 48.466 (3.50 h)
ep  3083.3 it  37000 loss 0.00479 lr 7.59e-06 val PSNR 48.466 SSIM 0.9965 SAM 1.385 | best val 48.466 (3.59 h)
ep  3166.7 it  38000 loss 0.00482 lr 4.43e-06 val PSNR 48.467 SSIM 0.9965 SAM 1.385 | best val 48.467 (3.69 h)
ep  3250.0 it  39000 loss 0.00473 lr 2.10e-06 val PSNR 48.467 SSIM 0.9965 SAM 1.385 | best val 48.467 (3.79 h)
ep  3333.3 it  40000 loss 0.00474 lr 6.25e-07 val PSNR 48.467 SSIM 0.9965 SAM 1.385 | best val 48.467 (3.88 h)
ep  3416.7 it  41000 loss 0.00480 lr 3.00e-07 val PSNR 48.467 SSIM 0.9965 SAM 1.385 | best val 48.467 (3.98 h)
ep  3433.3 it  41200 loss 0.00479 lr 3.00e-07 val PSNR 48.467 SSIM 0.9965 SAM 1.385 | best val 48.467 (4.00 h)
time budget reached at it 41200 (epoch 3433.3); continue with --resume <out>/last.pt
TEST: {'PSNR': 50.6153, 'PSNR_psrt': 50.2065, 'MPSNR_peak1': 51.1108, 'SSIM': 0.9969, 'SSIM_psrt': 0.9974, 'SAM': 1.9001, 'ERGAS': 0.6214, 'RMSE_DN': 23.726, 'CC': 0.9994, 'SCC': 0.9995, 'Q2n': 0.9753}
TEST (self-ensemble): {'PSNR': 50.6755, 'PSNR_psrt': 50.2666, 'MPSNR_peak1': 51.163, 'SSIM': 0.997, 'SSIM_psrt': 0.9974, 'SAM': 1.8908, 'ERGAS': 0.6181, 'RMSE_DN': 23.5644, 'CC': 0.9994, 'SCC': 0.9995, 'Q2n': 0.9754}
consistency: {'cons_H_dB': 75.69028373317539, 'cons_M_dB': 73.84582481635707} | self-ensemble: {'cons_H_dB': 76.15558036066713, 'cons_M_dB': 74.40033105398342}
