pavia x4: train [(92, 424, 715), (92, 512, 187)] test (4, 92, 256, 256) val (63, 92, 64, 64), 1.0 = 8000 DN  (2s)
puformer (zeros borders): 9.99M params on 1 x cuda; batch 8 x 1; epoch = 12 iters; eval every 1000 iters; deadline in 4.00 h; schedule by time
bicubic test: {'PSNR': 25.5166, 'PSNR_psrt': 25.1078, 'MPSNR_peak1': 25.8716, 'SSIM': 0.6282, 'SSIM_psrt': 0.6427, 'SAM': 6.5539, 'ERGAS': 9.8525, 'RMSE_DN': 436.3207, 'CC': 0.8174, 'SCC': 0.7526, 'Q2n': 0.6806}
GSA test: {'PSNR': 34.7757, 'PSNR_psrt': 34.3668, 'MPSNR_peak1': 35.1931, 'SSIM': 0.9438, 'SSIM_psrt': 0.945, 'SAM': 5.2291, 'ERGAS': 3.4939, 'RMSE_DN': 157.9259, 'CC': 0.9958, 'SCC': 0.9922, 'Q2n': 0.9276}
ep    83.3 it   1000 loss 0.02008 lr 3.00e-04 val PSNR 41.544 SSIM 0.9914 SAM 2.286 | best val 41.544 (0.11 h)
ep   166.7 it   2000 loss 0.00748 lr 2.98e-04 val PSNR 44.900 SSIM 0.9944 SAM 1.880 | best val 44.900 (0.21 h)
ep   250.0 it   3000 loss 0.00645 lr 2.96e-04 val PSNR 46.062 SSIM 0.9954 SAM 1.709 | best val 46.062 (0.30 h)
ep   333.3 it   4000 loss 0.00595 lr 2.93e-04 val PSNR 46.660 SSIM 0.9957 SAM 1.624 | best val 46.660 (0.40 h)
ep   416.7 it   5000 loss 0.00571 lr 2.89e-04 val PSNR 47.170 SSIM 0.9960 SAM 1.553 | best val 47.170 (0.49 h)
ep   500.0 it   6000 loss 0.00546 lr 2.84e-04 val PSNR 47.449 SSIM 0.9961 SAM 1.515 | best val 47.449 (0.59 h)
ep   583.3 it   7000 loss 0.00534 lr 2.79e-04 val PSNR 47.603 SSIM 0.9961 SAM 1.494 | best val 47.603 (0.69 h)
ep   666.7 it   8000 loss 0.00538 lr 2.73e-04 val PSNR 47.711 SSIM 0.9962 SAM 1.480 | best val 47.711 (0.78 h)
ep   750.0 it   9000 loss 0.00534 lr 2.66e-04 val PSNR 47.796 SSIM 0.9962 SAM 1.467 | best val 47.796 (0.88 h)
ep   833.3 it  10000 loss 0.00527 lr 2.58e-04 val PSNR 47.870 SSIM 0.9962 SAM 1.456 | best val 47.870 (0.98 h)
ep   916.7 it  11000 loss 0.00519 lr 2.50e-04 val PSNR 47.934 SSIM 0.9963 SAM 1.447 | best val 47.934 (1.07 h)
ep  1000.0 it  12000 loss 0.00523 lr 2.41e-04 val PSNR 47.992 SSIM 0.9963 SAM 1.439 | best val 47.992 (1.17 h)
ep  1083.3 it  13000 loss 0.00519 lr 2.32e-04 val PSNR 48.041 SSIM 0.9963 SAM 1.433 | best val 48.041 (1.26 h)
ep  1166.7 it  14000 loss 0.00509 lr 2.22e-04 val PSNR 48.093 SSIM 0.9963 SAM 1.427 | best val 48.093 (1.36 h)
ep  1250.0 it  15000 loss 0.00509 lr 2.12e-04 val PSNR 48.139 SSIM 0.9964 SAM 1.422 | best val 48.139 (1.46 h)
ep  1333.3 it  16000 loss 0.00503 lr 2.02e-04 val PSNR 48.182 SSIM 0.9964 SAM 1.417 | best val 48.182 (1.55 h)
ep  1416.7 it  17000 loss 0.00502 lr 1.91e-04 val PSNR 48.214 SSIM 0.9964 SAM 1.414 | best val 48.214 (1.65 h)
ep  1500.0 it  18000 loss 0.00501 lr 1.80e-04 val PSNR 48.248 SSIM 0.9964 SAM 1.411 | best val 48.248 (1.75 h)
ep  1583.3 it  19000 loss 0.00502 lr 1.69e-04 val PSNR 48.273 SSIM 0.9964 SAM 1.408 | best val 48.273 (1.84 h)
ep  1666.7 it  20000 loss 0.00502 lr 1.58e-04 val PSNR 48.299 SSIM 0.9964 SAM 1.405 | best val 48.299 (1.94 h)
ep  1750.0 it  21000 loss 0.00489 lr 1.46e-04 val PSNR 48.317 SSIM 0.9964 SAM 1.403 | best val 48.317 (2.03 h)
ep  1833.3 it  22000 loss 0.00492 lr 1.35e-04 val PSNR 48.332 SSIM 0.9965 SAM 1.401 | best val 48.332 (2.13 h)
ep  1916.7 it  23000 loss 0.00495 lr 1.24e-04 val PSNR 48.344 SSIM 0.9965 SAM 1.399 | best val 48.344 (2.23 h)
ep  2000.0 it  24000 loss 0.00496 lr 1.13e-04 val PSNR 48.354 SSIM 0.9965 SAM 1.398 | best val 48.354 (2.32 h)
ep  2083.3 it  25000 loss 0.00497 lr 1.02e-04 val PSNR 48.363 SSIM 0.9965 SAM 1.397 | best val 48.363 (2.42 h)
ep  2166.7 it  26000 loss 0.00495 lr 9.11e-05 val PSNR 48.371 SSIM 0.9965 SAM 1.396 | best val 48.371 (2.52 h)
ep  2250.0 it  27000 loss 0.00488 lr 8.08e-05 val PSNR 48.378 SSIM 0.9965 SAM 1.395 | best val 48.378 (2.61 h)
ep  2333.3 it  28000 loss 0.00491 lr 7.09e-05 val PSNR 48.382 SSIM 0.9965 SAM 1.394 | best val 48.382 (2.71 h)
ep  2416.7 it  29000 loss 0.00487 lr 6.15e-05 val PSNR 48.383 SSIM 0.9965 SAM 1.394 | best val 48.383 (2.80 h)
ep  2500.0 it  30000 loss 0.00494 lr 5.26e-05 val PSNR 48.386 SSIM 0.9965 SAM 1.393 | best val 48.386 (2.90 h)
ep  2583.3 it  31000 loss 0.00483 lr 4.43e-05 val PSNR 48.390 SSIM 0.9965 SAM 1.393 | best val 48.390 (3.00 h)
ep  2666.7 it  32000 loss 0.00493 lr 3.65e-05 val PSNR 48.391 SSIM 0.9965 SAM 1.392 | best val 48.391 (3.09 h)
ep  2750.0 it  33000 loss 0.00482 lr 2.94e-05 val PSNR 48.392 SSIM 0.9965 SAM 1.392 | best val 48.392 (3.19 h)
ep  2833.3 it  34000 loss 0.00481 lr 2.30e-05 val PSNR 48.394 SSIM 0.9965 SAM 1.392 | best val 48.394 (3.29 h)
ep  2916.7 it  35000 loss 0.00487 lr 1.74e-05 val PSNR 48.395 SSIM 0.9965 SAM 1.392 | best val 48.395 (3.38 h)
ep  3000.0 it  36000 loss 0.00476 lr 1.25e-05 val PSNR 48.396 SSIM 0.9965 SAM 1.391 | best val 48.396 (3.48 h)
ep  3083.3 it  37000 loss 0.00486 lr 8.32e-06 val PSNR 48.397 SSIM 0.9965 SAM 1.391 | best val 48.397 (3.57 h)
ep  3166.7 it  38000 loss 0.00491 lr 5.00e-06 val PSNR 48.397 SSIM 0.9965 SAM 1.391 | best val 48.397 (3.67 h)
ep  3250.0 it  39000 loss 0.00484 lr 2.51e-06 val PSNR 48.397 SSIM 0.9965 SAM 1.391 | best val 48.397 (3.77 h)
ep  3333.3 it  40000 loss 0.00484 lr 8.67e-07 val PSNR 48.397 SSIM 0.9965 SAM 1.391 | best val 48.397 (3.86 h)
ep  3416.7 it  41000 loss 0.00486 lr 3.00e-07 val PSNR 48.397 SSIM 0.9965 SAM 1.391 | best val 48.397 (3.96 h)
ep  3454.2 it  41450 loss 0.00487 lr 3.00e-07 val PSNR 48.397 SSIM 0.9965 SAM 1.391 | best val 48.397 (4.00 h)
time budget reached at it 41450 (epoch 3454.2); continue with --resume <out>/last.pt
TEST: {'PSNR': 50.5797, 'PSNR_psrt': 50.1708, 'MPSNR_peak1': 51.0517, 'SSIM': 0.9969, 'SSIM_psrt': 0.9973, 'SAM': 1.9092, 'ERGAS': 0.6231, 'RMSE_DN': 23.8009, 'CC': 0.9994, 'SCC': 0.9995, 'Q2n': 0.9752}
TEST (self-ensemble): {'PSNR': 50.6468, 'PSNR_psrt': 50.238, 'MPSNR_peak1': 51.1216, 'SSIM': 0.997, 'SSIM_psrt': 0.9974, 'SAM': 1.8996, 'ERGAS': 0.6194, 'RMSE_DN': 23.6201, 'CC': 0.9994, 'SCC': 0.9995, 'Q2n': 0.9752}
consistency: {'cons_H_dB': 74.00741720473653, 'cons_M_dB': 73.45413602917165} | self-ensemble: {'cons_H_dB': 74.341582634429, 'cons_M_dB': 74.00847835360824}
