cave x4: train 40 regions, e.g. [(31, 368, 512), (31, 144, 368)] test (12, 31, 512, 512) val (80, 31, 64, 64), 1.0 = 255 DN  (25s)
[external] mimformer: https://github.com/meiruni/MIMFormer @ 0904158a8d53c590bcc497ad94b6fd4f6c167c19
/usr/local/lib/python3.13/dist-packages/timm/models/layers/__init__.py:49: FutureWarning: Importing from timm.models.layers is deprecated, please import via timm.layers
  warnings.warn(f"Importing from {__name__} is deprecated, please import via timm.layers", FutureWarning)
mimformer (reflect borders): 16.24M params on 1 x cuda; batch 8 x 1; epoch = 147 iters; eval every 1000 iters; deadline in 3.99 h; schedule by time
bicubic test: {'PSNR': 30.0488, 'PSNR_psrt': 29.2758, 'MPSNR_peak1': 30.3573, 'SSIM': 0.878, 'SSIM_psrt': 0.8881, 'SAM': 4.7945, 'ERGAS': 8.2292, 'RMSE_DN': 8.6714, 'CC': 0.9679, 'SCC': 0.722, 'Q2n': 0.7518}
GSA test: {'PSNR': 42.3025, 'PSNR_psrt': 41.5295, 'MPSNR_peak1': 42.9153, 'SSIM': 0.9798, 'SSIM_psrt': 0.9801, 'SAM': 4.6514, 'ERGAS': 2.0803, 'RMSE_DN': 2.1319, 'CC': 0.9981, 'SCC': 0.9849, 'Q2n': 0.8949}
ep     6.8 it   1000 loss 0.01487 lr 1.00e-04 val PSNR 44.134 SSIM 0.8661 SAM 6.199 | best val 44.134 (0.06 h)
ep    13.6 it   2000 loss 0.00597 lr 9.99e-05 val PSNR 48.675 SSIM 0.9216 SAM 3.947 | best val 48.675 (0.10 h)
ep    20.4 it   3000 loss 0.00416 lr 9.98e-05 val PSNR 50.519 SSIM 0.9495 SAM 3.328 | best val 50.519 (0.14 h)
ep    27.2 it   4000 loss 0.00331 lr 9.96e-05 val PSNR 51.792 SSIM 0.9592 SAM 3.029 | best val 51.792 (0.18 h)
ep    34.0 it   5000 loss 0.00287 lr 9.93e-05 val PSNR 52.757 SSIM 0.9642 SAM 2.813 | best val 52.757 (0.22 h)
ep    40.8 it   6000 loss 0.00256 lr 9.90e-05 val PSNR 53.475 SSIM 0.9683 SAM 2.649 | best val 53.475 (0.26 h)
ep    47.6 it   7000 loss 0.00239 lr 9.87e-05 val PSNR 54.223 SSIM 0.9723 SAM 2.494 | best val 54.223 (0.31 h)
ep    54.4 it   8000 loss 0.00225 lr 9.83e-05 val PSNR 54.562 SSIM 0.9736 SAM 2.407 | best val 54.562 (0.35 h)
ep    61.2 it   9000 loss 0.00218 lr 9.78e-05 val PSNR 54.940 SSIM 0.9762 SAM 2.322 | best val 54.940 (0.39 h)
ep    68.0 it  10000 loss 0.00205 lr 9.73e-05 val PSNR 55.144 SSIM 0.9759 SAM 2.291 | best val 55.144 (0.43 h)
ep    74.8 it  11000 loss 0.00200 lr 9.68e-05 val PSNR 55.455 SSIM 0.9780 SAM 2.216 | best val 55.455 (0.47 h)
ep    81.6 it  12000 loss 0.00198 lr 9.62e-05 val PSNR 55.635 SSIM 0.9787 SAM 2.173 | best val 55.635 (0.51 h)
ep    88.4 it  13000 loss 0.00193 lr 9.55e-05 val PSNR 55.921 SSIM 0.9797 SAM 2.096 | best val 55.921 (0.55 h)
ep    95.2 it  14000 loss 0.00187 lr 9.48e-05 val PSNR 56.027 SSIM 0.9801 SAM 2.088 | best val 56.027 (0.60 h)
ep   102.0 it  15000 loss 0.00183 lr 9.40e-05 val PSNR 56.144 SSIM 0.9800 SAM 2.095 | best val 56.144 (0.64 h)
ep   108.8 it  16000 loss 0.00181 lr 9.32e-05 val PSNR 56.148 SSIM 0.9787 SAM 2.082 | best val 56.148 (0.68 h)
ep   115.6 it  17000 loss 0.00181 lr 9.24e-05 val PSNR 56.361 SSIM 0.9812 SAM 2.027 | best val 56.361 (0.72 h)
ep   122.4 it  18000 loss 0.00174 lr 9.15e-05 val PSNR 56.455 SSIM 0.9806 SAM 2.004 | best val 56.455 (0.76 h)
ep   129.3 it  19000 loss 0.00173 lr 9.06e-05 val PSNR 56.652 SSIM 0.9813 SAM 1.950 | best val 56.652 (0.81 h)
ep   136.1 it  20000 loss 0.00173 lr 8.96e-05 val PSNR 56.624 SSIM 0.9813 SAM 1.976 | best val 56.652 (0.85 h)
ep   142.9 it  21000 loss 0.00172 lr 8.85e-05 val PSNR 56.795 SSIM 0.9818 SAM 1.918 | best val 56.795 (0.89 h)
ep   149.7 it  22000 loss 0.00169 lr 8.75e-05 val PSNR 56.903 SSIM 0.9818 SAM 1.912 | best val 56.903 (0.93 h)
ep   156.5 it  23000 loss 0.00169 lr 8.64e-05 val PSNR 56.872 SSIM 0.9818 SAM 1.919 | best val 56.903 (0.97 h)
ep   163.3 it  24000 loss 0.00163 lr 8.52e-05 val PSNR 56.937 SSIM 0.9820 SAM 1.929 | best val 56.937 (1.01 h)
ep   170.1 it  25000 loss 0.00164 lr 8.41e-05 val PSNR 57.100 SSIM 0.9822 SAM 1.884 | best val 57.100 (1.05 h)
ep   176.9 it  26000 loss 0.00162 lr 8.28e-05 val PSNR 57.115 SSIM 0.9821 SAM 1.884 | best val 57.115 (1.10 h)
ep   183.7 it  27000 loss 0.00162 lr 8.16e-05 val PSNR 57.169 SSIM 0.9823 SAM 1.875 | best val 57.169 (1.14 h)
ep   190.5 it  28000 loss 0.00157 lr 8.03e-05 val PSNR 57.209 SSIM 0.9824 SAM 1.868 | best val 57.209 (1.18 h)
ep   197.3 it  29000 loss 0.00158 lr 7.90e-05 val PSNR 57.268 SSIM 0.9825 SAM 1.859 | best val 57.268 (1.22 h)
ep   204.1 it  30000 loss 0.00156 lr 7.76e-05 val PSNR 57.237 SSIM 0.9825 SAM 1.864 | best val 57.268 (1.26 h)
ep   210.9 it  31000 loss 0.00157 lr 7.62e-05 val PSNR 57.405 SSIM 0.9828 SAM 1.833 | best val 57.405 (1.31 h)
ep   217.7 it  32000 loss 0.00152 lr 7.48e-05 val PSNR 57.418 SSIM 0.9828 SAM 1.832 | best val 57.418 (1.35 h)
ep   224.5 it  33000 loss 0.00154 lr 7.34e-05 val PSNR 57.442 SSIM 0.9828 SAM 1.833 | best val 57.442 (1.39 h)
ep   231.3 it  34000 loss 0.00149 lr 7.19e-05 val PSNR 57.513 SSIM 0.9829 SAM 1.817 | best val 57.513 (1.43 h)
ep   238.1 it  35000 loss 0.00152 lr 7.04e-05 val PSNR 57.430 SSIM 0.9827 SAM 1.830 | best val 57.513 (1.47 h)
ep   244.9 it  36000 loss 0.00146 lr 6.89e-05 val PSNR 57.546 SSIM 0.9828 SAM 1.812 | best val 57.546 (1.51 h)
ep   251.7 it  37000 loss 0.00147 lr 6.74e-05 val PSNR 57.601 SSIM 0.9831 SAM 1.801 | best val 57.601 (1.56 h)
ep   258.5 it  38000 loss 0.00146 lr 6.58e-05 val PSNR 57.627 SSIM 0.9830 SAM 1.795 | best val 57.627 (1.60 h)
ep   265.3 it  39000 loss 0.00144 lr 6.43e-05 val PSNR 57.636 SSIM 0.9831 SAM 1.793 | best val 57.636 (1.64 h)
ep   272.1 it  40000 loss 0.00145 lr 6.27e-05 val PSNR 57.713 SSIM 0.9832 SAM 1.782 | best val 57.713 (1.68 h)
ep   278.9 it  41000 loss 0.00144 lr 6.11e-05 val PSNR 57.722 SSIM 0.9832 SAM 1.784 | best val 57.722 (1.72 h)
ep   285.7 it  42000 loss 0.00143 lr 5.95e-05 val PSNR 57.743 SSIM 0.9832 SAM 1.781 | best val 57.743 (1.76 h)
ep   292.5 it  43000 loss 0.00143 lr 5.79e-05 val PSNR 57.750 SSIM 0.9831 SAM 1.781 | best val 57.750 (1.81 h)
ep   299.3 it  44000 loss 0.00141 lr 5.62e-05 val PSNR 57.762 SSIM 0.9833 SAM 1.776 | best val 57.762 (1.85 h)
ep   306.1 it  45000 loss 0.00139 lr 5.46e-05 val PSNR 57.809 SSIM 0.9834 SAM 1.763 | best val 57.809 (1.89 h)
ep   312.9 it  46000 loss 0.00137 lr 5.30e-05 val PSNR 57.815 SSIM 0.9834 SAM 1.770 | best val 57.815 (1.93 h)
ep   319.7 it  47000 loss 0.00137 lr 5.13e-05 val PSNR 57.829 SSIM 0.9834 SAM 1.764 | best val 57.829 (1.97 h)
ep   326.5 it  48000 loss 0.00137 lr 4.97e-05 val PSNR 57.851 SSIM 0.9834 SAM 1.761 | best val 57.851 (2.01 h)
ep   333.3 it  49000 loss 0.00134 lr 4.80e-05 val PSNR 57.889 SSIM 0.9835 SAM 1.753 | best val 57.889 (2.06 h)
ep   340.1 it  50000 loss 0.00136 lr 4.64e-05 val PSNR 57.904 SSIM 0.9834 SAM 1.750 | best val 57.904 (2.10 h)
ep   346.9 it  51000 loss 0.00135 lr 4.48e-05 val PSNR 57.929 SSIM 0.9835 SAM 1.745 | best val 57.929 (2.14 h)
ep   353.7 it  52000 loss 0.00135 lr 4.31e-05 val PSNR 57.936 SSIM 0.9836 SAM 1.742 | best val 57.936 (2.18 h)
ep   360.5 it  53000 loss 0.00135 lr 4.15e-05 val PSNR 57.958 SSIM 0.9835 SAM 1.741 | best val 57.958 (2.22 h)
ep   367.3 it  54000 loss 0.00135 lr 3.99e-05 val PSNR 57.972 SSIM 0.9836 SAM 1.739 | best val 57.972 (2.26 h)
ep   374.1 it  55000 loss 0.00132 lr 3.83e-05 val PSNR 57.978 SSIM 0.9836 SAM 1.742 | best val 57.978 (2.31 h)
ep   381.0 it  56000 loss 0.00132 lr 3.67e-05 val PSNR 58.014 SSIM 0.9837 SAM 1.730 | best val 58.014 (2.35 h)
ep   387.8 it  57000 loss 0.00133 lr 3.51e-05 val PSNR 58.028 SSIM 0.9837 SAM 1.728 | best val 58.028 (2.39 h)
ep   394.6 it  58000 loss 0.00131 lr 3.36e-05 val PSNR 58.037 SSIM 0.9837 SAM 1.726 | best val 58.037 (2.43 h)
ep   401.4 it  59000 loss 0.00130 lr 3.20e-05 val PSNR 58.047 SSIM 0.9837 SAM 1.725 | best val 58.047 (2.47 h)
ep   408.2 it  60000 loss 0.00129 lr 3.05e-05 val PSNR 58.071 SSIM 0.9838 SAM 1.719 | best val 58.071 (2.51 h)
ep   415.0 it  61000 loss 0.00130 lr 2.90e-05 val PSNR 58.069 SSIM 0.9838 SAM 1.721 | best val 58.071 (2.56 h)
ep   421.8 it  62000 loss 0.00128 lr 2.75e-05 val PSNR 58.097 SSIM 0.9839 SAM 1.715 | best val 58.097 (2.60 h)
ep   428.6 it  63000 loss 0.00128 lr 2.61e-05 val PSNR 58.098 SSIM 0.9838 SAM 1.716 | best val 58.098 (2.64 h)
ep   435.4 it  64000 loss 0.00128 lr 2.46e-05 val PSNR 58.114 SSIM 0.9839 SAM 1.711 | best val 58.114 (2.68 h)
ep   442.2 it  65000 loss 0.00127 lr 2.32e-05 val PSNR 58.119 SSIM 0.9839 SAM 1.712 | best val 58.119 (2.72 h)
ep   449.0 it  66000 loss 0.00128 lr 2.19e-05 val PSNR 58.126 SSIM 0.9839 SAM 1.711 | best val 58.126 (2.76 h)
ep   455.8 it  67000 loss 0.00126 lr 2.05e-05 val PSNR 58.152 SSIM 0.9840 SAM 1.705 | best val 58.152 (2.81 h)
ep   462.6 it  68000 loss 0.00127 lr 1.92e-05 val PSNR 58.152 SSIM 0.9839 SAM 1.705 | best val 58.152 (2.85 h)
ep   469.4 it  69000 loss 0.00125 lr 1.79e-05 val PSNR 58.154 SSIM 0.9840 SAM 1.705 | best val 58.154 (2.89 h)
ep   476.2 it  70000 loss 0.00123 lr 1.67e-05 val PSNR 58.164 SSIM 0.9840 SAM 1.703 | best val 58.164 (2.93 h)
ep   483.0 it  71000 loss 0.00125 lr 1.55e-05 val PSNR 58.170 SSIM 0.9840 SAM 1.701 | best val 58.170 (2.97 h)
ep   489.8 it  72000 loss 0.00128 lr 1.43e-05 val PSNR 58.183 SSIM 0.9840 SAM 1.699 | best val 58.183 (3.01 h)
ep   496.6 it  73000 loss 0.00125 lr 1.32e-05 val PSNR 58.189 SSIM 0.9840 SAM 1.699 | best val 58.189 (3.06 h)
ep   503.4 it  74000 loss 0.00125 lr 1.21e-05 val PSNR 58.192 SSIM 0.9840 SAM 1.699 | best val 58.192 (3.10 h)
ep   510.2 it  75000 loss 0.00125 lr 1.10e-05 val PSNR 58.197 SSIM 0.9840 SAM 1.697 | best val 58.197 (3.14 h)
ep   517.0 it  76000 loss 0.00123 lr 1.00e-05 val PSNR 58.203 SSIM 0.9841 SAM 1.696 | best val 58.203 (3.18 h)
ep   523.8 it  77000 loss 0.00125 lr 9.07e-06 val PSNR 58.198 SSIM 0.9841 SAM 1.696 | best val 58.203 (3.22 h)
ep   530.6 it  78000 loss 0.00124 lr 8.16e-06 val PSNR 58.209 SSIM 0.9841 SAM 1.695 | best val 58.209 (3.26 h)
ep   537.4 it  79000 loss 0.00125 lr 7.28e-06 val PSNR 58.210 SSIM 0.9841 SAM 1.694 | best val 58.210 (3.31 h)
ep   544.2 it  80000 loss 0.00125 lr 6.45e-06 val PSNR 58.215 SSIM 0.9841 SAM 1.693 | best val 58.215 (3.35 h)
ep   551.0 it  81000 loss 0.00124 lr 5.67e-06 val PSNR 58.218 SSIM 0.9841 SAM 1.693 | best val 58.218 (3.39 h)
ep   557.8 it  82000 loss 0.00123 lr 4.93e-06 val PSNR 58.221 SSIM 0.9841 SAM 1.693 | best val 58.221 (3.43 h)
ep   564.6 it  83000 loss 0.00122 lr 4.25e-06 val PSNR 58.225 SSIM 0.9841 SAM 1.692 | best val 58.225 (3.47 h)
ep   571.4 it  84000 loss 0.00122 lr 3.61e-06 val PSNR 58.229 SSIM 0.9841 SAM 1.692 | best val 58.229 (3.51 h)
ep   578.2 it  85000 loss 0.00123 lr 3.02e-06 val PSNR 58.230 SSIM 0.9841 SAM 1.691 | best val 58.230 (3.56 h)
ep   585.0 it  86000 loss 0.00121 lr 2.48e-06 val PSNR 58.231 SSIM 0.9841 SAM 1.692 | best val 58.231 (3.60 h)
ep   591.8 it  87000 loss 0.00123 lr 2.00e-06 val PSNR 58.237 SSIM 0.9841 SAM 1.690 | best val 58.237 (3.64 h)
ep   598.6 it  88000 loss 0.00122 lr 1.56e-06 val PSNR 58.240 SSIM 0.9841 SAM 1.690 | best val 58.240 (3.68 h)
ep   605.4 it  89000 loss 0.00123 lr 1.18e-06 val PSNR 58.236 SSIM 0.9841 SAM 1.690 | best val 58.240 (3.72 h)
ep   612.2 it  90000 loss 0.00124 lr 8.55e-07 val PSNR 58.238 SSIM 0.9841 SAM 1.690 | best val 58.240 (3.76 h)
ep   619.0 it  91000 loss 0.00122 lr 5.79e-07 val PSNR 58.238 SSIM 0.9841 SAM 1.690 | best val 58.240 (3.81 h)
ep   625.9 it  92000 loss 0.00122 lr 3.57e-07 val PSNR 58.238 SSIM 0.9841 SAM 1.690 | best val 58.240 (3.85 h)
ep   632.7 it  93000 loss 0.00122 lr 1.88e-07 val PSNR 58.238 SSIM 0.9841 SAM 1.690 | best val 58.240 (3.89 h)
ep   639.5 it  94000 loss 0.00119 lr 1.00e-07 val PSNR 58.238 SSIM 0.9842 SAM 1.689 | best val 58.240 (3.93 h)
ep   646.3 it  95000 loss 0.00123 lr 1.00e-07 val PSNR 58.237 SSIM 0.9841 SAM 1.690 | best val 58.240 (3.97 h)
ep   650.7 it  95650 loss 0.00122 lr 1.00e-07 val PSNR 58.238 SSIM 0.9841 SAM 1.689 | best val 58.240 (4.00 h)
time budget reached at it 95650 (epoch 650.7); continue with --resume <out>/last.pt
TEST: {'PSNR': 50.9302, 'PSNR_psrt': 50.1572, 'MPSNR_peak1': 51.8522, 'SSIM': 0.9966, 'SSIM_psrt': 0.9967, 'SAM': 1.9553, 'ERGAS': 0.786, 'RMSE_DN': 0.7835, 'CC': 0.9996, 'SCC': 0.9966, 'Q2n': 0.9718}
TEST (self-ensemble): {'PSNR': 51.0087, 'PSNR_psrt': 50.2357, 'MPSNR_peak1': 51.9356, 'SSIM': 0.9966, 'SSIM_psrt': 0.9968, 'SAM': 1.9348, 'ERGAS': 0.7801, 'RMSE_DN': 0.7767, 'CC': 0.9996, 'SCC': 0.9966, 'Q2n': 0.9721}
consistency: {'cons_H_dB': 62.16617973702687, 'cons_M_dB': 71.36089403680522} | self-ensemble: {'cons_H_dB': 62.3150414248083, 'cons_M_dB': 72.17301727839566}
