pavia x4: train [(92, 424, 715), (92, 512, 187)] test (4, 92, 256, 256) val (63, 92, 64, 64), 1.0 = 8000 DN  (4s)
[external] mimformer: https://github.com/meiruni/MIMFormer @ 0904158a8d53c590bcc497ad94b6fd4f6c167c19
/usr/local/lib/python3.13/dist-packages/timm/models/layers/__init__.py:49: FutureWarning: Importing from timm.models.layers is deprecated, please import via timm.layers
  warnings.warn(f"Importing from {__name__} is deprecated, please import via timm.layers", FutureWarning)
mimformer (reflect borders): 16.38M params on 1 x cuda; batch 8 x 1; epoch = 12 iters; eval every 1000 iters; deadline in 4.00 h; schedule by time
bicubic test: {'PSNR': 25.5166, 'PSNR_psrt': 25.1078, 'MPSNR_peak1': 25.8716, 'SSIM': 0.6282, 'SSIM_psrt': 0.6427, 'SAM': 6.5539, 'ERGAS': 9.8525, 'RMSE_DN': 436.3207, 'CC': 0.8174, 'SCC': 0.7526, 'Q2n': 0.6806}
GSA test: {'PSNR': 34.7757, 'PSNR_psrt': 34.3668, 'MPSNR_peak1': 35.1931, 'SSIM': 0.9438, 'SSIM_psrt': 0.945, 'SAM': 5.2291, 'ERGAS': 3.4939, 'RMSE_DN': 157.9259, 'CC': 0.9958, 'SCC': 0.9922, 'Q2n': 0.9276}
ep    83.3 it   1000 loss 0.02569 lr 1.00e-04 val PSNR 31.939 SSIM 0.9068 SAM 6.102 | best val 31.939 (0.05 h)
ep   166.7 it   2000 loss 0.00851 lr 9.99e-05 val PSNR 37.588 SSIM 0.9746 SAM 3.673 | best val 37.588 (0.09 h)
ep   250.0 it   3000 loss 0.00516 lr 9.98e-05 val PSNR 40.948 SSIM 0.9868 SAM 2.834 | best val 40.948 (0.13 h)
ep   333.3 it   4000 loss 0.00408 lr 9.96e-05 val PSNR 42.651 SSIM 0.9904 SAM 2.474 | best val 42.651 (0.17 h)
ep   416.7 it   5000 loss 0.00361 lr 9.93e-05 val PSNR 43.597 SSIM 0.9920 SAM 2.260 | best val 43.597 (0.22 h)
ep   500.0 it   6000 loss 0.00334 lr 9.90e-05 val PSNR 44.193 SSIM 0.9927 SAM 2.129 | best val 44.193 (0.26 h)
ep   583.3 it   7000 loss 0.00320 lr 9.87e-05 val PSNR 44.571 SSIM 0.9933 SAM 2.033 | best val 44.571 (0.30 h)
ep   666.7 it   8000 loss 0.00306 lr 9.83e-05 val PSNR 44.984 SSIM 0.9937 SAM 1.962 | best val 44.984 (0.34 h)
ep   750.0 it   9000 loss 0.00295 lr 9.79e-05 val PSNR 45.196 SSIM 0.9940 SAM 1.910 | best val 45.196 (0.38 h)
ep   833.3 it  10000 loss 0.00287 lr 9.74e-05 val PSNR 45.351 SSIM 0.9943 SAM 1.870 | best val 45.351 (0.42 h)
ep   916.7 it  11000 loss 0.00280 lr 9.68e-05 val PSNR 45.742 SSIM 0.9946 SAM 1.810 | best val 45.742 (0.46 h)
ep  1000.0 it  12000 loss 0.00275 lr 9.62e-05 val PSNR 45.908 SSIM 0.9948 SAM 1.782 | best val 45.908 (0.50 h)
ep  1083.3 it  13000 loss 0.00273 lr 9.56e-05 val PSNR 46.004 SSIM 0.9949 SAM 1.761 | best val 46.004 (0.54 h)
ep  1166.7 it  14000 loss 0.00267 lr 9.49e-05 val PSNR 46.163 SSIM 0.9950 SAM 1.731 | best val 46.163 (0.58 h)
ep  1250.0 it  15000 loss 0.00266 lr 9.42e-05 val PSNR 46.186 SSIM 0.9951 SAM 1.714 | best val 46.186 (0.63 h)
ep  1333.3 it  16000 loss 0.00260 lr 9.34e-05 val PSNR 46.385 SSIM 0.9953 SAM 1.690 | best val 46.385 (0.67 h)
ep  1416.7 it  17000 loss 0.00257 lr 9.26e-05 val PSNR 46.495 SSIM 0.9954 SAM 1.672 | best val 46.495 (0.71 h)
ep  1500.0 it  18000 loss 0.00255 lr 9.17e-05 val PSNR 46.556 SSIM 0.9954 SAM 1.661 | best val 46.556 (0.75 h)
ep  1583.3 it  19000 loss 0.00254 lr 9.08e-05 val PSNR 46.617 SSIM 0.9955 SAM 1.651 | best val 46.617 (0.79 h)
ep  1666.7 it  20000 loss 0.00252 lr 8.99e-05 val PSNR 46.687 SSIM 0.9955 SAM 1.640 | best val 46.687 (0.83 h)
ep  1750.0 it  21000 loss 0.00252 lr 8.89e-05 val PSNR 46.732 SSIM 0.9956 SAM 1.634 | best val 46.732 (0.87 h)
ep  1833.3 it  22000 loss 0.00248 lr 8.78e-05 val PSNR 46.793 SSIM 0.9956 SAM 1.625 | best val 46.793 (0.91 h)
ep  1916.7 it  23000 loss 0.00246 lr 8.68e-05 val PSNR 46.829 SSIM 0.9956 SAM 1.618 | best val 46.829 (0.95 h)
ep  2000.0 it  24000 loss 0.00246 lr 8.57e-05 val PSNR 46.848 SSIM 0.9956 SAM 1.613 | best val 46.848 (0.99 h)
ep  2083.3 it  25000 loss 0.00244 lr 8.45e-05 val PSNR 46.899 SSIM 0.9957 SAM 1.608 | best val 46.899 (1.04 h)
ep  2166.7 it  26000 loss 0.00245 lr 8.33e-05 val PSNR 46.909 SSIM 0.9957 SAM 1.605 | best val 46.909 (1.08 h)
ep  2250.0 it  27000 loss 0.00242 lr 8.21e-05 val PSNR 46.975 SSIM 0.9957 SAM 1.594 | best val 46.975 (1.12 h)
ep  2333.3 it  28000 loss 0.00241 lr 8.09e-05 val PSNR 47.011 SSIM 0.9957 SAM 1.588 | best val 47.011 (1.16 h)
ep  2416.7 it  29000 loss 0.00241 lr 7.96e-05 val PSNR 47.043 SSIM 0.9958 SAM 1.581 | best val 47.043 (1.20 h)
ep  2500.0 it  30000 loss 0.00239 lr 7.83e-05 val PSNR 47.064 SSIM 0.9958 SAM 1.577 | best val 47.064 (1.24 h)
ep  2583.3 it  31000 loss 0.00239 lr 7.69e-05 val PSNR 47.095 SSIM 0.9958 SAM 1.572 | best val 47.095 (1.28 h)
ep  2666.7 it  32000 loss 0.00238 lr 7.55e-05 val PSNR 47.121 SSIM 0.9958 SAM 1.568 | best val 47.121 (1.32 h)
ep  2750.0 it  33000 loss 0.00237 lr 7.42e-05 val PSNR 47.124 SSIM 0.9958 SAM 1.568 | best val 47.124 (1.36 h)
ep  2833.3 it  34000 loss 0.00236 lr 7.27e-05 val PSNR 47.169 SSIM 0.9958 SAM 1.561 | best val 47.169 (1.40 h)
ep  2916.7 it  35000 loss 0.00236 lr 7.13e-05 val PSNR 47.198 SSIM 0.9958 SAM 1.556 | best val 47.198 (1.44 h)
ep  3000.0 it  36000 loss 0.00235 lr 6.98e-05 val PSNR 47.215 SSIM 0.9959 SAM 1.553 | best val 47.215 (1.49 h)
ep  3083.3 it  37000 loss 0.00235 lr 6.83e-05 val PSNR 47.235 SSIM 0.9959 SAM 1.550 | best val 47.235 (1.53 h)
ep  3166.7 it  38000 loss 0.00234 lr 6.68e-05 val PSNR 47.254 SSIM 0.9959 SAM 1.548 | best val 47.254 (1.57 h)
ep  3250.0 it  39000 loss 0.00233 lr 6.53e-05 val PSNR 47.270 SSIM 0.9959 SAM 1.544 | best val 47.270 (1.61 h)
ep  3333.3 it  40000 loss 0.00233 lr 6.37e-05 val PSNR 47.289 SSIM 0.9959 SAM 1.542 | best val 47.289 (1.65 h)
ep  3416.7 it  41000 loss 0.00233 lr 6.22e-05 val PSNR 47.303 SSIM 0.9959 SAM 1.540 | best val 47.303 (1.69 h)
ep  3500.0 it  42000 loss 0.00232 lr 6.06e-05 val PSNR 47.320 SSIM 0.9959 SAM 1.538 | best val 47.320 (1.73 h)
ep  3583.3 it  43000 loss 0.00231 lr 5.90e-05 val PSNR 47.337 SSIM 0.9959 SAM 1.535 | best val 47.337 (1.77 h)
ep  3666.7 it  44000 loss 0.00231 lr 5.74e-05 val PSNR 47.359 SSIM 0.9959 SAM 1.532 | best val 47.359 (1.81 h)
ep  3750.0 it  45000 loss 0.00233 lr 5.59e-05 val PSNR 47.322 SSIM 0.9959 SAM 1.537 | best val 47.359 (1.85 h)
ep  3833.3 it  46000 loss 0.00230 lr 5.42e-05 val PSNR 47.382 SSIM 0.9959 SAM 1.529 | best val 47.382 (1.90 h)
ep  3916.7 it  47000 loss 0.00229 lr 5.26e-05 val PSNR 47.399 SSIM 0.9960 SAM 1.526 | best val 47.399 (1.94 h)
ep  4000.0 it  48000 loss 0.00229 lr 5.10e-05 val PSNR 47.411 SSIM 0.9960 SAM 1.524 | best val 47.411 (1.98 h)
ep  4083.3 it  49000 loss 0.00229 lr 4.94e-05 val PSNR 47.429 SSIM 0.9960 SAM 1.523 | best val 47.429 (2.02 h)
ep  4166.7 it  50000 loss 0.00229 lr 4.78e-05 val PSNR 47.436 SSIM 0.9960 SAM 1.521 | best val 47.436 (2.06 h)
ep  4250.0 it  51000 loss 0.00228 lr 4.62e-05 val PSNR 47.452 SSIM 0.9960 SAM 1.519 | best val 47.452 (2.10 h)
ep  4333.3 it  52000 loss 0.00228 lr 4.46e-05 val PSNR 47.461 SSIM 0.9960 SAM 1.518 | best val 47.461 (2.14 h)
ep  4416.7 it  53000 loss 0.00227 lr 4.30e-05 val PSNR 47.466 SSIM 0.9960 SAM 1.516 | best val 47.466 (2.18 h)
ep  4500.0 it  54000 loss 0.00227 lr 4.14e-05 val PSNR 47.481 SSIM 0.9960 SAM 1.515 | best val 47.481 (2.22 h)
ep  4583.3 it  55000 loss 0.00226 lr 3.98e-05 val PSNR 47.492 SSIM 0.9960 SAM 1.513 | best val 47.492 (2.26 h)
ep  4666.7 it  56000 loss 0.00226 lr 3.82e-05 val PSNR 47.509 SSIM 0.9960 SAM 1.511 | best val 47.509 (2.31 h)
ep  4750.0 it  57000 loss 0.00226 lr 3.67e-05 val PSNR 47.518 SSIM 0.9960 SAM 1.510 | best val 47.518 (2.35 h)
ep  4833.3 it  58000 loss 0.00226 lr 3.51e-05 val PSNR 47.531 SSIM 0.9960 SAM 1.507 | best val 47.531 (2.39 h)
ep  4916.7 it  59000 loss 0.00225 lr 3.36e-05 val PSNR 47.541 SSIM 0.9960 SAM 1.506 | best val 47.541 (2.43 h)
ep  5000.0 it  60000 loss 0.00227 lr 3.21e-05 val PSNR 47.516 SSIM 0.9960 SAM 1.510 | best val 47.541 (2.47 h)
ep  5083.3 it  61000 loss 0.00225 lr 3.06e-05 val PSNR 47.540 SSIM 0.9960 SAM 1.505 | best val 47.541 (2.51 h)
ep  5166.7 it  62000 loss 0.00225 lr 2.91e-05 val PSNR 47.566 SSIM 0.9960 SAM 1.503 | best val 47.566 (2.55 h)
ep  5250.0 it  63000 loss 0.00225 lr 2.77e-05 val PSNR 47.576 SSIM 0.9960 SAM 1.502 | best val 47.576 (2.59 h)
ep  5333.3 it  64000 loss 0.00224 lr 2.62e-05 val PSNR 47.587 SSIM 0.9961 SAM 1.499 | best val 47.587 (2.63 h)
ep  5416.7 it  65000 loss 0.00224 lr 2.48e-05 val PSNR 47.590 SSIM 0.9961 SAM 1.499 | best val 47.590 (2.67 h)
ep  5500.0 it  66000 loss 0.00223 lr 2.35e-05 val PSNR 47.598 SSIM 0.9961 SAM 1.498 | best val 47.598 (2.71 h)
ep  5583.3 it  67000 loss 0.00224 lr 2.21e-05 val PSNR 47.609 SSIM 0.9961 SAM 1.496 | best val 47.609 (2.76 h)
ep  5666.7 it  68000 loss 0.00223 lr 2.08e-05 val PSNR 47.619 SSIM 0.9961 SAM 1.495 | best val 47.619 (2.80 h)
ep  5750.0 it  69000 loss 0.00223 lr 1.95e-05 val PSNR 47.628 SSIM 0.9961 SAM 1.494 | best val 47.628 (2.84 h)
ep  5833.3 it  70000 loss 0.00223 lr 1.82e-05 val PSNR 47.635 SSIM 0.9961 SAM 1.493 | best val 47.635 (2.88 h)
ep  5916.7 it  71000 loss 0.00223 lr 1.70e-05 val PSNR 47.644 SSIM 0.9961 SAM 1.491 | best val 47.644 (2.92 h)
ep  6000.0 it  72000 loss 0.00223 lr 1.58e-05 val PSNR 47.654 SSIM 0.9961 SAM 1.490 | best val 47.654 (2.96 h)
ep  6083.3 it  73000 loss 0.00222 lr 1.47e-05 val PSNR 47.659 SSIM 0.9961 SAM 1.489 | best val 47.659 (3.00 h)
ep  6166.7 it  74000 loss 0.00222 lr 1.35e-05 val PSNR 47.668 SSIM 0.9961 SAM 1.488 | best val 47.668 (3.04 h)
ep  6250.0 it  75000 loss 0.00222 lr 1.25e-05 val PSNR 47.663 SSIM 0.9961 SAM 1.488 | best val 47.668 (3.08 h)
ep  6333.3 it  76000 loss 0.00222 lr 1.14e-05 val PSNR 47.667 SSIM 0.9961 SAM 1.488 | best val 47.668 (3.12 h)
ep  6416.7 it  77000 loss 0.00222 lr 1.04e-05 val PSNR 47.672 SSIM 0.9961 SAM 1.487 | best val 47.672 (3.17 h)
ep  6500.0 it  78000 loss 0.00222 lr 9.44e-06 val PSNR 47.679 SSIM 0.9961 SAM 1.486 | best val 47.679 (3.21 h)
ep  6583.3 it  79000 loss 0.00222 lr 8.52e-06 val PSNR 47.683 SSIM 0.9961 SAM 1.486 | best val 47.683 (3.25 h)
ep  6666.7 it  80000 loss 0.00221 lr 7.64e-06 val PSNR 47.686 SSIM 0.9961 SAM 1.485 | best val 47.686 (3.29 h)
ep  6750.0 it  81000 loss 0.00221 lr 6.81e-06 val PSNR 47.687 SSIM 0.9961 SAM 1.485 | best val 47.687 (3.33 h)
ep  6833.3 it  82000 loss 0.00221 lr 6.02e-06 val PSNR 47.687 SSIM 0.9961 SAM 1.486 | best val 47.687 (3.37 h)
ep  6916.7 it  83000 loss 0.00221 lr 5.28e-06 val PSNR 47.692 SSIM 0.9961 SAM 1.485 | best val 47.692 (3.41 h)
ep  7000.0 it  84000 loss 0.00221 lr 4.58e-06 val PSNR 47.695 SSIM 0.9961 SAM 1.484 | best val 47.695 (3.45 h)
ep  7083.3 it  85000 loss 0.00221 lr 3.93e-06 val PSNR 47.691 SSIM 0.9961 SAM 1.485 | best val 47.695 (3.49 h)
ep  7166.7 it  86000 loss 0.00221 lr 3.33e-06 val PSNR 47.693 SSIM 0.9961 SAM 1.485 | best val 47.695 (3.53 h)
ep  7250.0 it  87000 loss 0.00221 lr 2.78e-06 val PSNR 47.694 SSIM 0.9961 SAM 1.485 | best val 47.695 (3.57 h)
ep  7333.3 it  88000 loss 0.00221 lr 2.27e-06 val PSNR 47.699 SSIM 0.9961 SAM 1.484 | best val 47.699 (3.62 h)
ep  7416.7 it  89000 loss 0.00221 lr 1.82e-06 val PSNR 47.698 SSIM 0.9961 SAM 1.484 | best val 47.699 (3.66 h)
ep  7500.0 it  90000 loss 0.00221 lr 1.41e-06 val PSNR 47.697 SSIM 0.9961 SAM 1.484 | best val 47.699 (3.70 h)
ep  7583.3 it  91000 loss 0.00221 lr 1.06e-06 val PSNR 47.697 SSIM 0.9961 SAM 1.484 | best val 47.699 (3.74 h)
ep  7666.7 it  92000 loss 0.00221 lr 7.54e-07 val PSNR 47.699 SSIM 0.9961 SAM 1.484 | best val 47.699 (3.78 h)
ep  7750.0 it  93000 loss 0.00221 lr 5.01e-07 val PSNR 47.700 SSIM 0.9961 SAM 1.484 | best val 47.700 (3.82 h)
ep  7833.3 it  94000 loss 0.00221 lr 3.00e-07 val PSNR 47.700 SSIM 0.9961 SAM 1.484 | best val 47.700 (3.86 h)
ep  7916.7 it  95000 loss 0.00221 lr 1.49e-07 val PSNR 47.699 SSIM 0.9961 SAM 1.484 | best val 47.700 (3.90 h)
ep  8000.0 it  96000 loss 0.00221 lr 1.00e-07 val PSNR 47.700 SSIM 0.9961 SAM 1.484 | best val 47.700 (3.94 h)
ep  8083.3 it  97000 loss 0.00221 lr 1.00e-07 val PSNR 47.702 SSIM 0.9961 SAM 1.484 | best val 47.702 (3.98 h)
ep  8116.7 it  97400 loss 0.00221 lr 1.00e-07 val PSNR 47.700 SSIM 0.9961 SAM 1.484 | best val 47.702 (4.00 h)
time budget reached at it 97400 (epoch 8116.7); continue with --resume <out>/last.pt
TEST: {'PSNR': 49.63, 'PSNR_psrt': 49.2212, 'MPSNR_peak1': 50.1374, 'SSIM': 0.9967, 'SSIM_psrt': 0.9971, 'SAM': 1.9821, 'ERGAS': 0.6736, 'RMSE_DN': 26.6632, 'CC': 0.9993, 'SCC': 0.9993, 'Q2n': 0.9738}
TEST (self-ensemble): {'PSNR': 49.6711, 'PSNR_psrt': 49.2622, 'MPSNR_peak1': 50.1748, 'SSIM': 0.9967, 'SSIM_psrt': 0.9971, 'SAM': 1.9736, 'ERGAS': 0.6713, 'RMSE_DN': 26.5398, 'CC': 0.9993, 'SCC': 0.9993, 'Q2n': 0.9739}
consistency: {'cons_H_dB': 68.23441080547897, 'cons_M_dB': 70.98157680561695} | self-ensemble: {'cons_H_dB': 68.43322522362598, 'cons_M_dB': 71.85561041330534}
