pavia x4: train [(92, 424, 715), (92, 512, 187)] test (4, 92, 256, 256) val (63, 92, 64, 64), 1.0 = 8000 DN  (2s)
puformer (reflect borders): 6.66M params on 1 x cuda; batch 8 x 1; epoch = 12 iters; eval every 1000 iters; deadline in 4.00 h; schedule by time
bicubic test: {'PSNR': 25.5166, 'PSNR_psrt': 25.1078, 'MPSNR_peak1': 25.8716, 'SSIM': 0.6282, 'SSIM_psrt': 0.6427, 'SAM': 6.5539, 'ERGAS': 9.8525, 'RMSE_DN': 436.3207, 'CC': 0.8174, 'SCC': 0.7526, 'Q2n': 0.6806}
GSA test: {'PSNR': 34.7757, 'PSNR_psrt': 34.3668, 'MPSNR_peak1': 35.1931, 'SSIM': 0.9438, 'SSIM_psrt': 0.945, 'SAM': 5.2291, 'ERGAS': 3.4939, 'RMSE_DN': 157.9259, 'CC': 0.9958, 'SCC': 0.9922, 'Q2n': 0.9276}
ep    83.3 it   1000 loss 0.01856 lr 3.00e-04 val PSNR 41.220 SSIM 0.9891 SAM 2.439 | best val 41.220 (0.08 h)
ep   166.7 it   2000 loss 0.00710 lr 2.99e-04 val PSNR 44.937 SSIM 0.9940 SAM 1.897 | best val 44.937 (0.15 h)
ep   250.0 it   3000 loss 0.00608 lr 2.98e-04 val PSNR 46.210 SSIM 0.9953 SAM 1.702 | best val 46.210 (0.22 h)
ep   333.3 it   4000 loss 0.00552 lr 2.96e-04 val PSNR 47.064 SSIM 0.9958 SAM 1.572 | best val 47.064 (0.29 h)
ep   416.7 it   5000 loss 0.00527 lr 2.94e-04 val PSNR 47.437 SSIM 0.9960 SAM 1.521 | best val 47.437 (0.37 h)
ep   500.0 it   6000 loss 0.00513 lr 2.91e-04 val PSNR 47.643 SSIM 0.9961 SAM 1.494 | best val 47.643 (0.44 h)
ep   583.3 it   7000 loss 0.00509 lr 2.89e-04 val PSNR 47.777 SSIM 0.9962 SAM 1.477 | best val 47.777 (0.51 h)
ep   666.7 it   8000 loss 0.00509 lr 2.85e-04 val PSNR 47.879 SSIM 0.9962 SAM 1.464 | best val 47.879 (0.58 h)
ep   750.0 it   9000 loss 0.00501 lr 2.81e-04 val PSNR 47.954 SSIM 0.9963 SAM 1.454 | best val 47.954 (0.65 h)
ep   833.3 it  10000 loss 0.00507 lr 2.77e-04 val PSNR 48.013 SSIM 0.9963 SAM 1.448 | best val 48.013 (0.72 h)
ep   916.7 it  11000 loss 0.00491 lr 2.73e-04 val PSNR 48.086 SSIM 0.9963 SAM 1.438 | best val 48.086 (0.79 h)
ep  1000.0 it  12000 loss 0.00495 lr 2.68e-04 val PSNR 48.150 SSIM 0.9963 SAM 1.430 | best val 48.150 (0.86 h)
ep  1083.3 it  13000 loss 0.00492 lr 2.62e-04 val PSNR 48.195 SSIM 0.9964 SAM 1.424 | best val 48.195 (0.93 h)
ep  1166.7 it  14000 loss 0.00491 lr 2.57e-04 val PSNR 48.226 SSIM 0.9964 SAM 1.419 | best val 48.226 (1.00 h)
ep  1250.0 it  15000 loss 0.00492 lr 2.51e-04 val PSNR 48.265 SSIM 0.9964 SAM 1.414 | best val 48.265 (1.07 h)
ep  1333.3 it  16000 loss 0.00489 lr 2.44e-04 val PSNR 48.292 SSIM 0.9964 SAM 1.410 | best val 48.292 (1.14 h)
ep  1416.7 it  17000 loss 0.00481 lr 2.38e-04 val PSNR 48.318 SSIM 0.9964 SAM 1.406 | best val 48.318 (1.21 h)
ep  1500.0 it  18000 loss 0.00480 lr 2.31e-04 val PSNR 48.332 SSIM 0.9964 SAM 1.404 | best val 48.332 (1.28 h)
ep  1583.3 it  19000 loss 0.00485 lr 2.24e-04 val PSNR 48.350 SSIM 0.9964 SAM 1.401 | best val 48.350 (1.35 h)
ep  1666.7 it  20000 loss 0.00474 lr 2.17e-04 val PSNR 48.365 SSIM 0.9964 SAM 1.399 | best val 48.365 (1.42 h)
ep  1750.0 it  21000 loss 0.00483 lr 2.09e-04 val PSNR 48.377 SSIM 0.9964 SAM 1.398 | best val 48.377 (1.49 h)
ep  1833.3 it  22000 loss 0.00474 lr 2.02e-04 val PSNR 48.390 SSIM 0.9964 SAM 1.396 | best val 48.390 (1.56 h)
ep  1916.7 it  23000 loss 0.00472 lr 1.94e-04 val PSNR 48.405 SSIM 0.9965 SAM 1.394 | best val 48.405 (1.63 h)
ep  2000.0 it  24000 loss 0.00476 lr 1.86e-04 val PSNR 48.418 SSIM 0.9965 SAM 1.393 | best val 48.418 (1.70 h)
ep  2083.3 it  25000 loss 0.00471 lr 1.78e-04 val PSNR 48.435 SSIM 0.9965 SAM 1.392 | best val 48.435 (1.77 h)
ep  2166.7 it  26000 loss 0.00471 lr 1.70e-04 val PSNR 48.441 SSIM 0.9965 SAM 1.391 | best val 48.441 (1.84 h)
ep  2250.0 it  27000 loss 0.00463 lr 1.61e-04 val PSNR 48.448 SSIM 0.9965 SAM 1.390 | best val 48.448 (1.91 h)
ep  2333.3 it  28000 loss 0.00475 lr 1.53e-04 val PSNR 48.458 SSIM 0.9965 SAM 1.389 | best val 48.458 (1.98 h)
ep  2416.7 it  29000 loss 0.00474 lr 1.45e-04 val PSNR 48.464 SSIM 0.9965 SAM 1.389 | best val 48.464 (2.05 h)
ep  2500.0 it  30000 loss 0.00470 lr 1.37e-04 val PSNR 48.473 SSIM 0.9965 SAM 1.388 | best val 48.473 (2.12 h)
ep  2583.3 it  31000 loss 0.00475 lr 1.28e-04 val PSNR 48.476 SSIM 0.9965 SAM 1.388 | best val 48.476 (2.19 h)
ep  2666.7 it  32000 loss 0.00465 lr 1.20e-04 val PSNR 48.479 SSIM 0.9965 SAM 1.387 | best val 48.479 (2.26 h)
ep  2750.0 it  33000 loss 0.00464 lr 1.12e-04 val PSNR 48.483 SSIM 0.9965 SAM 1.387 | best val 48.483 (2.33 h)
ep  2833.3 it  34000 loss 0.00467 lr 1.04e-04 val PSNR 48.488 SSIM 0.9965 SAM 1.386 | best val 48.488 (2.40 h)
ep  2916.7 it  35000 loss 0.00464 lr 9.65e-05 val PSNR 48.490 SSIM 0.9965 SAM 1.386 | best val 48.490 (2.47 h)
ep  3000.0 it  36000 loss 0.00460 lr 8.89e-05 val PSNR 48.488 SSIM 0.9965 SAM 1.386 | best val 48.490 (2.54 h)
ep  3083.3 it  37000 loss 0.00468 lr 8.14e-05 val PSNR 48.490 SSIM 0.9965 SAM 1.386 | best val 48.490 (2.61 h)
ep  3166.7 it  38000 loss 0.00472 lr 7.42e-05 val PSNR 48.492 SSIM 0.9965 SAM 1.386 | best val 48.492 (2.68 h)
ep  3250.0 it  39000 loss 0.00465 lr 6.72e-05 val PSNR 48.493 SSIM 0.9965 SAM 1.385 | best val 48.493 (2.75 h)
ep  3333.3 it  40000 loss 0.00471 lr 6.05e-05 val PSNR 48.496 SSIM 0.9965 SAM 1.385 | best val 48.496 (2.82 h)
ep  3416.7 it  41000 loss 0.00469 lr 5.40e-05 val PSNR 48.497 SSIM 0.9965 SAM 1.385 | best val 48.497 (2.89 h)
ep  3500.0 it  42000 loss 0.00465 lr 4.78e-05 val PSNR 48.499 SSIM 0.9965 SAM 1.385 | best val 48.499 (2.96 h)
ep  3583.3 it  43000 loss 0.00454 lr 4.19e-05 val PSNR 48.500 SSIM 0.9965 SAM 1.385 | best val 48.500 (3.03 h)
ep  3666.7 it  44000 loss 0.00470 lr 3.64e-05 val PSNR 48.502 SSIM 0.9965 SAM 1.385 | best val 48.502 (3.10 h)
ep  3750.0 it  45000 loss 0.00466 lr 3.11e-05 val PSNR 48.503 SSIM 0.9965 SAM 1.385 | best val 48.503 (3.17 h)
ep  3833.3 it  46000 loss 0.00469 lr 2.63e-05 val PSNR 48.502 SSIM 0.9965 SAM 1.385 | best val 48.503 (3.24 h)
ep  3916.7 it  47000 loss 0.00477 lr 2.18e-05 val PSNR 48.502 SSIM 0.9965 SAM 1.385 | best val 48.503 (3.31 h)
ep  4000.0 it  48000 loss 0.00458 lr 1.77e-05 val PSNR 48.502 SSIM 0.9965 SAM 1.385 | best val 48.503 (3.38 h)
ep  4083.3 it  49000 loss 0.00464 lr 1.40e-05 val PSNR 48.502 SSIM 0.9965 SAM 1.385 | best val 48.503 (3.45 h)
ep  4166.7 it  50000 loss 0.00461 lr 1.07e-05 val PSNR 48.503 SSIM 0.9965 SAM 1.385 | best val 48.503 (3.52 h)
ep  4250.0 it  51000 loss 0.00464 lr 7.88e-06 val PSNR 48.503 SSIM 0.9965 SAM 1.385 | best val 48.503 (3.59 h)
ep  4333.3 it  52000 loss 0.00473 lr 5.45e-06 val PSNR 48.504 SSIM 0.9965 SAM 1.385 | best val 48.504 (3.66 h)
ep  4416.7 it  53000 loss 0.00459 lr 3.47e-06 val PSNR 48.504 SSIM 0.9965 SAM 1.385 | best val 48.504 (3.73 h)
ep  4500.0 it  54000 loss 0.00459 lr 1.92e-06 val PSNR 48.504 SSIM 0.9965 SAM 1.385 | best val 48.504 (3.80 h)
ep  4583.3 it  55000 loss 0.00465 lr 8.30e-07 val PSNR 48.504 SSIM 0.9965 SAM 1.385 | best val 48.504 (3.87 h)
ep  4666.7 it  56000 loss 0.00457 lr 3.00e-07 val PSNR 48.504 SSIM 0.9965 SAM 1.385 | best val 48.504 (3.94 h)
ep  4745.8 it  56950 loss 0.00463 lr 3.00e-07 val PSNR 48.504 SSIM 0.9965 SAM 1.385 | best val 48.504 (4.00 h)
time budget reached at it 56950 (epoch 4745.8); continue with --resume <out>/last.pt
TEST: {'PSNR': 50.644, 'PSNR_psrt': 50.2351, 'MPSNR_peak1': 51.1529, 'SSIM': 0.9969, 'SSIM_psrt': 0.9974, 'SAM': 1.9011, 'ERGAS': 0.6193, 'RMSE_DN': 23.6389, 'CC': 0.9994, 'SCC': 0.9995, 'Q2n': 0.9752}
TEST (self-ensemble): {'PSNR': 50.7053, 'PSNR_psrt': 50.2964, 'MPSNR_peak1': 51.2109, 'SSIM': 0.997, 'SSIM_psrt': 0.9974, 'SAM': 1.8919, 'ERGAS': 0.6162, 'RMSE_DN': 23.4745, 'CC': 0.9994, 'SCC': 0.9995, 'Q2n': 0.9753}
consistency: {'cons_H_dB': 75.01429852749865, 'cons_M_dB': 73.35324313041465} | self-ensemble: {'cons_H_dB': 75.42409689316608, 'cons_M_dB': 73.85424629881355}
