pavia x4: train [(92, 424, 715), (92, 512, 187)] test (4, 92, 256, 256) val (63, 92, 64, 64), 1.0 = 8000 DN  (2s)
puformer (reflect borders): 9.99M params on 1 x cuda; batch 8 x 1; epoch = 12 iters; eval every 1000 iters; deadline in 4.00 h; schedule by time
bicubic test: {'PSNR': 25.5166, 'PSNR_psrt': 25.1078, 'MPSNR_peak1': 25.8716, 'SSIM': 0.6282, 'SSIM_psrt': 0.6427, 'SAM': 6.5539, 'ERGAS': 9.8525, 'RMSE_DN': 436.3207, 'CC': 0.8174, 'SCC': 0.7526, 'Q2n': 0.6806}
GSA test: {'PSNR': 34.7757, 'PSNR_psrt': 34.3668, 'MPSNR_peak1': 35.1931, 'SSIM': 0.9438, 'SSIM_psrt': 0.945, 'SAM': 5.2291, 'ERGAS': 3.4939, 'RMSE_DN': 157.9259, 'CC': 0.9958, 'SCC': 0.9922, 'Q2n': 0.9276}
ep    83.3 it   1000 loss 0.01525 lr 3.00e-04 val PSNR 42.885 SSIM 0.9920 SAM 2.181 | best val 42.885 (0.12 h)
ep   166.7 it   2000 loss 0.00623 lr 2.98e-04 val PSNR 45.615 SSIM 0.9947 SAM 1.797 | best val 45.615 (0.22 h)
ep   250.0 it   3000 loss 0.00540 lr 2.95e-04 val PSNR 46.669 SSIM 0.9956 SAM 1.632 | best val 46.669 (0.33 h)
ep   333.3 it   4000 loss 0.00511 lr 2.92e-04 val PSNR 47.328 SSIM 0.9959 SAM 1.534 | best val 47.328 (0.43 h)
ep   416.7 it   5000 loss 0.00492 lr 2.87e-04 val PSNR 47.630 SSIM 0.9961 SAM 1.493 | best val 47.630 (0.53 h)
ep   500.0 it   6000 loss 0.00487 lr 2.82e-04 val PSNR 47.804 SSIM 0.9962 SAM 1.471 | best val 47.804 (0.64 h)
ep   583.3 it   7000 loss 0.00477 lr 2.76e-04 val PSNR 47.930 SSIM 0.9962 SAM 1.458 | best val 47.930 (0.74 h)
ep   666.7 it   8000 loss 0.00471 lr 2.68e-04 val PSNR 48.041 SSIM 0.9963 SAM 1.447 | best val 48.041 (0.84 h)
ep   750.0 it   9000 loss 0.00470 lr 2.61e-04 val PSNR 48.110 SSIM 0.9963 SAM 1.438 | best val 48.110 (0.95 h)
ep   833.3 it  10000 loss 0.00464 lr 2.52e-04 val PSNR 48.156 SSIM 0.9963 SAM 1.430 | best val 48.156 (1.05 h)
ep   916.7 it  11000 loss 0.00455 lr 2.43e-04 val PSNR 48.193 SSIM 0.9963 SAM 1.424 | best val 48.193 (1.16 h)
ep  1000.0 it  12000 loss 0.00465 lr 2.33e-04 val PSNR 48.225 SSIM 0.9964 SAM 1.419 | best val 48.225 (1.26 h)
ep  1083.3 it  13000 loss 0.00459 lr 2.22e-04 val PSNR 48.264 SSIM 0.9964 SAM 1.414 | best val 48.264 (1.36 h)
ep  1166.7 it  14000 loss 0.00456 lr 2.11e-04 val PSNR 48.301 SSIM 0.9964 SAM 1.409 | best val 48.301 (1.47 h)
ep  1250.0 it  15000 loss 0.00455 lr 2.00e-04 val PSNR 48.330 SSIM 0.9964 SAM 1.406 | best val 48.330 (1.57 h)
ep  1333.3 it  16000 loss 0.00448 lr 1.88e-04 val PSNR 48.349 SSIM 0.9964 SAM 1.403 | best val 48.349 (1.67 h)
ep  1416.7 it  17000 loss 0.00457 lr 1.77e-04 val PSNR 48.366 SSIM 0.9964 SAM 1.401 | best val 48.366 (1.78 h)
ep  1500.0 it  18000 loss 0.00442 lr 1.64e-04 val PSNR 48.380 SSIM 0.9964 SAM 1.399 | best val 48.380 (1.88 h)
ep  1583.3 it  19000 loss 0.00450 lr 1.52e-04 val PSNR 48.397 SSIM 0.9964 SAM 1.396 | best val 48.397 (1.98 h)
ep  1666.7 it  20000 loss 0.00452 lr 1.40e-04 val PSNR 48.409 SSIM 0.9964 SAM 1.395 | best val 48.409 (2.09 h)
ep  1750.0 it  21000 loss 0.00445 lr 1.28e-04 val PSNR 48.420 SSIM 0.9965 SAM 1.393 | best val 48.420 (2.19 h)
ep  1833.3 it  22000 loss 0.00460 lr 1.16e-04 val PSNR 48.429 SSIM 0.9965 SAM 1.392 | best val 48.429 (2.29 h)
ep  1916.7 it  23000 loss 0.00446 lr 1.04e-04 val PSNR 48.435 SSIM 0.9965 SAM 1.392 | best val 48.435 (2.40 h)
ep  2000.0 it  24000 loss 0.00453 lr 9.26e-05 val PSNR 48.440 SSIM 0.9965 SAM 1.391 | best val 48.440 (2.50 h)
ep  2083.3 it  25000 loss 0.00447 lr 8.16e-05 val PSNR 48.444 SSIM 0.9965 SAM 1.390 | best val 48.444 (2.60 h)
ep  2166.7 it  26000 loss 0.00452 lr 7.09e-05 val PSNR 48.449 SSIM 0.9965 SAM 1.390 | best val 48.449 (2.71 h)
ep  2250.0 it  27000 loss 0.00437 lr 6.08e-05 val PSNR 48.452 SSIM 0.9965 SAM 1.390 | best val 48.452 (2.81 h)
ep  2333.3 it  28000 loss 0.00454 lr 5.13e-05 val PSNR 48.454 SSIM 0.9965 SAM 1.390 | best val 48.454 (2.92 h)
ep  2416.7 it  29000 loss 0.00446 lr 4.24e-05 val PSNR 48.454 SSIM 0.9965 SAM 1.390 | best val 48.454 (3.02 h)
ep  2500.0 it  30000 loss 0.00447 lr 3.43e-05 val PSNR 48.453 SSIM 0.9965 SAM 1.390 | best val 48.454 (3.12 h)
ep  2583.3 it  31000 loss 0.00443 lr 2.69e-05 val PSNR 48.455 SSIM 0.9965 SAM 1.390 | best val 48.455 (3.23 h)
ep  2666.7 it  32000 loss 0.00452 lr 2.04e-05 val PSNR 48.456 SSIM 0.9965 SAM 1.390 | best val 48.456 (3.33 h)
ep  2750.0 it  33000 loss 0.00442 lr 1.46e-05 val PSNR 48.456 SSIM 0.9965 SAM 1.390 | best val 48.456 (3.43 h)
ep  2833.3 it  34000 loss 0.00440 lr 9.83e-06 val PSNR 48.456 SSIM 0.9965 SAM 1.390 | best val 48.456 (3.54 h)
ep  2916.7 it  35000 loss 0.00443 lr 5.95e-06 val PSNR 48.456 SSIM 0.9965 SAM 1.390 | best val 48.456 (3.64 h)
ep  3000.0 it  36000 loss 0.00445 lr 3.03e-06 val PSNR 48.456 SSIM 0.9965 SAM 1.390 | best val 48.456 (3.74 h)
ep  3083.3 it  37000 loss 0.00441 lr 1.08e-06 val PSNR 48.455 SSIM 0.9965 SAM 1.390 | best val 48.456 (3.85 h)
ep  3166.7 it  38000 loss 0.00444 lr 3.00e-07 val PSNR 48.455 SSIM 0.9965 SAM 1.390 | best val 48.456 (3.95 h)
ep  3208.3 it  38500 loss 0.00437 lr 3.00e-07 val PSNR 48.456 SSIM 0.9965 SAM 1.390 | best val 48.456 (4.00 h)
time budget reached at it 38500 (epoch 3208.3); continue with --resume <out>/last.pt
TEST: {'PSNR': 50.5011, 'PSNR_psrt': 50.0922, 'MPSNR_peak1': 50.976, 'SSIM': 0.9969, 'SSIM_psrt': 0.9973, 'SAM': 1.9003, 'ERGAS': 0.6294, 'RMSE_DN': 24.0661, 'CC': 0.9994, 'SCC': 0.9995, 'Q2n': 0.9753}
TEST (self-ensemble): {'PSNR': 50.5723, 'PSNR_psrt': 50.1635, 'MPSNR_peak1': 51.0394, 'SSIM': 0.997, 'SSIM_psrt': 0.9974, 'SAM': 1.8915, 'ERGAS': 0.6257, 'RMSE_DN': 23.8701, 'CC': 0.9994, 'SCC': 0.9995, 'Q2n': 0.9754}
consistency: {'cons_H_dB': 77.72497510227268, 'cons_M_dB': 74.58108979391173} | self-ensemble: {'cons_H_dB': 78.47606232598815, 'cons_M_dB': 75.36102740587191}
