chikusei x4: train (128, 1632, 2048) test (8, 128, 256, 256) val (64, 128, 64, 64), 1.0 = 15133 DN  (1s)
[external] psrt: https://github.com/Deng-shangqi/PSRT @ 9c2be904f901d4b6e2991413adea753d94be73fd
/usr/local/lib/python3.13/dist-packages/timm/models/layers/__init__.py:49: FutureWarning: Importing from timm.models.layers is deprecated, please import via timm.layers
  warnings.warn(f"Importing from {__name__} is deprecated, please import via timm.layers", FutureWarning)
psrt (reflect borders): 0.30M params on 1 x cuda; batch 8 x 1; epoch = 102 iters; eval every 1000 iters; deadline in 4.00 h; schedule by time
bicubic test: {'PSNR': 33.6333, 'PSNR_psrt': 28.199, 'MPSNR_peak1': 35.251, 'SSIM': 0.7404, 'SSIM_psrt': 0.85, 'SAM': 4.4061, 'ERGAS': 9.0115, 'RMSE_DN': 321.8118, 'CC': 0.8408, 'SCC': 0.7648, 'Q2n': 0.6914}
GSA test: {'PSNR': 43.1966, 'PSNR_psrt': 37.7622, 'MPSNR_peak1': 44.8193, 'SSIM': 0.9778, 'SSIM_psrt': 0.9859, 'SAM': 2.73, 'ERGAS': 3.2791, 'RMSE_DN': 107.6883, 'CC': 0.9905, 'SCC': 0.9922, 'Q2n': 0.9596}
ep     9.8 it   1000 loss 0.27626 lr 1.00e-04 val PSNR 33.749 SSIM 0.6471 SAM 8.856 | best val 33.749 (0.07 h)
ep    19.6 it   2000 loss 0.00814 lr 9.98e-05 val PSNR 41.180 SSIM 0.9190 SAM 3.556 | best val 41.180 (0.13 h)
ep    29.4 it   3000 loss 0.00451 lr 9.95e-05 val PSNR 44.393 SSIM 0.9544 SAM 2.695 | best val 44.393 (0.19 h)
ep    39.2 it   4000 loss 0.00369 lr 9.90e-05 val PSNR 46.142 SSIM 0.9667 SAM 2.319 | best val 46.142 (0.26 h)
ep    49.0 it   5000 loss 0.00304 lr 9.85e-05 val PSNR 47.470 SSIM 0.9739 SAM 2.084 | best val 47.470 (0.32 h)
ep    58.8 it   6000 loss 0.00269 lr 9.79e-05 val PSNR 48.427 SSIM 0.9781 SAM 1.915 | best val 48.427 (0.38 h)
ep    68.6 it   7000 loss 0.00241 lr 9.71e-05 val PSNR 49.142 SSIM 0.9808 SAM 1.789 | best val 49.142 (0.44 h)
ep    78.4 it   8000 loss 0.00226 lr 9.62e-05 val PSNR 49.677 SSIM 0.9827 SAM 1.698 | best val 49.677 (0.51 h)
ep    88.2 it   9000 loss 0.00216 lr 9.52e-05 val PSNR 50.066 SSIM 0.9839 SAM 1.636 | best val 50.066 (0.57 h)
ep    98.0 it  10000 loss 0.00203 lr 9.41e-05 val PSNR 50.431 SSIM 0.9849 SAM 1.582 | best val 50.431 (0.63 h)
ep   107.8 it  11000 loss 0.00195 lr 9.29e-05 val PSNR 50.735 SSIM 0.9857 SAM 1.536 | best val 50.735 (0.69 h)
ep   117.6 it  12000 loss 0.00191 lr 9.16e-05 val PSNR 50.985 SSIM 0.9863 SAM 1.499 | best val 50.985 (0.76 h)
ep   127.5 it  13000 loss 0.00185 lr 9.02e-05 val PSNR 51.215 SSIM 0.9868 SAM 1.469 | best val 51.215 (0.82 h)
ep   137.3 it  14000 loss 0.00175 lr 8.87e-05 val PSNR 51.440 SSIM 0.9873 SAM 1.441 | best val 51.440 (0.88 h)
ep   147.1 it  15000 loss 0.00176 lr 8.71e-05 val PSNR 51.602 SSIM 0.9876 SAM 1.420 | best val 51.602 (0.94 h)
ep   156.9 it  16000 loss 0.00168 lr 8.54e-05 val PSNR 51.784 SSIM 0.9879 SAM 1.400 | best val 51.784 (1.00 h)
ep   166.7 it  17000 loss 0.00163 lr 8.36e-05 val PSNR 51.939 SSIM 0.9882 SAM 1.381 | best val 51.939 (1.07 h)
ep   176.5 it  18000 loss 0.00162 lr 8.17e-05 val PSNR 52.074 SSIM 0.9884 SAM 1.364 | best val 52.074 (1.13 h)
ep   186.3 it  19000 loss 0.00159 lr 7.98e-05 val PSNR 52.224 SSIM 0.9887 SAM 1.348 | best val 52.224 (1.19 h)
ep   196.1 it  20000 loss 0.00152 lr 7.78e-05 val PSNR 52.374 SSIM 0.9889 SAM 1.331 | best val 52.374 (1.25 h)
ep   205.9 it  21000 loss 0.00151 lr 7.57e-05 val PSNR 52.507 SSIM 0.9891 SAM 1.315 | best val 52.507 (1.32 h)
ep   215.7 it  22000 loss 0.00151 lr 7.36e-05 val PSNR 52.618 SSIM 0.9893 SAM 1.301 | best val 52.618 (1.38 h)
ep   225.5 it  23000 loss 0.00146 lr 7.14e-05 val PSNR 52.722 SSIM 0.9895 SAM 1.287 | best val 52.722 (1.44 h)
ep   235.3 it  24000 loss 0.00142 lr 6.92e-05 val PSNR 52.848 SSIM 0.9897 SAM 1.273 | best val 52.848 (1.50 h)
ep   245.1 it  25000 loss 0.00139 lr 6.69e-05 val PSNR 52.963 SSIM 0.9898 SAM 1.259 | best val 52.963 (1.57 h)
ep   254.9 it  26000 loss 0.00137 lr 6.45e-05 val PSNR 53.074 SSIM 0.9900 SAM 1.246 | best val 53.074 (1.63 h)
ep   264.7 it  27000 loss 0.00134 lr 6.22e-05 val PSNR 53.185 SSIM 0.9901 SAM 1.234 | best val 53.185 (1.69 h)
ep   274.5 it  28000 loss 0.00131 lr 5.98e-05 val PSNR 53.292 SSIM 0.9902 SAM 1.222 | best val 53.292 (1.75 h)
ep   284.3 it  29000 loss 0.00130 lr 5.74e-05 val PSNR 53.391 SSIM 0.9904 SAM 1.209 | best val 53.391 (1.82 h)
ep   294.1 it  30000 loss 0.00127 lr 5.49e-05 val PSNR 53.487 SSIM 0.9905 SAM 1.197 | best val 53.487 (1.88 h)
ep   303.9 it  31000 loss 0.00125 lr 5.25e-05 val PSNR 53.578 SSIM 0.9906 SAM 1.185 | best val 53.578 (1.94 h)
ep   313.7 it  32000 loss 0.00124 lr 5.00e-05 val PSNR 53.658 SSIM 0.9907 SAM 1.174 | best val 53.658 (2.00 h)
ep   323.5 it  33000 loss 0.00122 lr 4.76e-05 val PSNR 53.743 SSIM 0.9908 SAM 1.163 | best val 53.743 (2.06 h)
ep   333.3 it  34000 loss 0.00120 lr 4.51e-05 val PSNR 53.824 SSIM 0.9909 SAM 1.152 | best val 53.824 (2.13 h)
ep   343.1 it  35000 loss 0.00118 lr 4.27e-05 val PSNR 53.909 SSIM 0.9910 SAM 1.141 | best val 53.909 (2.19 h)
ep   352.9 it  36000 loss 0.00116 lr 4.03e-05 val PSNR 53.986 SSIM 0.9911 SAM 1.131 | best val 53.986 (2.25 h)
ep   362.7 it  37000 loss 0.00114 lr 3.79e-05 val PSNR 54.061 SSIM 0.9912 SAM 1.121 | best val 54.061 (2.31 h)
ep   372.5 it  38000 loss 0.00113 lr 3.55e-05 val PSNR 54.132 SSIM 0.9913 SAM 1.112 | best val 54.132 (2.38 h)
ep   382.4 it  39000 loss 0.00112 lr 3.32e-05 val PSNR 54.198 SSIM 0.9914 SAM 1.105 | best val 54.198 (2.44 h)
ep   392.2 it  40000 loss 0.00111 lr 3.09e-05 val PSNR 54.263 SSIM 0.9915 SAM 1.097 | best val 54.263 (2.50 h)
ep   402.0 it  41000 loss 0.00110 lr 2.87e-05 val PSNR 54.321 SSIM 0.9915 SAM 1.091 | best val 54.321 (2.56 h)
ep   411.8 it  42000 loss 0.00108 lr 2.65e-05 val PSNR 54.371 SSIM 0.9916 SAM 1.084 | best val 54.371 (2.63 h)
ep   421.6 it  43000 loss 0.00106 lr 2.43e-05 val PSNR 54.415 SSIM 0.9916 SAM 1.079 | best val 54.415 (2.69 h)
ep   431.4 it  44000 loss 0.00106 lr 2.22e-05 val PSNR 54.459 SSIM 0.9917 SAM 1.074 | best val 54.459 (2.75 h)
ep   441.2 it  45000 loss 0.00105 lr 2.02e-05 val PSNR 54.503 SSIM 0.9917 SAM 1.070 | best val 54.503 (2.81 h)
ep   451.0 it  46000 loss 0.00104 lr 1.83e-05 val PSNR 54.546 SSIM 0.9918 SAM 1.066 | best val 54.546 (2.88 h)
ep   460.8 it  47000 loss 0.00103 lr 1.64e-05 val PSNR 54.586 SSIM 0.9918 SAM 1.062 | best val 54.586 (2.94 h)
ep   470.6 it  48000 loss 0.00103 lr 1.46e-05 val PSNR 54.620 SSIM 0.9918 SAM 1.058 | best val 54.620 (3.00 h)
ep   480.4 it  49000 loss 0.00101 lr 1.30e-05 val PSNR 54.650 SSIM 0.9919 SAM 1.055 | best val 54.650 (3.06 h)
ep   490.2 it  50000 loss 0.00101 lr 1.14e-05 val PSNR 54.679 SSIM 0.9919 SAM 1.052 | best val 54.679 (3.13 h)
ep   500.0 it  51000 loss 0.00101 lr 9.84e-06 val PSNR 54.706 SSIM 0.9919 SAM 1.050 | best val 54.706 (3.19 h)
ep   509.8 it  52000 loss 0.00100 lr 8.43e-06 val PSNR 54.729 SSIM 0.9919 SAM 1.047 | best val 54.729 (3.25 h)
ep   519.6 it  53000 loss 0.00099 lr 7.11e-06 val PSNR 54.747 SSIM 0.9919 SAM 1.045 | best val 54.747 (3.31 h)
ep   529.4 it  54000 loss 0.00099 lr 5.90e-06 val PSNR 54.763 SSIM 0.9920 SAM 1.044 | best val 54.763 (3.38 h)
ep   539.2 it  55000 loss 0.00099 lr 4.79e-06 val PSNR 54.779 SSIM 0.9920 SAM 1.042 | best val 54.779 (3.44 h)
ep   549.0 it  56000 loss 0.00098 lr 3.80e-06 val PSNR 54.792 SSIM 0.9920 SAM 1.041 | best val 54.792 (3.50 h)
ep   558.8 it  57000 loss 0.00098 lr 2.91e-06 val PSNR 54.803 SSIM 0.9920 SAM 1.040 | best val 54.803 (3.56 h)
ep   568.6 it  58000 loss 0.00098 lr 2.14e-06 val PSNR 54.813 SSIM 0.9920 SAM 1.039 | best val 54.813 (3.63 h)
ep   578.4 it  59000 loss 0.00098 lr 1.49e-06 val PSNR 54.821 SSIM 0.9920 SAM 1.038 | best val 54.821 (3.69 h)
ep   588.2 it  60000 loss 0.00098 lr 9.54e-07 val PSNR 54.828 SSIM 0.9920 SAM 1.037 | best val 54.828 (3.75 h)
ep   598.0 it  61000 loss 0.00097 lr 5.35e-07 val PSNR 54.833 SSIM 0.9920 SAM 1.037 | best val 54.833 (3.81 h)
ep   607.8 it  62000 loss 0.00097 lr 2.36e-07 val PSNR 54.836 SSIM 0.9920 SAM 1.036 | best val 54.836 (3.88 h)
ep   617.6 it  63000 loss 0.00097 lr 1.00e-07 val PSNR 54.837 SSIM 0.9920 SAM 1.036 | best val 54.837 (3.94 h)
ep   627.5 it  64000 loss 0.00097 lr 1.00e-07 val PSNR 54.838 SSIM 0.9920 SAM 1.036 | best val 54.838 (4.00 h)
time budget reached at it 64000 (epoch 627.5); continue with --resume <out>/last.pt
TEST: {'PSNR': 53.9932, 'PSNR_psrt': 48.5589, 'MPSNR_peak1': 56.8032, 'SSIM': 0.9948, 'SSIM_psrt': 0.9979, 'SAM': 1.0574, 'ERGAS': 1.794, 'RMSE_DN': 30.5708, 'CC': 0.9942, 'SCC': 0.9982, 'Q2n': 0.9887}
TEST (self-ensemble): {'PSNR': 54.1194, 'PSNR_psrt': 48.6851, 'MPSNR_peak1': 57.0434, 'SSIM': 0.9949, 'SSIM_psrt': 0.998, 'SAM': 1.0476, 'ERGAS': 1.7763, 'RMSE_DN': 30.097, 'CC': 0.9943, 'SCC': 0.9982, 'Q2n': 0.9889}
consistency: {'cons_H_dB': 63.96473486074363, 'cons_M_dB': 60.92514000081324} | self-ensemble: {'cons_H_dB': 64.08604049677793, 'cons_M_dB': 61.20991601376731}
