pavia x4: train [(92, 424, 715), (92, 512, 187)] test (4, 92, 256, 256) val (63, 92, 64, 64), 1.0 = 8000 DN  (3s)
puformer (reflect borders): 9.99M params on 1 x cuda; batch 8 x 1; epoch = 12 iters; eval every 1000 iters; deadline in 4.00 h; schedule by time
bicubic test: {'PSNR': 25.5166, 'PSNR_psrt': 25.1078, 'MPSNR_peak1': 25.8716, 'SSIM': 0.6282, 'SSIM_psrt': 0.6427, 'SAM': 6.5539, 'ERGAS': 9.8525, 'RMSE_DN': 436.3207, 'CC': 0.8174, 'SCC': 0.7526, 'Q2n': 0.6806}
GSA test: {'PSNR': 34.7757, 'PSNR_psrt': 34.3668, 'MPSNR_peak1': 35.1931, 'SSIM': 0.9438, 'SSIM_psrt': 0.945, 'SAM': 5.2291, 'ERGAS': 3.4939, 'RMSE_DN': 157.9259, 'CC': 0.9958, 'SCC': 0.9922, 'Q2n': 0.9276}
ep    83.3 it   1000 loss 0.00922 lr 3.00e-04 val PSNR 43.491 SSIM 0.9926 SAM 2.137 | best val 43.491 (0.12 h)
ep   166.7 it   2000 loss 0.00388 lr 2.98e-04 val PSNR 45.721 SSIM 0.9947 SAM 1.808 | best val 45.721 (0.22 h)
ep   250.0 it   3000 loss 0.00329 lr 2.96e-04 val PSNR 46.676 SSIM 0.9956 SAM 1.649 | best val 46.676 (0.32 h)
ep   333.3 it   4000 loss 0.00305 lr 2.92e-04 val PSNR 47.292 SSIM 0.9959 SAM 1.555 | best val 47.292 (0.42 h)
ep   416.7 it   5000 loss 0.00290 lr 2.88e-04 val PSNR 47.635 SSIM 0.9961 SAM 1.504 | best val 47.635 (0.51 h)
ep   500.0 it   6000 loss 0.00283 lr 2.83e-04 val PSNR 47.816 SSIM 0.9962 SAM 1.477 | best val 47.816 (0.61 h)
ep   583.3 it   7000 loss 0.00278 lr 2.77e-04 val PSNR 47.936 SSIM 0.9962 SAM 1.460 | best val 47.936 (0.71 h)
ep   666.7 it   8000 loss 0.00274 lr 2.71e-04 val PSNR 48.021 SSIM 0.9963 SAM 1.448 | best val 48.021 (0.81 h)
ep   750.0 it   9000 loss 0.00270 lr 2.64e-04 val PSNR 48.100 SSIM 0.9963 SAM 1.437 | best val 48.100 (0.91 h)
ep   833.3 it  10000 loss 0.00267 lr 2.56e-04 val PSNR 48.185 SSIM 0.9963 SAM 1.427 | best val 48.185 (1.01 h)
ep   916.7 it  11000 loss 0.00264 lr 2.47e-04 val PSNR 48.269 SSIM 0.9964 SAM 1.420 | best val 48.269 (1.11 h)
ep  1000.0 it  12000 loss 0.00261 lr 2.38e-04 val PSNR 48.329 SSIM 0.9964 SAM 1.413 | best val 48.329 (1.21 h)
ep  1083.3 it  13000 loss 0.00259 lr 2.28e-04 val PSNR 48.374 SSIM 0.9964 SAM 1.407 | best val 48.374 (1.31 h)
ep  1166.7 it  14000 loss 0.00258 lr 2.18e-04 val PSNR 48.407 SSIM 0.9964 SAM 1.402 | best val 48.407 (1.41 h)
ep  1250.0 it  15000 loss 0.00256 lr 2.07e-04 val PSNR 48.435 SSIM 0.9964 SAM 1.399 | best val 48.435 (1.51 h)
ep  1333.3 it  16000 loss 0.00255 lr 1.96e-04 val PSNR 48.452 SSIM 0.9965 SAM 1.396 | best val 48.452 (1.61 h)
ep  1416.7 it  17000 loss 0.00253 lr 1.85e-04 val PSNR 48.472 SSIM 0.9965 SAM 1.394 | best val 48.472 (1.71 h)
ep  1500.0 it  18000 loss 0.00253 lr 1.73e-04 val PSNR 48.486 SSIM 0.9965 SAM 1.392 | best val 48.486 (1.81 h)
ep  1583.3 it  19000 loss 0.00252 lr 1.62e-04 val PSNR 48.502 SSIM 0.9965 SAM 1.390 | best val 48.502 (1.91 h)
ep  1666.7 it  20000 loss 0.00251 lr 1.50e-04 val PSNR 48.514 SSIM 0.9965 SAM 1.389 | best val 48.514 (2.00 h)
ep  1750.0 it  21000 loss 0.00250 lr 1.38e-04 val PSNR 48.527 SSIM 0.9965 SAM 1.387 | best val 48.527 (2.10 h)
ep  1833.3 it  22000 loss 0.00249 lr 1.26e-04 val PSNR 48.537 SSIM 0.9965 SAM 1.386 | best val 48.537 (2.20 h)
ep  1916.7 it  23000 loss 0.00249 lr 1.15e-04 val PSNR 48.545 SSIM 0.9965 SAM 1.386 | best val 48.545 (2.30 h)
ep  2000.0 it  24000 loss 0.00249 lr 1.04e-04 val PSNR 48.552 SSIM 0.9965 SAM 1.385 | best val 48.552 (2.40 h)
ep  2083.3 it  25000 loss 0.00248 lr 9.26e-05 val PSNR 48.558 SSIM 0.9965 SAM 1.384 | best val 48.558 (2.50 h)
ep  2166.7 it  26000 loss 0.00248 lr 8.20e-05 val PSNR 48.563 SSIM 0.9965 SAM 1.383 | best val 48.563 (2.60 h)
ep  2250.0 it  27000 loss 0.00248 lr 7.18e-05 val PSNR 48.565 SSIM 0.9965 SAM 1.383 | best val 48.565 (2.70 h)
ep  2333.3 it  28000 loss 0.00247 lr 6.20e-05 val PSNR 48.568 SSIM 0.9965 SAM 1.383 | best val 48.568 (2.80 h)
ep  2416.7 it  29000 loss 0.00247 lr 5.28e-05 val PSNR 48.569 SSIM 0.9965 SAM 1.383 | best val 48.569 (2.90 h)
ep  2500.0 it  30000 loss 0.00247 lr 4.42e-05 val PSNR 48.573 SSIM 0.9965 SAM 1.382 | best val 48.573 (3.00 h)
ep  2583.3 it  31000 loss 0.00246 lr 3.62e-05 val PSNR 48.576 SSIM 0.9965 SAM 1.382 | best val 48.576 (3.10 h)
ep  2666.7 it  32000 loss 0.00246 lr 2.89e-05 val PSNR 48.578 SSIM 0.9965 SAM 1.382 | best val 48.578 (3.20 h)
ep  2750.0 it  33000 loss 0.00246 lr 2.24e-05 val PSNR 48.580 SSIM 0.9965 SAM 1.382 | best val 48.580 (3.30 h)
ep  2833.3 it  34000 loss 0.00246 lr 1.66e-05 val PSNR 48.580 SSIM 0.9965 SAM 1.382 | best val 48.580 (3.40 h)
ep  2916.7 it  35000 loss 0.00246 lr 1.16e-05 val PSNR 48.579 SSIM 0.9965 SAM 1.382 | best val 48.580 (3.50 h)
ep  3000.0 it  36000 loss 0.00246 lr 7.54e-06 val PSNR 48.580 SSIM 0.9965 SAM 1.382 | best val 48.580 (3.60 h)
ep  3083.3 it  37000 loss 0.00245 lr 4.31e-06 val PSNR 48.580 SSIM 0.9965 SAM 1.382 | best val 48.580 (3.69 h)
ep  3166.7 it  38000 loss 0.00245 lr 1.96e-06 val PSNR 48.581 SSIM 0.9965 SAM 1.382 | best val 48.581 (3.79 h)
ep  3250.0 it  39000 loss 0.00246 lr 5.26e-07 val PSNR 48.581 SSIM 0.9965 SAM 1.382 | best val 48.581 (3.89 h)
ep  3333.3 it  40000 loss 0.00246 lr 3.00e-07 val PSNR 48.581 SSIM 0.9965 SAM 1.382 | best val 48.581 (3.99 h)
ep  3341.7 it  40100 loss 0.00246 lr 3.00e-07 val PSNR 48.581 SSIM 0.9965 SAM 1.382 | best val 48.581 (4.00 h)
time budget reached at it 40100 (epoch 3341.7); continue with --resume <out>/last.pt
TEST: {'PSNR': 50.6571, 'PSNR_psrt': 50.2482, 'MPSNR_peak1': 51.1623, 'SSIM': 0.997, 'SSIM_psrt': 0.9974, 'SAM': 1.897, 'ERGAS': 0.6193, 'RMSE_DN': 23.609, 'CC': 0.9994, 'SCC': 0.9995, 'Q2n': 0.975}
TEST (self-ensemble): {'PSNR': 50.7254, 'PSNR_psrt': 50.3166, 'MPSNR_peak1': 51.2198, 'SSIM': 0.997, 'SSIM_psrt': 0.9974, 'SAM': 1.8886, 'ERGAS': 0.616, 'RMSE_DN': 23.4201, 'CC': 0.9994, 'SCC': 0.9995, 'Q2n': 0.975}
consistency: {'cons_H_dB': 77.54606185219035, 'cons_M_dB': 75.744241252036} | self-ensemble: {'cons_H_dB': 77.99687383614804, 'cons_M_dB': 76.53947693342089}
