pavia x4: train [(92, 424, 715), (92, 512, 187)] test (4, 92, 256, 256) val (63, 92, 64, 64), 1.0 = 8000 DN  (2s)
puformer (reflect borders): 9.99M params on 1 x cuda; batch 8 x 1; epoch = 12 iters; eval every 1000 iters; deadline in 4.00 h; schedule by time
bicubic test: {'PSNR': 25.5166, 'PSNR_psrt': 25.1078, 'MPSNR_peak1': 25.8716, 'SSIM': 0.6282, 'SSIM_psrt': 0.6427, 'SAM': 6.5539, 'ERGAS': 9.8525, 'RMSE_DN': 436.3207, 'CC': 0.8174, 'SCC': 0.7526, 'Q2n': 0.6806}
GSA test: {'PSNR': 34.7757, 'PSNR_psrt': 34.3668, 'MPSNR_peak1': 35.1931, 'SSIM': 0.9438, 'SSIM_psrt': 0.945, 'SAM': 5.2291, 'ERGAS': 3.4939, 'RMSE_DN': 157.9259, 'CC': 0.9958, 'SCC': 0.9922, 'Q2n': 0.9276}
ep    83.3 it   1000 loss 0.02348 lr 3.00e-04 val PSNR 41.919 SSIM 0.9914 SAM 2.329 | best val 41.919 (0.12 h)
ep   166.7 it   2000 loss 0.00761 lr 2.98e-04 val PSNR 45.143 SSIM 0.9943 SAM 1.907 | best val 45.143 (0.22 h)
ep   250.0 it   3000 loss 0.00652 lr 2.95e-04 val PSNR 46.149 SSIM 0.9952 SAM 1.742 | best val 46.149 (0.32 h)
ep   333.3 it   4000 loss 0.00607 lr 2.92e-04 val PSNR 46.687 SSIM 0.9956 SAM 1.650 | best val 46.687 (0.43 h)
ep   416.7 it   5000 loss 0.00580 lr 2.87e-04 val PSNR 46.977 SSIM 0.9957 SAM 1.602 | best val 46.977 (0.53 h)
ep   500.0 it   6000 loss 0.00559 lr 2.82e-04 val PSNR 47.432 SSIM 0.9960 SAM 1.532 | best val 47.432 (0.63 h)
ep   583.3 it   7000 loss 0.00541 lr 2.76e-04 val PSNR 47.700 SSIM 0.9961 SAM 1.493 | best val 47.700 (0.74 h)
ep   666.7 it   8000 loss 0.00532 lr 2.69e-04 val PSNR 47.866 SSIM 0.9962 SAM 1.470 | best val 47.866 (0.84 h)
ep   750.0 it   9000 loss 0.00528 lr 2.61e-04 val PSNR 47.985 SSIM 0.9963 SAM 1.454 | best val 47.985 (0.94 h)
ep   833.3 it  10000 loss 0.00520 lr 2.53e-04 val PSNR 48.075 SSIM 0.9963 SAM 1.442 | best val 48.075 (1.04 h)
ep   916.7 it  11000 loss 0.00511 lr 2.43e-04 val PSNR 48.144 SSIM 0.9963 SAM 1.434 | best val 48.144 (1.15 h)
ep  1000.0 it  12000 loss 0.00519 lr 2.34e-04 val PSNR 48.212 SSIM 0.9964 SAM 1.426 | best val 48.212 (1.25 h)
ep  1083.3 it  13000 loss 0.00512 lr 2.23e-04 val PSNR 48.268 SSIM 0.9964 SAM 1.420 | best val 48.268 (1.35 h)
ep  1166.7 it  14000 loss 0.00508 lr 2.12e-04 val PSNR 48.311 SSIM 0.9964 SAM 1.414 | best val 48.311 (1.46 h)
ep  1250.0 it  15000 loss 0.00505 lr 2.01e-04 val PSNR 48.342 SSIM 0.9964 SAM 1.409 | best val 48.342 (1.56 h)
ep  1333.3 it  16000 loss 0.00497 lr 1.90e-04 val PSNR 48.365 SSIM 0.9964 SAM 1.405 | best val 48.365 (1.66 h)
ep  1416.7 it  17000 loss 0.00505 lr 1.78e-04 val PSNR 48.384 SSIM 0.9964 SAM 1.403 | best val 48.384 (1.77 h)
ep  1500.0 it  18000 loss 0.00490 lr 1.66e-04 val PSNR 48.400 SSIM 0.9964 SAM 1.401 | best val 48.400 (1.87 h)
ep  1583.3 it  19000 loss 0.00497 lr 1.54e-04 val PSNR 48.413 SSIM 0.9964 SAM 1.398 | best val 48.413 (1.97 h)
ep  1666.7 it  20000 loss 0.00498 lr 1.41e-04 val PSNR 48.424 SSIM 0.9964 SAM 1.397 | best val 48.424 (2.08 h)
ep  1750.0 it  21000 loss 0.00491 lr 1.29e-04 val PSNR 48.433 SSIM 0.9965 SAM 1.395 | best val 48.433 (2.18 h)
ep  1833.3 it  22000 loss 0.00505 lr 1.17e-04 val PSNR 48.439 SSIM 0.9965 SAM 1.394 | best val 48.439 (2.28 h)
ep  1916.7 it  23000 loss 0.00491 lr 1.06e-04 val PSNR 48.444 SSIM 0.9965 SAM 1.393 | best val 48.444 (2.39 h)
ep  2000.0 it  24000 loss 0.00498 lr 9.41e-05 val PSNR 48.449 SSIM 0.9965 SAM 1.393 | best val 48.449 (2.49 h)
ep  2083.3 it  25000 loss 0.00492 lr 8.30e-05 val PSNR 48.454 SSIM 0.9965 SAM 1.393 | best val 48.454 (2.59 h)
ep  2166.7 it  26000 loss 0.00496 lr 7.23e-05 val PSNR 48.459 SSIM 0.9965 SAM 1.392 | best val 48.459 (2.69 h)
ep  2250.0 it  27000 loss 0.00481 lr 6.22e-05 val PSNR 48.461 SSIM 0.9965 SAM 1.392 | best val 48.461 (2.80 h)
ep  2333.3 it  28000 loss 0.00498 lr 5.26e-05 val PSNR 48.462 SSIM 0.9965 SAM 1.392 | best val 48.462 (2.90 h)
ep  2416.7 it  29000 loss 0.00490 lr 4.37e-05 val PSNR 48.463 SSIM 0.9965 SAM 1.392 | best val 48.463 (3.00 h)
ep  2500.0 it  30000 loss 0.00491 lr 3.55e-05 val PSNR 48.462 SSIM 0.9965 SAM 1.392 | best val 48.463 (3.11 h)
ep  2583.3 it  31000 loss 0.00487 lr 2.80e-05 val PSNR 48.464 SSIM 0.9965 SAM 1.392 | best val 48.464 (3.21 h)
ep  2666.7 it  32000 loss 0.00496 lr 2.13e-05 val PSNR 48.466 SSIM 0.9965 SAM 1.391 | best val 48.466 (3.31 h)
ep  2750.0 it  33000 loss 0.00485 lr 1.55e-05 val PSNR 48.467 SSIM 0.9965 SAM 1.391 | best val 48.467 (3.42 h)
ep  2833.3 it  34000 loss 0.00484 lr 1.06e-05 val PSNR 48.468 SSIM 0.9965 SAM 1.391 | best val 48.468 (3.52 h)
ep  2916.7 it  35000 loss 0.00486 lr 6.54e-06 val PSNR 48.468 SSIM 0.9965 SAM 1.391 | best val 48.468 (3.62 h)
ep  3000.0 it  36000 loss 0.00489 lr 3.46e-06 val PSNR 48.467 SSIM 0.9965 SAM 1.391 | best val 48.468 (3.73 h)
ep  3083.3 it  37000 loss 0.00484 lr 1.34e-06 val PSNR 48.468 SSIM 0.9965 SAM 1.391 | best val 48.468 (3.83 h)
ep  3166.7 it  38000 loss 0.00487 lr 3.00e-07 val PSNR 48.468 SSIM 0.9965 SAM 1.391 | best val 48.468 (3.93 h)
ep  3220.8 it  38650 loss 0.00480 lr 3.00e-07 val PSNR 48.468 SSIM 0.9965 SAM 1.391 | best val 48.468 (4.00 h)
time budget reached at it 38650 (epoch 3220.8); continue with --resume <out>/last.pt
TEST: {'PSNR': 50.6341, 'PSNR_psrt': 50.2252, 'MPSNR_peak1': 51.1237, 'SSIM': 0.9969, 'SSIM_psrt': 0.9974, 'SAM': 1.8979, 'ERGAS': 0.6219, 'RMSE_DN': 23.6702, 'CC': 0.9994, 'SCC': 0.9995, 'Q2n': 0.9757}
TEST (self-ensemble): {'PSNR': 50.6807, 'PSNR_psrt': 50.2719, 'MPSNR_peak1': 51.1721, 'SSIM': 0.997, 'SSIM_psrt': 0.9974, 'SAM': 1.8895, 'ERGAS': 0.6193, 'RMSE_DN': 23.5468, 'CC': 0.9994, 'SCC': 0.9995, 'Q2n': 0.9758}
consistency: {'cons_H_dB': 78.61126990841461, 'cons_M_dB': 75.510709367197} | self-ensemble: {'cons_H_dB': 79.15155523391113, 'cons_M_dB': 76.33625889072088}
