pavia x4: train [(92, 424, 715), (92, 512, 187)] test (4, 92, 256, 256) val (63, 92, 64, 64), 1.0 = 8000 DN  (6s)
puformer (reflect borders): 9.99M params on 1 x cuda; batch 8 x 1; epoch = 12 iters; eval every 1000 iters; deadline in 4.00 h; schedule by time
bicubic test: {'PSNR': 25.5166, 'PSNR_psrt': 25.1078, 'MPSNR_peak1': 25.8716, 'SSIM': 0.6282, 'SSIM_psrt': 0.6427, 'SAM': 6.5539, 'ERGAS': 9.8525, 'RMSE_DN': 436.3207, 'CC': 0.8174, 'SCC': 0.7526, 'Q2n': 0.6806}
GSA test: {'PSNR': 34.7757, 'PSNR_psrt': 34.3668, 'MPSNR_peak1': 35.1931, 'SSIM': 0.9438, 'SSIM_psrt': 0.945, 'SAM': 5.2291, 'ERGAS': 3.4939, 'RMSE_DN': 157.9259, 'CC': 0.9958, 'SCC': 0.9922, 'Q2n': 0.9276}
ep    83.3 it   1000 loss 0.01772 lr 3.00e-04 val PSNR 42.512 SSIM 0.9921 SAM 2.198 | best val 42.512 (0.12 h)
ep   166.7 it   2000 loss 0.00694 lr 2.98e-04 val PSNR 45.781 SSIM 0.9949 SAM 1.758 | best val 45.781 (0.23 h)
ep   250.0 it   3000 loss 0.00608 lr 2.95e-04 val PSNR 46.708 SSIM 0.9956 SAM 1.627 | best val 46.708 (0.33 h)
ep   333.3 it   4000 loss 0.00571 lr 2.92e-04 val PSNR 47.411 SSIM 0.9960 SAM 1.525 | best val 47.411 (0.43 h)
ep   416.7 it   5000 loss 0.00541 lr 2.87e-04 val PSNR 47.732 SSIM 0.9962 SAM 1.484 | best val 47.732 (0.54 h)
ep   500.0 it   6000 loss 0.00542 lr 2.82e-04 val PSNR 47.889 SSIM 0.9962 SAM 1.463 | best val 47.889 (0.64 h)
ep   583.3 it   7000 loss 0.00529 lr 2.76e-04 val PSNR 47.997 SSIM 0.9963 SAM 1.448 | best val 47.997 (0.74 h)
ep   666.7 it   8000 loss 0.00528 lr 2.69e-04 val PSNR 48.080 SSIM 0.9963 SAM 1.437 | best val 48.080 (0.85 h)
ep   750.0 it   9000 loss 0.00518 lr 2.61e-04 val PSNR 48.167 SSIM 0.9964 SAM 1.427 | best val 48.167 (0.95 h)
ep   833.3 it  10000 loss 0.00517 lr 2.52e-04 val PSNR 48.234 SSIM 0.9964 SAM 1.419 | best val 48.234 (1.05 h)
ep   916.7 it  11000 loss 0.00518 lr 2.43e-04 val PSNR 48.284 SSIM 0.9964 SAM 1.413 | best val 48.284 (1.16 h)
ep  1000.0 it  12000 loss 0.00508 lr 2.33e-04 val PSNR 48.321 SSIM 0.9964 SAM 1.408 | best val 48.321 (1.26 h)
ep  1083.3 it  13000 loss 0.00503 lr 2.22e-04 val PSNR 48.344 SSIM 0.9964 SAM 1.404 | best val 48.344 (1.36 h)
ep  1166.7 it  14000 loss 0.00495 lr 2.12e-04 val PSNR 48.369 SSIM 0.9964 SAM 1.401 | best val 48.369 (1.47 h)
ep  1250.0 it  15000 loss 0.00500 lr 2.00e-04 val PSNR 48.394 SSIM 0.9964 SAM 1.398 | best val 48.394 (1.57 h)
ep  1333.3 it  16000 loss 0.00505 lr 1.89e-04 val PSNR 48.413 SSIM 0.9965 SAM 1.395 | best val 48.413 (1.67 h)
ep  1416.7 it  17000 loss 0.00495 lr 1.77e-04 val PSNR 48.426 SSIM 0.9965 SAM 1.393 | best val 48.426 (1.78 h)
ep  1500.0 it  18000 loss 0.00513 lr 1.65e-04 val PSNR 48.439 SSIM 0.9965 SAM 1.391 | best val 48.439 (1.88 h)
ep  1583.3 it  19000 loss 0.00495 lr 1.52e-04 val PSNR 48.445 SSIM 0.9965 SAM 1.390 | best val 48.445 (1.98 h)
ep  1666.7 it  20000 loss 0.00491 lr 1.40e-04 val PSNR 48.454 SSIM 0.9965 SAM 1.388 | best val 48.454 (2.09 h)
ep  1750.0 it  21000 loss 0.00501 lr 1.28e-04 val PSNR 48.461 SSIM 0.9965 SAM 1.388 | best val 48.461 (2.19 h)
ep  1833.3 it  22000 loss 0.00489 lr 1.16e-04 val PSNR 48.468 SSIM 0.9965 SAM 1.387 | best val 48.468 (2.29 h)
ep  1916.7 it  23000 loss 0.00494 lr 1.04e-04 val PSNR 48.474 SSIM 0.9965 SAM 1.386 | best val 48.474 (2.40 h)
ep  2000.0 it  24000 loss 0.00496 lr 9.28e-05 val PSNR 48.479 SSIM 0.9965 SAM 1.385 | best val 48.479 (2.50 h)
ep  2083.3 it  25000 loss 0.00481 lr 8.17e-05 val PSNR 48.480 SSIM 0.9965 SAM 1.385 | best val 48.480 (2.60 h)
ep  2166.7 it  26000 loss 0.00496 lr 7.11e-05 val PSNR 48.482 SSIM 0.9965 SAM 1.385 | best val 48.482 (2.71 h)
ep  2250.0 it  27000 loss 0.00491 lr 6.10e-05 val PSNR 48.486 SSIM 0.9965 SAM 1.385 | best val 48.486 (2.81 h)
ep  2333.3 it  28000 loss 0.00487 lr 5.14e-05 val PSNR 48.488 SSIM 0.9965 SAM 1.384 | best val 48.488 (2.91 h)
ep  2416.7 it  29000 loss 0.00479 lr 4.26e-05 val PSNR 48.488 SSIM 0.9965 SAM 1.384 | best val 48.488 (3.02 h)
ep  2500.0 it  30000 loss 0.00487 lr 3.44e-05 val PSNR 48.490 SSIM 0.9965 SAM 1.384 | best val 48.490 (3.12 h)
ep  2583.3 it  31000 loss 0.00478 lr 2.70e-05 val PSNR 48.492 SSIM 0.9965 SAM 1.384 | best val 48.492 (3.23 h)
ep  2666.7 it  32000 loss 0.00485 lr 2.04e-05 val PSNR 48.492 SSIM 0.9965 SAM 1.384 | best val 48.492 (3.33 h)
ep  2750.0 it  33000 loss 0.00489 lr 1.47e-05 val PSNR 48.493 SSIM 0.9965 SAM 1.384 | best val 48.493 (3.43 h)
ep  2833.3 it  34000 loss 0.00482 lr 9.89e-06 val PSNR 48.493 SSIM 0.9965 SAM 1.384 | best val 48.493 (3.54 h)
ep  2916.7 it  35000 loss 0.00479 lr 6.00e-06 val PSNR 48.493 SSIM 0.9965 SAM 1.384 | best val 48.493 (3.64 h)
ep  3000.0 it  36000 loss 0.00488 lr 3.06e-06 val PSNR 48.494 SSIM 0.9965 SAM 1.384 | best val 48.494 (3.74 h)
ep  3083.3 it  37000 loss 0.00486 lr 1.09e-06 val PSNR 48.494 SSIM 0.9965 SAM 1.384 | best val 48.494 (3.85 h)
ep  3166.7 it  38000 loss 0.00485 lr 3.00e-07 val PSNR 48.494 SSIM 0.9965 SAM 1.384 | best val 48.494 (3.95 h)
ep  3208.3 it  38500 loss 0.00489 lr 3.00e-07 val PSNR 48.494 SSIM 0.9965 SAM 1.384 | best val 48.494 (4.00 h)
time budget reached at it 38500 (epoch 3208.3); continue with --resume <out>/last.pt
TEST: {'PSNR': 50.6009, 'PSNR_psrt': 50.1921, 'MPSNR_peak1': 51.0513, 'SSIM': 0.9969, 'SSIM_psrt': 0.9974, 'SAM': 1.8984, 'ERGAS': 0.6223, 'RMSE_DN': 23.7749, 'CC': 0.9994, 'SCC': 0.9995, 'Q2n': 0.9754}
TEST (self-ensemble): {'PSNR': 50.68, 'PSNR_psrt': 50.2711, 'MPSNR_peak1': 51.1487, 'SSIM': 0.997, 'SSIM_psrt': 0.9974, 'SAM': 1.8884, 'ERGAS': 0.6182, 'RMSE_DN': 23.5532, 'CC': 0.9994, 'SCC': 0.9995, 'Q2n': 0.9754}
consistency: {'cons_H_dB': 74.78081273921379, 'cons_M_dB': 73.54272952679882} | self-ensemble: {'cons_H_dB': 74.82085587392854, 'cons_M_dB': 73.66033261171766}
