chikusei x4: train (128, 1632, 2048) test (8, 128, 256, 256) val (64, 128, 64, 64), 1.0 = 15133 DN  (1s)
[external] mimformer: https://github.com/meiruni/MIMFormer @ 0904158a8d53c590bcc497ad94b6fd4f6c167c19
/usr/local/lib/python3.13/dist-packages/timm/models/layers/__init__.py:49: FutureWarning: Importing from timm.models.layers is deprecated, please import via timm.layers
  warnings.warn(f"Importing from {__name__} is deprecated, please import via timm.layers", FutureWarning)
mimformer (reflect borders): 16.46M params on 1 x cuda; batch 8 x 1; epoch = 102 iters; eval every 1000 iters; deadline in 4.00 h; schedule by time
bicubic test: {'PSNR': 33.6333, 'PSNR_psrt': 28.199, 'MPSNR_peak1': 35.251, 'SSIM': 0.7404, 'SSIM_psrt': 0.85, 'SAM': 4.4061, 'ERGAS': 9.0115, 'RMSE_DN': 321.8118, 'CC': 0.8408, 'SCC': 0.7648, 'Q2n': 0.6914}
GSA test: {'PSNR': 43.1966, 'PSNR_psrt': 37.7622, 'MPSNR_peak1': 44.8193, 'SSIM': 0.9778, 'SSIM_psrt': 0.9859, 'SAM': 2.73, 'ERGAS': 3.2791, 'RMSE_DN': 107.6883, 'CC': 0.9905, 'SCC': 0.9922, 'Q2n': 0.9596}
ep     9.8 it   1000 loss 0.01325 lr 1.00e-04 val PSNR 40.964 SSIM 0.8887 SAM 3.860 | best val 40.964 (0.05 h)
ep    19.6 it   2000 loss 0.00378 lr 9.99e-05 val PSNR 45.298 SSIM 0.9568 SAM 2.569 | best val 45.298 (0.09 h)
ep    29.4 it   3000 loss 0.00250 lr 9.98e-05 val PSNR 48.173 SSIM 0.9772 SAM 1.962 | best val 48.173 (0.13 h)
ep    39.2 it   4000 loss 0.00201 lr 9.96e-05 val PSNR 49.033 SSIM 0.9823 SAM 1.775 | best val 49.033 (0.17 h)
ep    49.0 it   5000 loss 0.00174 lr 9.93e-05 val PSNR 50.391 SSIM 0.9852 SAM 1.606 | best val 50.391 (0.21 h)
ep    58.8 it   6000 loss 0.00155 lr 9.91e-05 val PSNR 51.554 SSIM 0.9876 SAM 1.447 | best val 51.554 (0.25 h)
ep    68.6 it   7000 loss 0.00143 lr 9.87e-05 val PSNR 51.918 SSIM 0.9882 SAM 1.403 | best val 51.918 (0.29 h)
ep    78.4 it   8000 loss 0.00133 lr 9.84e-05 val PSNR 52.503 SSIM 0.9891 SAM 1.333 | best val 52.503 (0.33 h)
ep    88.2 it   9000 loss 0.00125 lr 9.80e-05 val PSNR 53.010 SSIM 0.9900 SAM 1.251 | best val 53.010 (0.37 h)
ep    98.0 it  10000 loss 0.00117 lr 9.75e-05 val PSNR 53.424 SSIM 0.9905 SAM 1.202 | best val 53.424 (0.41 h)
ep   107.8 it  11000 loss 0.00112 lr 9.70e-05 val PSNR 53.825 SSIM 0.9912 SAM 1.144 | best val 53.825 (0.45 h)
ep   117.6 it  12000 loss 0.00108 lr 9.64e-05 val PSNR 54.175 SSIM 0.9915 SAM 1.108 | best val 54.175 (0.49 h)
ep   127.5 it  13000 loss 0.00104 lr 9.58e-05 val PSNR 54.344 SSIM 0.9919 SAM 1.091 | best val 54.344 (0.53 h)
ep   137.3 it  14000 loss 0.00101 lr 9.52e-05 val PSNR 54.003 SSIM 0.9921 SAM 1.089 | best val 54.344 (0.57 h)
ep   147.1 it  15000 loss 0.00099 lr 9.45e-05 val PSNR 54.917 SSIM 0.9924 SAM 1.018 | best val 54.917 (0.61 h)
ep   156.9 it  16000 loss 0.00096 lr 9.37e-05 val PSNR 55.077 SSIM 0.9926 SAM 1.005 | best val 55.077 (0.65 h)
ep   166.7 it  17000 loss 0.00094 lr 9.29e-05 val PSNR 55.177 SSIM 0.9926 SAM 0.993 | best val 55.177 (0.69 h)
ep   176.5 it  18000 loss 0.00093 lr 9.21e-05 val PSNR 55.329 SSIM 0.9928 SAM 0.978 | best val 55.329 (0.73 h)
ep   186.3 it  19000 loss 0.00091 lr 9.12e-05 val PSNR 55.428 SSIM 0.9928 SAM 0.970 | best val 55.428 (0.77 h)
ep   196.1 it  20000 loss 0.00090 lr 9.03e-05 val PSNR 55.442 SSIM 0.9929 SAM 0.962 | best val 55.442 (0.81 h)
ep   205.9 it  21000 loss 0.00089 lr 8.94e-05 val PSNR 55.616 SSIM 0.9930 SAM 0.949 | best val 55.616 (0.85 h)
ep   215.7 it  22000 loss 0.00087 lr 8.84e-05 val PSNR 55.697 SSIM 0.9931 SAM 0.942 | best val 55.697 (0.89 h)
ep   225.5 it  23000 loss 0.00086 lr 8.74e-05 val PSNR 55.750 SSIM 0.9931 SAM 0.935 | best val 55.750 (0.93 h)
ep   235.3 it  24000 loss 0.00085 lr 8.63e-05 val PSNR 55.840 SSIM 0.9932 SAM 0.928 | best val 55.840 (0.97 h)
ep   245.1 it  25000 loss 0.00085 lr 8.52e-05 val PSNR 55.947 SSIM 0.9932 SAM 0.918 | best val 55.947 (1.01 h)
ep   254.9 it  26000 loss 0.00083 lr 8.41e-05 val PSNR 55.998 SSIM 0.9933 SAM 0.913 | best val 55.998 (1.05 h)
ep   264.7 it  27000 loss 0.00082 lr 8.29e-05 val PSNR 56.097 SSIM 0.9933 SAM 0.905 | best val 56.097 (1.09 h)
ep   274.5 it  28000 loss 0.00081 lr 8.17e-05 val PSNR 56.172 SSIM 0.9934 SAM 0.897 | best val 56.172 (1.13 h)
ep   284.3 it  29000 loss 0.00081 lr 8.05e-05 val PSNR 56.201 SSIM 0.9934 SAM 0.896 | best val 56.201 (1.17 h)
ep   294.1 it  30000 loss 0.00080 lr 7.92e-05 val PSNR 56.082 SSIM 0.9935 SAM 0.893 | best val 56.201 (1.21 h)
ep   303.9 it  31000 loss 0.00080 lr 7.80e-05 val PSNR 56.352 SSIM 0.9936 SAM 0.879 | best val 56.352 (1.25 h)
ep   313.7 it  32000 loss 0.00079 lr 7.66e-05 val PSNR 56.421 SSIM 0.9936 SAM 0.874 | best val 56.421 (1.29 h)
ep   323.5 it  33000 loss 0.00078 lr 7.53e-05 val PSNR 56.452 SSIM 0.9936 SAM 0.871 | best val 56.452 (1.33 h)
ep   333.3 it  34000 loss 0.00077 lr 7.39e-05 val PSNR 56.531 SSIM 0.9937 SAM 0.865 | best val 56.531 (1.37 h)
ep   343.1 it  35000 loss 0.00077 lr 7.26e-05 val PSNR 56.585 SSIM 0.9937 SAM 0.860 | best val 56.585 (1.41 h)
ep   352.9 it  36000 loss 0.00077 lr 7.11e-05 val PSNR 56.636 SSIM 0.9938 SAM 0.855 | best val 56.636 (1.45 h)
ep   362.7 it  37000 loss 0.00076 lr 6.97e-05 val PSNR 56.675 SSIM 0.9938 SAM 0.852 | best val 56.675 (1.49 h)
ep   372.5 it  38000 loss 0.00076 lr 6.83e-05 val PSNR 56.711 SSIM 0.9938 SAM 0.850 | best val 56.711 (1.53 h)
ep   382.4 it  39000 loss 0.00075 lr 6.68e-05 val PSNR 56.758 SSIM 0.9939 SAM 0.846 | best val 56.758 (1.57 h)
ep   392.2 it  40000 loss 0.00075 lr 6.53e-05 val PSNR 56.810 SSIM 0.9939 SAM 0.841 | best val 56.810 (1.61 h)
ep   402.0 it  41000 loss 0.00074 lr 6.38e-05 val PSNR 56.801 SSIM 0.9939 SAM 0.843 | best val 56.810 (1.65 h)
ep   411.8 it  42000 loss 0.00074 lr 6.23e-05 val PSNR 56.863 SSIM 0.9940 SAM 0.835 | best val 56.863 (1.69 h)
ep   421.6 it  43000 loss 0.00074 lr 6.08e-05 val PSNR 56.889 SSIM 0.9940 SAM 0.835 | best val 56.889 (1.73 h)
ep   431.4 it  44000 loss 0.00073 lr 5.92e-05 val PSNR 56.928 SSIM 0.9940 SAM 0.830 | best val 56.928 (1.77 h)
ep   441.2 it  45000 loss 0.00073 lr 5.77e-05 val PSNR 56.951 SSIM 0.9940 SAM 0.828 | best val 56.951 (1.81 h)
ep   451.0 it  46000 loss 0.00072 lr 5.61e-05 val PSNR 56.985 SSIM 0.9940 SAM 0.826 | best val 56.985 (1.85 h)
ep   460.8 it  47000 loss 0.00072 lr 5.46e-05 val PSNR 56.997 SSIM 0.9941 SAM 0.825 | best val 56.997 (1.89 h)
ep   470.6 it  48000 loss 0.00072 lr 5.30e-05 val PSNR 57.036 SSIM 0.9941 SAM 0.821 | best val 57.036 (1.93 h)
ep   480.4 it  49000 loss 0.00072 lr 5.14e-05 val PSNR 57.025 SSIM 0.9941 SAM 0.821 | best val 57.036 (1.97 h)
ep   490.2 it  50000 loss 0.00072 lr 4.99e-05 val PSNR 57.087 SSIM 0.9941 SAM 0.817 | best val 57.087 (2.01 h)
ep   500.0 it  51000 loss 0.00071 lr 4.83e-05 val PSNR 57.106 SSIM 0.9941 SAM 0.816 | best val 57.106 (2.05 h)
ep   509.8 it  52000 loss 0.00071 lr 4.67e-05 val PSNR 57.107 SSIM 0.9941 SAM 0.815 | best val 57.107 (2.09 h)
ep   519.6 it  53000 loss 0.00071 lr 4.52e-05 val PSNR 57.147 SSIM 0.9942 SAM 0.812 | best val 57.147 (2.13 h)
ep   529.4 it  54000 loss 0.00070 lr 4.36e-05 val PSNR 57.154 SSIM 0.9942 SAM 0.811 | best val 57.154 (2.17 h)
ep   539.2 it  55000 loss 0.00070 lr 4.21e-05 val PSNR 57.146 SSIM 0.9942 SAM 0.811 | best val 57.154 (2.21 h)
ep   549.0 it  56000 loss 0.00070 lr 4.05e-05 val PSNR 57.198 SSIM 0.9942 SAM 0.808 | best val 57.198 (2.25 h)
ep   558.8 it  57000 loss 0.00070 lr 3.90e-05 val PSNR 57.211 SSIM 0.9942 SAM 0.807 | best val 57.211 (2.29 h)
ep   568.6 it  58000 loss 0.00069 lr 3.75e-05 val PSNR 57.218 SSIM 0.9942 SAM 0.807 | best val 57.218 (2.33 h)
ep   578.4 it  59000 loss 0.00069 lr 3.59e-05 val PSNR 57.236 SSIM 0.9942 SAM 0.805 | best val 57.236 (2.37 h)
ep   588.2 it  60000 loss 0.00069 lr 3.44e-05 val PSNR 57.254 SSIM 0.9942 SAM 0.804 | best val 57.254 (2.41 h)
ep   598.0 it  61000 loss 0.00069 lr 3.30e-05 val PSNR 57.262 SSIM 0.9942 SAM 0.803 | best val 57.262 (2.45 h)
ep   607.8 it  62000 loss 0.00069 lr 3.15e-05 val PSNR 57.279 SSIM 0.9942 SAM 0.802 | best val 57.279 (2.49 h)
ep   617.6 it  63000 loss 0.00069 lr 3.00e-05 val PSNR 57.274 SSIM 0.9942 SAM 0.801 | best val 57.279 (2.53 h)
ep   627.5 it  64000 loss 0.00069 lr 2.86e-05 val PSNR 57.292 SSIM 0.9942 SAM 0.800 | best val 57.292 (2.56 h)
ep   637.3 it  65000 loss 0.00068 lr 2.72e-05 val PSNR 57.311 SSIM 0.9943 SAM 0.799 | best val 57.311 (2.60 h)
ep   647.1 it  66000 loss 0.00068 lr 2.58e-05 val PSNR 57.321 SSIM 0.9943 SAM 0.798 | best val 57.321 (2.64 h)
ep   656.9 it  67000 loss 0.00068 lr 2.45e-05 val PSNR 57.325 SSIM 0.9943 SAM 0.797 | best val 57.325 (2.68 h)
ep   666.7 it  68000 loss 0.00068 lr 2.31e-05 val PSNR 57.338 SSIM 0.9943 SAM 0.797 | best val 57.338 (2.72 h)
ep   676.5 it  69000 loss 0.00068 lr 2.18e-05 val PSNR 57.348 SSIM 0.9943 SAM 0.796 | best val 57.348 (2.76 h)
ep   686.3 it  70000 loss 0.00068 lr 2.05e-05 val PSNR 57.347 SSIM 0.9943 SAM 0.795 | best val 57.348 (2.80 h)
ep   696.1 it  71000 loss 0.00068 lr 1.93e-05 val PSNR 57.364 SSIM 0.9943 SAM 0.795 | best val 57.364 (2.84 h)
ep   705.9 it  72000 loss 0.00067 lr 1.81e-05 val PSNR 57.372 SSIM 0.9943 SAM 0.794 | best val 57.372 (2.88 h)
ep   715.7 it  73000 loss 0.00068 lr 1.69e-05 val PSNR 57.375 SSIM 0.9943 SAM 0.794 | best val 57.375 (2.92 h)
ep   725.5 it  74000 loss 0.00067 lr 1.57e-05 val PSNR 57.385 SSIM 0.9943 SAM 0.793 | best val 57.385 (2.96 h)
ep   735.3 it  75000 loss 0.00067 lr 1.46e-05 val PSNR 57.388 SSIM 0.9943 SAM 0.793 | best val 57.388 (3.00 h)
ep   745.1 it  76000 loss 0.00067 lr 1.35e-05 val PSNR 57.389 SSIM 0.9943 SAM 0.792 | best val 57.389 (3.04 h)
ep   754.9 it  77000 loss 0.00067 lr 1.24e-05 val PSNR 57.401 SSIM 0.9943 SAM 0.792 | best val 57.401 (3.08 h)
ep   764.7 it  78000 loss 0.00067 lr 1.14e-05 val PSNR 57.403 SSIM 0.9943 SAM 0.792 | best val 57.403 (3.12 h)
ep   774.5 it  79000 loss 0.00067 lr 1.05e-05 val PSNR 57.410 SSIM 0.9943 SAM 0.791 | best val 57.410 (3.16 h)
ep   784.3 it  80000 loss 0.00067 lr 9.51e-06 val PSNR 57.411 SSIM 0.9943 SAM 0.791 | best val 57.411 (3.20 h)
ep   794.1 it  81000 loss 0.00067 lr 8.61e-06 val PSNR 57.415 SSIM 0.9943 SAM 0.791 | best val 57.415 (3.24 h)
ep   803.9 it  82000 loss 0.00067 lr 7.75e-06 val PSNR 57.421 SSIM 0.9943 SAM 0.790 | best val 57.421 (3.28 h)
ep   813.7 it  83000 loss 0.00067 lr 6.93e-06 val PSNR 57.423 SSIM 0.9943 SAM 0.790 | best val 57.423 (3.32 h)
ep   823.5 it  84000 loss 0.00066 lr 6.16e-06 val PSNR 57.429 SSIM 0.9943 SAM 0.790 | best val 57.429 (3.36 h)
ep   833.3 it  85000 loss 0.00067 lr 5.43e-06 val PSNR 57.431 SSIM 0.9943 SAM 0.789 | best val 57.431 (3.40 h)
ep   843.1 it  86000 loss 0.00066 lr 4.74e-06 val PSNR 57.434 SSIM 0.9943 SAM 0.789 | best val 57.434 (3.44 h)
ep   852.9 it  87000 loss 0.00067 lr 4.09e-06 val PSNR 57.438 SSIM 0.9943 SAM 0.789 | best val 57.438 (3.48 h)
ep   862.7 it  88000 loss 0.00067 lr 3.49e-06 val PSNR 57.440 SSIM 0.9943 SAM 0.789 | best val 57.440 (3.52 h)
ep   872.5 it  89000 loss 0.00066 lr 2.94e-06 val PSNR 57.443 SSIM 0.9943 SAM 0.789 | best val 57.443 (3.56 h)
ep   882.4 it  90000 loss 0.00066 lr 2.43e-06 val PSNR 57.444 SSIM 0.9943 SAM 0.789 | best val 57.444 (3.60 h)
ep   892.2 it  91000 loss 0.00067 lr 1.97e-06 val PSNR 57.445 SSIM 0.9943 SAM 0.788 | best val 57.445 (3.64 h)
ep   902.0 it  92000 loss 0.00067 lr 1.56e-06 val PSNR 57.446 SSIM 0.9943 SAM 0.788 | best val 57.446 (3.68 h)
ep   911.8 it  93000 loss 0.00066 lr 1.20e-06 val PSNR 57.448 SSIM 0.9943 SAM 0.788 | best val 57.448 (3.72 h)
ep   921.6 it  94000 loss 0.00066 lr 8.80e-07 val PSNR 57.450 SSIM 0.9943 SAM 0.788 | best val 57.450 (3.76 h)
ep   931.4 it  95000 loss 0.00066 lr 6.11e-07 val PSNR 57.449 SSIM 0.9943 SAM 0.788 | best val 57.450 (3.80 h)
ep   941.2 it  96000 loss 0.00066 lr 3.91e-07 val PSNR 57.449 SSIM 0.9943 SAM 0.788 | best val 57.450 (3.84 h)
ep   951.0 it  97000 loss 0.00066 lr 2.20e-07 val PSNR 57.449 SSIM 0.9943 SAM 0.788 | best val 57.450 (3.88 h)
ep   960.8 it  98000 loss 0.00066 lr 1.00e-07 val PSNR 57.450 SSIM 0.9943 SAM 0.788 | best val 57.450 (3.92 h)
ep   970.6 it  99000 loss 0.00066 lr 1.00e-07 val PSNR 57.451 SSIM 0.9943 SAM 0.788 | best val 57.451 (3.96 h)
ep   980.4 it 100000 loss 0.00066 lr 1.00e-07 val PSNR 57.450 SSIM 0.9943 SAM 0.788 | best val 57.451 (4.00 h)
time budget reached at it 100000 (epoch 980.4); continue with --resume <out>/last.pt
TEST: {'PSNR': 56.9554, 'PSNR_psrt': 51.521, 'MPSNR_peak1': 62.8153, 'SSIM': 0.9964, 'SSIM_psrt': 0.9987, 'SAM': 0.8012, 'ERGAS': 1.4884, 'RMSE_DN': 21.6455, 'CC': 0.996, 'SCC': 0.9989, 'Q2n': 0.9918}
TEST (self-ensemble): {'PSNR': 56.9904, 'PSNR_psrt': 51.556, 'MPSNR_peak1': 62.9928, 'SSIM': 0.9964, 'SSIM_psrt': 0.9987, 'SAM': 0.7979, 'ERGAS': 1.4856, 'RMSE_DN': 21.564, 'CC': 0.996, 'SCC': 0.9989, 'Q2n': 0.9919}
consistency: {'cons_H_dB': 71.89555831497245, 'cons_M_dB': 73.86589474413151} | self-ensemble: {'cons_H_dB': 72.0457838900569, 'cons_M_dB': 74.40026984307428}
