pavia x4: train [(92, 424, 715), (92, 512, 187)] test (4, 92, 256, 256) val (63, 92, 64, 64), 1.0 = 8000 DN  (2s)
puformer (reflect borders): 9.98M params on 1 x cuda; batch 8 x 1; epoch = 12 iters; eval every 1000 iters; deadline in 4.00 h; schedule by time
bicubic test: {'PSNR': 25.5166, 'PSNR_psrt': 25.1078, 'MPSNR_peak1': 25.8716, 'SSIM': 0.6282, 'SSIM_psrt': 0.6427, 'SAM': 6.5539, 'ERGAS': 9.8525, 'RMSE_DN': 436.3207, 'CC': 0.8174, 'SCC': 0.7526, 'Q2n': 0.6806}
GSA test: {'PSNR': 34.7757, 'PSNR_psrt': 34.3668, 'MPSNR_peak1': 35.1931, 'SSIM': 0.9438, 'SSIM_psrt': 0.945, 'SAM': 5.2291, 'ERGAS': 3.4939, 'RMSE_DN': 157.9259, 'CC': 0.9958, 'SCC': 0.9922, 'Q2n': 0.9276}
ep    83.3 it   1000 loss 0.01622 lr 3.00e-04 val PSNR 43.617 SSIM 0.9930 SAM 2.065 | best val 43.617 (0.12 h)
ep   166.7 it   2000 loss 0.00713 lr 2.98e-04 val PSNR 45.900 SSIM 0.9950 SAM 1.759 | best val 45.900 (0.23 h)
ep   250.0 it   3000 loss 0.00601 lr 2.95e-04 val PSNR 47.099 SSIM 0.9958 SAM 1.567 | best val 47.099 (0.33 h)
ep   333.3 it   4000 loss 0.00577 lr 2.91e-04 val PSNR 47.544 SSIM 0.9961 SAM 1.510 | best val 47.544 (0.44 h)
ep   416.7 it   5000 loss 0.00551 lr 2.87e-04 val PSNR 47.787 SSIM 0.9962 SAM 1.481 | best val 47.787 (0.54 h)
ep   500.0 it   6000 loss 0.00541 lr 2.81e-04 val PSNR 47.948 SSIM 0.9962 SAM 1.462 | best val 47.948 (0.65 h)
ep   583.3 it   7000 loss 0.00537 lr 2.75e-04 val PSNR 48.066 SSIM 0.9963 SAM 1.447 | best val 48.066 (0.75 h)
ep   666.7 it   8000 loss 0.00526 lr 2.67e-04 val PSNR 48.145 SSIM 0.9963 SAM 1.438 | best val 48.145 (0.86 h)
ep   750.0 it   9000 loss 0.00515 lr 2.59e-04 val PSNR 48.206 SSIM 0.9964 SAM 1.429 | best val 48.206 (0.96 h)
ep   833.3 it  10000 loss 0.00511 lr 2.50e-04 val PSNR 48.254 SSIM 0.9964 SAM 1.421 | best val 48.254 (1.07 h)
ep   916.7 it  11000 loss 0.00512 lr 2.41e-04 val PSNR 48.298 SSIM 0.9964 SAM 1.415 | best val 48.298 (1.17 h)
ep  1000.0 it  12000 loss 0.00514 lr 2.31e-04 val PSNR 48.329 SSIM 0.9964 SAM 1.410 | best val 48.329 (1.28 h)
ep  1083.3 it  13000 loss 0.00509 lr 2.20e-04 val PSNR 48.356 SSIM 0.9964 SAM 1.405 | best val 48.356 (1.39 h)
ep  1166.7 it  14000 loss 0.00506 lr 2.09e-04 val PSNR 48.375 SSIM 0.9964 SAM 1.402 | best val 48.375 (1.49 h)
ep  1250.0 it  15000 loss 0.00501 lr 1.97e-04 val PSNR 48.390 SSIM 0.9964 SAM 1.398 | best val 48.390 (1.60 h)
ep  1333.3 it  16000 loss 0.00497 lr 1.85e-04 val PSNR 48.399 SSIM 0.9965 SAM 1.396 | best val 48.399 (1.70 h)
ep  1416.7 it  17000 loss 0.00500 lr 1.73e-04 val PSNR 48.411 SSIM 0.9965 SAM 1.393 | best val 48.411 (1.81 h)
ep  1500.0 it  18000 loss 0.00496 lr 1.61e-04 val PSNR 48.418 SSIM 0.9965 SAM 1.392 | best val 48.418 (1.91 h)
ep  1583.3 it  19000 loss 0.00500 lr 1.48e-04 val PSNR 48.425 SSIM 0.9965 SAM 1.390 | best val 48.425 (2.02 h)
ep  1666.7 it  20000 loss 0.00495 lr 1.36e-04 val PSNR 48.426 SSIM 0.9965 SAM 1.390 | best val 48.426 (2.12 h)
ep  1750.0 it  21000 loss 0.00492 lr 1.24e-04 val PSNR 48.427 SSIM 0.9965 SAM 1.389 | best val 48.427 (2.23 h)
ep  1833.3 it  22000 loss 0.00492 lr 1.12e-04 val PSNR 48.430 SSIM 0.9965 SAM 1.388 | best val 48.430 (2.33 h)
ep  1916.7 it  23000 loss 0.00490 lr 9.97e-05 val PSNR 48.441 SSIM 0.9965 SAM 1.387 | best val 48.441 (2.44 h)
ep  2000.0 it  24000 loss 0.00483 lr 8.82e-05 val PSNR 48.442 SSIM 0.9965 SAM 1.387 | best val 48.442 (2.54 h)
ep  2083.3 it  25000 loss 0.00492 lr 7.71e-05 val PSNR 48.442 SSIM 0.9965 SAM 1.386 | best val 48.442 (2.65 h)
ep  2166.7 it  26000 loss 0.00493 lr 6.65e-05 val PSNR 48.441 SSIM 0.9965 SAM 1.386 | best val 48.442 (2.75 h)
ep  2250.0 it  27000 loss 0.00480 lr 5.65e-05 val PSNR 48.441 SSIM 0.9965 SAM 1.386 | best val 48.442 (2.86 h)
ep  2333.3 it  28000 loss 0.00482 lr 4.71e-05 val PSNR 48.442 SSIM 0.9965 SAM 1.386 | best val 48.442 (2.96 h)
ep  2416.7 it  29000 loss 0.00499 lr 3.84e-05 val PSNR 48.444 SSIM 0.9965 SAM 1.386 | best val 48.444 (3.07 h)
ep  2500.0 it  30000 loss 0.00480 lr 3.05e-05 val PSNR 48.447 SSIM 0.9965 SAM 1.386 | best val 48.447 (3.17 h)
ep  2583.3 it  31000 loss 0.00481 lr 2.34e-05 val PSNR 48.447 SSIM 0.9965 SAM 1.386 | best val 48.447 (3.28 h)
ep  2666.7 it  32000 loss 0.00490 lr 1.72e-05 val PSNR 48.448 SSIM 0.9965 SAM 1.386 | best val 48.448 (3.39 h)
ep  2750.0 it  33000 loss 0.00483 lr 1.18e-05 val PSNR 48.448 SSIM 0.9965 SAM 1.386 | best val 48.448 (3.49 h)
ep  2833.3 it  34000 loss 0.00478 lr 7.49e-06 val PSNR 48.447 SSIM 0.9965 SAM 1.386 | best val 48.448 (3.60 h)
ep  2916.7 it  35000 loss 0.00482 lr 4.10e-06 val PSNR 48.447 SSIM 0.9965 SAM 1.386 | best val 48.448 (3.70 h)
ep  3000.0 it  36000 loss 0.00485 lr 1.72e-06 val PSNR 48.448 SSIM 0.9965 SAM 1.386 | best val 48.448 (3.81 h)
ep  3083.3 it  37000 loss 0.00486 lr 3.53e-07 val PSNR 48.448 SSIM 0.9965 SAM 1.386 | best val 48.448 (3.91 h)
ep  3154.2 it  37850 loss 0.00478 lr 3.00e-07 val PSNR 48.448 SSIM 0.9965 SAM 1.386 | best val 48.448 (4.00 h)
time budget reached at it 37850 (epoch 3154.2); continue with --resume <out>/last.pt
TEST: {'PSNR': 50.671, 'PSNR_psrt': 50.2621, 'MPSNR_peak1': 51.1647, 'SSIM': 0.997, 'SSIM_psrt': 0.9974, 'SAM': 1.8976, 'ERGAS': 0.6185, 'RMSE_DN': 23.5589, 'CC': 0.9994, 'SCC': 0.9995, 'Q2n': 0.9752}
TEST (self-ensemble): {'PSNR': 50.7368, 'PSNR_psrt': 50.3279, 'MPSNR_peak1': 51.228, 'SSIM': 0.997, 'SSIM_psrt': 0.9974, 'SAM': 1.8878, 'ERGAS': 0.6148, 'RMSE_DN': 23.384, 'CC': 0.9994, 'SCC': 0.9995, 'Q2n': 0.9752}
consistency: {'cons_H_dB': 77.23925046613513, 'cons_M_dB': 74.75809400241303} | self-ensemble: {'cons_H_dB': 77.24463042626132, 'cons_M_dB': 75.09669800208991}
