cave x4: train 40 regions, e.g. [(31, 368, 512), (31, 144, 368)] test (12, 31, 512, 512) val (80, 31, 64, 64), 1.0 = 255 DN  (43s)
[external] psrt: https://github.com/Deng-shangqi/PSRT @ 9c2be904f901d4b6e2991413adea753d94be73fd
/usr/local/lib/python3.13/dist-packages/timm/models/layers/__init__.py:49: FutureWarning: Importing from timm.models.layers is deprecated, please import via timm.layers
  warnings.warn(f"Importing from {__name__} is deprecated, please import via timm.layers", FutureWarning)
psrt (reflect borders): 0.25M params on 1 x cuda; batch 8 x 1; epoch = 147 iters; eval every 1000 iters; deadline in 3.98 h; schedule by time
bicubic test: {'PSNR': 30.0488, 'PSNR_psrt': 29.2758, 'MPSNR_peak1': 30.3573, 'SSIM': 0.878, 'SSIM_psrt': 0.8881, 'SAM': 4.7945, 'ERGAS': 8.2292, 'RMSE_DN': 8.6714, 'CC': 0.9679, 'SCC': 0.722, 'Q2n': 0.7518}
GSA test: {'PSNR': 42.3025, 'PSNR_psrt': 41.5295, 'MPSNR_peak1': 42.9153, 'SSIM': 0.9798, 'SSIM_psrt': 0.9801, 'SAM': 4.6514, 'ERGAS': 2.0803, 'RMSE_DN': 2.1319, 'CC': 0.9981, 'SCC': 0.9849, 'Q2n': 0.8949}
ep     6.8 it   1000 loss 0.40704 lr 1.00e-04 val PSNR 31.405 SSIM 0.5388 SAM 24.127 | best val 31.405 (0.08 h)
ep    13.6 it   2000 loss 0.01827 lr 9.98e-05 val PSNR 41.792 SSIM 0.8693 SAM 6.831 | best val 41.792 (0.14 h)
ep    20.4 it   3000 loss 0.00779 lr 9.95e-05 val PSNR 46.043 SSIM 0.9164 SAM 4.569 | best val 46.043 (0.20 h)
ep    27.2 it   4000 loss 0.00572 lr 9.91e-05 val PSNR 48.160 SSIM 0.9352 SAM 4.025 | best val 48.160 (0.26 h)
ep    34.0 it   5000 loss 0.00485 lr 9.86e-05 val PSNR 49.384 SSIM 0.9453 SAM 3.702 | best val 49.384 (0.32 h)
ep    40.8 it   6000 loss 0.00418 lr 9.79e-05 val PSNR 50.248 SSIM 0.9523 SAM 3.467 | best val 50.248 (0.38 h)
ep    47.6 it   7000 loss 0.00393 lr 9.72e-05 val PSNR 50.899 SSIM 0.9573 SAM 3.298 | best val 50.899 (0.44 h)
ep    54.4 it   8000 loss 0.00367 lr 9.63e-05 val PSNR 51.379 SSIM 0.9608 SAM 3.177 | best val 51.379 (0.50 h)
ep    61.2 it   9000 loss 0.00348 lr 9.54e-05 val PSNR 51.779 SSIM 0.9635 SAM 3.073 | best val 51.779 (0.57 h)
ep    68.0 it  10000 loss 0.00338 lr 9.43e-05 val PSNR 52.120 SSIM 0.9655 SAM 2.981 | best val 52.120 (0.63 h)
ep    74.8 it  11000 loss 0.00319 lr 9.32e-05 val PSNR 52.386 SSIM 0.9670 SAM 2.917 | best val 52.386 (0.69 h)
ep    81.6 it  12000 loss 0.00317 lr 9.19e-05 val PSNR 52.611 SSIM 0.9682 SAM 2.859 | best val 52.611 (0.75 h)
ep    88.4 it  13000 loss 0.00302 lr 9.06e-05 val PSNR 52.893 SSIM 0.9698 SAM 2.794 | best val 52.893 (0.81 h)
ep    95.2 it  14000 loss 0.00292 lr 8.91e-05 val PSNR 53.098 SSIM 0.9707 SAM 2.746 | best val 53.098 (0.87 h)
ep   102.0 it  15000 loss 0.00292 lr 8.76e-05 val PSNR 53.265 SSIM 0.9715 SAM 2.705 | best val 53.265 (0.93 h)
ep   108.8 it  16000 loss 0.00280 lr 8.59e-05 val PSNR 53.456 SSIM 0.9723 SAM 2.662 | best val 53.456 (0.99 h)
ep   115.6 it  17000 loss 0.00274 lr 8.42e-05 val PSNR 53.630 SSIM 0.9731 SAM 2.621 | best val 53.630 (1.05 h)
ep   122.4 it  18000 loss 0.00265 lr 8.24e-05 val PSNR 53.787 SSIM 0.9737 SAM 2.586 | best val 53.787 (1.11 h)
ep   129.3 it  19000 loss 0.00266 lr 8.06e-05 val PSNR 53.902 SSIM 0.9743 SAM 2.556 | best val 53.902 (1.17 h)
ep   136.1 it  20000 loss 0.00257 lr 7.86e-05 val PSNR 54.011 SSIM 0.9745 SAM 2.534 | best val 54.011 (1.24 h)
ep   142.9 it  21000 loss 0.00249 lr 7.66e-05 val PSNR 54.171 SSIM 0.9752 SAM 2.496 | best val 54.171 (1.30 h)
ep   149.7 it  22000 loss 0.00249 lr 7.46e-05 val PSNR 54.318 SSIM 0.9757 SAM 2.466 | best val 54.318 (1.36 h)
ep   156.5 it  23000 loss 0.00238 lr 7.24e-05 val PSNR 54.421 SSIM 0.9760 SAM 2.445 | best val 54.421 (1.42 h)
ep   163.3 it  24000 loss 0.00241 lr 7.03e-05 val PSNR 54.490 SSIM 0.9762 SAM 2.427 | best val 54.490 (1.48 h)
ep   170.1 it  25000 loss 0.00237 lr 6.81e-05 val PSNR 54.585 SSIM 0.9766 SAM 2.406 | best val 54.585 (1.54 h)
ep   176.9 it  26000 loss 0.00230 lr 6.58e-05 val PSNR 54.695 SSIM 0.9769 SAM 2.386 | best val 54.695 (1.60 h)
ep   183.7 it  27000 loss 0.00223 lr 6.35e-05 val PSNR 54.786 SSIM 0.9772 SAM 2.369 | best val 54.786 (1.66 h)
ep   190.5 it  28000 loss 0.00226 lr 6.12e-05 val PSNR 54.857 SSIM 0.9774 SAM 2.354 | best val 54.857 (1.72 h)
ep   197.3 it  29000 loss 0.00223 lr 5.88e-05 val PSNR 54.923 SSIM 0.9776 SAM 2.341 | best val 54.923 (1.78 h)
ep   204.1 it  30000 loss 0.00218 lr 5.65e-05 val PSNR 54.985 SSIM 0.9777 SAM 2.328 | best val 54.985 (1.84 h)
ep   210.9 it  31000 loss 0.00221 lr 5.41e-05 val PSNR 55.058 SSIM 0.9780 SAM 2.312 | best val 55.058 (1.90 h)
ep   217.7 it  32000 loss 0.00216 lr 5.17e-05 val PSNR 55.113 SSIM 0.9781 SAM 2.302 | best val 55.113 (1.97 h)
ep   224.5 it  33000 loss 0.00211 lr 4.93e-05 val PSNR 55.173 SSIM 0.9783 SAM 2.291 | best val 55.173 (2.03 h)
ep   231.3 it  34000 loss 0.00206 lr 4.69e-05 val PSNR 55.242 SSIM 0.9784 SAM 2.278 | best val 55.242 (2.09 h)
ep   238.1 it  35000 loss 0.00209 lr 4.45e-05 val PSNR 55.290 SSIM 0.9786 SAM 2.268 | best val 55.290 (2.15 h)
ep   244.9 it  36000 loss 0.00208 lr 4.21e-05 val PSNR 55.333 SSIM 0.9787 SAM 2.259 | best val 55.333 (2.21 h)
ep   251.7 it  37000 loss 0.00204 lr 3.98e-05 val PSNR 55.371 SSIM 0.9788 SAM 2.251 | best val 55.371 (2.27 h)
ep   258.5 it  38000 loss 0.00200 lr 3.74e-05 val PSNR 55.418 SSIM 0.9790 SAM 2.241 | best val 55.418 (2.33 h)
ep   265.3 it  39000 loss 0.00197 lr 3.51e-05 val PSNR 55.465 SSIM 0.9791 SAM 2.232 | best val 55.465 (2.39 h)
ep   272.1 it  40000 loss 0.00202 lr 3.28e-05 val PSNR 55.505 SSIM 0.9792 SAM 2.225 | best val 55.505 (2.45 h)
ep   278.9 it  41000 loss 0.00198 lr 3.06e-05 val PSNR 55.543 SSIM 0.9793 SAM 2.217 | best val 55.543 (2.51 h)
ep   285.7 it  42000 loss 0.00194 lr 2.84e-05 val PSNR 55.578 SSIM 0.9793 SAM 2.210 | best val 55.578 (2.57 h)
ep   292.5 it  43000 loss 0.00194 lr 2.63e-05 val PSNR 55.616 SSIM 0.9794 SAM 2.203 | best val 55.616 (2.64 h)
ep   299.3 it  44000 loss 0.00194 lr 2.42e-05 val PSNR 55.641 SSIM 0.9795 SAM 2.197 | best val 55.641 (2.70 h)
ep   306.1 it  45000 loss 0.00189 lr 2.22e-05 val PSNR 55.675 SSIM 0.9796 SAM 2.190 | best val 55.675 (2.76 h)
ep   312.9 it  46000 loss 0.00190 lr 2.02e-05 val PSNR 55.705 SSIM 0.9797 SAM 2.184 | best val 55.705 (2.82 h)
ep   319.7 it  47000 loss 0.00188 lr 1.83e-05 val PSNR 55.730 SSIM 0.9797 SAM 2.180 | best val 55.730 (2.88 h)
ep   326.5 it  48000 loss 0.00184 lr 1.65e-05 val PSNR 55.755 SSIM 0.9798 SAM 2.175 | best val 55.755 (2.94 h)
ep   333.3 it  49000 loss 0.00185 lr 1.47e-05 val PSNR 55.780 SSIM 0.9799 SAM 2.169 | best val 55.780 (3.00 h)
ep   340.1 it  50000 loss 0.00189 lr 1.31e-05 val PSNR 55.795 SSIM 0.9799 SAM 2.166 | best val 55.795 (3.06 h)
ep   346.9 it  51000 loss 0.00186 lr 1.15e-05 val PSNR 55.810 SSIM 0.9799 SAM 2.162 | best val 55.810 (3.12 h)
ep   353.7 it  52000 loss 0.00183 lr 1.00e-05 val PSNR 55.833 SSIM 0.9800 SAM 2.158 | best val 55.833 (3.18 h)
ep   360.5 it  53000 loss 0.00182 lr 8.61e-06 val PSNR 55.853 SSIM 0.9800 SAM 2.154 | best val 55.853 (3.24 h)
ep   367.3 it  54000 loss 0.00181 lr 7.31e-06 val PSNR 55.868 SSIM 0.9801 SAM 2.151 | best val 55.868 (3.31 h)
ep   374.1 it  55000 loss 0.00184 lr 6.11e-06 val PSNR 55.878 SSIM 0.9801 SAM 2.148 | best val 55.878 (3.37 h)
ep   381.0 it  56000 loss 0.00183 lr 5.00e-06 val PSNR 55.890 SSIM 0.9801 SAM 2.145 | best val 55.890 (3.43 h)
ep   387.8 it  57000 loss 0.00179 lr 4.01e-06 val PSNR 55.902 SSIM 0.9801 SAM 2.143 | best val 55.902 (3.49 h)
ep   394.6 it  58000 loss 0.00182 lr 3.12e-06 val PSNR 55.913 SSIM 0.9802 SAM 2.140 | best val 55.913 (3.55 h)
ep   401.4 it  59000 loss 0.00180 lr 2.34e-06 val PSNR 55.922 SSIM 0.9802 SAM 2.138 | best val 55.922 (3.61 h)
ep   408.2 it  60000 loss 0.00180 lr 1.67e-06 val PSNR 55.928 SSIM 0.9802 SAM 2.137 | best val 55.928 (3.67 h)
ep   415.0 it  61000 loss 0.00180 lr 1.11e-06 val PSNR 55.930 SSIM 0.9802 SAM 2.136 | best val 55.930 (3.73 h)
ep   421.8 it  62000 loss 0.00178 lr 6.61e-07 val PSNR 55.936 SSIM 0.9802 SAM 2.135 | best val 55.936 (3.79 h)
ep   428.6 it  63000 loss 0.00181 lr 3.28e-07 val PSNR 55.938 SSIM 0.9802 SAM 2.134 | best val 55.938 (3.85 h)
ep   435.4 it  64000 loss 0.00180 lr 1.10e-07 val PSNR 55.938 SSIM 0.9802 SAM 2.134 | best val 55.938 (3.92 h)
ep   442.2 it  65000 loss 0.00180 lr 1.00e-07 val PSNR 55.938 SSIM 0.9802 SAM 2.134 | best val 55.938 (3.98 h)
ep   444.9 it  65400 loss 0.00181 lr 1.00e-07 val PSNR 55.938 SSIM 0.9802 SAM 2.134 | best val 55.938 (4.00 h)
time budget reached at it 65400 (epoch 444.9); continue with --resume <out>/last.pt
TEST: {'PSNR': 48.5087, 'PSNR_psrt': 47.7357, 'MPSNR_peak1': 49.4822, 'SSIM': 0.995, 'SSIM_psrt': 0.9952, 'SAM': 2.3936, 'ERGAS': 1.0158, 'RMSE_DN': 1.0318, 'CC': 0.9993, 'SCC': 0.995, 'Q2n': 0.9675}
TEST (self-ensemble): {'PSNR': 48.5641, 'PSNR_psrt': 47.7911, 'MPSNR_peak1': 49.5469, 'SSIM': 0.9951, 'SSIM_psrt': 0.9953, 'SAM': 2.3847, 'ERGAS': 1.0082, 'RMSE_DN': 1.0246, 'CC': 0.9993, 'SCC': 0.995, 'Q2n': 0.9678}
consistency: {'cons_H_dB': 55.77011459342271, 'cons_M_dB': 61.30301964745843} | self-ensemble: {'cons_H_dB': 55.82460345115924, 'cons_M_dB': 61.677495335904844}
