pavia x4: train [(92, 424, 715), (92, 512, 187)] test (4, 92, 256, 256) val (63, 92, 64, 64), 1.0 = 8000 DN  (6s)
puformer (reflect borders): 9.99M params on 1 x cuda; batch 8 x 1; epoch = 12 iters; eval every 1000 iters; deadline in 4.00 h; schedule by time
bicubic test: {'PSNR': 25.5166, 'PSNR_psrt': 25.1078, 'MPSNR_peak1': 25.8716, 'SSIM': 0.6282, 'SSIM_psrt': 0.6427, 'SAM': 6.5539, 'ERGAS': 9.8525, 'RMSE_DN': 436.3207, 'CC': 0.8174, 'SCC': 0.7526, 'Q2n': 0.6806}
GSA test: {'PSNR': 34.7757, 'PSNR_psrt': 34.3668, 'MPSNR_peak1': 35.1931, 'SSIM': 0.9438, 'SSIM_psrt': 0.945, 'SAM': 5.2291, 'ERGAS': 3.4939, 'RMSE_DN': 157.9259, 'CC': 0.9958, 'SCC': 0.9922, 'Q2n': 0.9276}
ep    83.3 it   1000 loss 0.01747 lr 3.00e-04 val PSNR 43.053 SSIM 0.9925 SAM 2.125 | best val 43.053 (0.12 h)
ep   166.7 it   2000 loss 0.00708 lr 2.98e-04 val PSNR 45.752 SSIM 0.9949 SAM 1.777 | best val 45.752 (0.22 h)
ep   250.0 it   3000 loss 0.00623 lr 2.95e-04 val PSNR 46.580 SSIM 0.9956 SAM 1.647 | best val 46.580 (0.33 h)
ep   333.3 it   4000 loss 0.00572 lr 2.92e-04 val PSNR 47.267 SSIM 0.9960 SAM 1.544 | best val 47.267 (0.43 h)
ep   416.7 it   5000 loss 0.00550 lr 2.87e-04 val PSNR 47.675 SSIM 0.9961 SAM 1.490 | best val 47.675 (0.53 h)
ep   500.0 it   6000 loss 0.00530 lr 2.82e-04 val PSNR 47.864 SSIM 0.9962 SAM 1.464 | best val 47.864 (0.64 h)
ep   583.3 it   7000 loss 0.00519 lr 2.76e-04 val PSNR 47.992 SSIM 0.9963 SAM 1.449 | best val 47.992 (0.74 h)
ep   666.7 it   8000 loss 0.00525 lr 2.69e-04 val PSNR 48.102 SSIM 0.9963 SAM 1.438 | best val 48.102 (0.84 h)
ep   750.0 it   9000 loss 0.00521 lr 2.61e-04 val PSNR 48.190 SSIM 0.9964 SAM 1.429 | best val 48.190 (0.95 h)
ep   833.3 it  10000 loss 0.00517 lr 2.52e-04 val PSNR 48.264 SSIM 0.9964 SAM 1.421 | best val 48.264 (1.05 h)
ep   916.7 it  11000 loss 0.00510 lr 2.43e-04 val PSNR 48.316 SSIM 0.9964 SAM 1.415 | best val 48.316 (1.15 h)
ep  1000.0 it  12000 loss 0.00514 lr 2.33e-04 val PSNR 48.367 SSIM 0.9964 SAM 1.409 | best val 48.367 (1.26 h)
ep  1083.3 it  13000 loss 0.00510 lr 2.23e-04 val PSNR 48.400 SSIM 0.9964 SAM 1.405 | best val 48.400 (1.36 h)
ep  1166.7 it  14000 loss 0.00500 lr 2.12e-04 val PSNR 48.429 SSIM 0.9965 SAM 1.401 | best val 48.429 (1.47 h)
ep  1250.0 it  15000 loss 0.00501 lr 2.00e-04 val PSNR 48.448 SSIM 0.9965 SAM 1.398 | best val 48.448 (1.57 h)
ep  1333.3 it  16000 loss 0.00495 lr 1.89e-04 val PSNR 48.465 SSIM 0.9965 SAM 1.395 | best val 48.465 (1.67 h)
ep  1416.7 it  17000 loss 0.00494 lr 1.77e-04 val PSNR 48.479 SSIM 0.9965 SAM 1.394 | best val 48.479 (1.78 h)
ep  1500.0 it  18000 loss 0.00494 lr 1.65e-04 val PSNR 48.495 SSIM 0.9965 SAM 1.392 | best val 48.495 (1.88 h)
ep  1583.3 it  19000 loss 0.00494 lr 1.53e-04 val PSNR 48.501 SSIM 0.9965 SAM 1.391 | best val 48.501 (1.98 h)
ep  1666.7 it  20000 loss 0.00494 lr 1.40e-04 val PSNR 48.515 SSIM 0.9965 SAM 1.389 | best val 48.515 (2.09 h)
ep  1750.0 it  21000 loss 0.00482 lr 1.28e-04 val PSNR 48.522 SSIM 0.9965 SAM 1.388 | best val 48.522 (2.19 h)
ep  1833.3 it  22000 loss 0.00485 lr 1.16e-04 val PSNR 48.527 SSIM 0.9965 SAM 1.387 | best val 48.527 (2.29 h)
ep  1916.7 it  23000 loss 0.00488 lr 1.04e-04 val PSNR 48.531 SSIM 0.9965 SAM 1.387 | best val 48.531 (2.40 h)
ep  2000.0 it  24000 loss 0.00490 lr 9.29e-05 val PSNR 48.535 SSIM 0.9965 SAM 1.387 | best val 48.535 (2.50 h)
ep  2083.3 it  25000 loss 0.00490 lr 8.18e-05 val PSNR 48.537 SSIM 0.9965 SAM 1.386 | best val 48.537 (2.60 h)
ep  2166.7 it  26000 loss 0.00489 lr 7.12e-05 val PSNR 48.539 SSIM 0.9965 SAM 1.386 | best val 48.539 (2.71 h)
ep  2250.0 it  27000 loss 0.00482 lr 6.11e-05 val PSNR 48.538 SSIM 0.9965 SAM 1.385 | best val 48.539 (2.81 h)
ep  2333.3 it  28000 loss 0.00485 lr 5.15e-05 val PSNR 48.542 SSIM 0.9965 SAM 1.385 | best val 48.542 (2.91 h)
ep  2416.7 it  29000 loss 0.00481 lr 4.27e-05 val PSNR 48.543 SSIM 0.9965 SAM 1.385 | best val 48.543 (3.02 h)
ep  2500.0 it  30000 loss 0.00488 lr 3.45e-05 val PSNR 48.544 SSIM 0.9965 SAM 1.385 | best val 48.544 (3.12 h)
ep  2583.3 it  31000 loss 0.00478 lr 2.71e-05 val PSNR 48.546 SSIM 0.9965 SAM 1.385 | best val 48.546 (3.22 h)
ep  2666.7 it  32000 loss 0.00488 lr 2.05e-05 val PSNR 48.544 SSIM 0.9965 SAM 1.385 | best val 48.546 (3.33 h)
ep  2750.0 it  33000 loss 0.00477 lr 1.48e-05 val PSNR 48.546 SSIM 0.9965 SAM 1.385 | best val 48.546 (3.43 h)
ep  2833.3 it  34000 loss 0.00475 lr 9.93e-06 val PSNR 48.547 SSIM 0.9965 SAM 1.385 | best val 48.547 (3.54 h)
ep  2916.7 it  35000 loss 0.00482 lr 6.03e-06 val PSNR 48.548 SSIM 0.9965 SAM 1.385 | best val 48.548 (3.64 h)
ep  3000.0 it  36000 loss 0.00472 lr 3.08e-06 val PSNR 48.547 SSIM 0.9965 SAM 1.385 | best val 48.548 (3.74 h)
ep  3083.3 it  37000 loss 0.00481 lr 1.10e-06 val PSNR 48.546 SSIM 0.9965 SAM 1.385 | best val 48.548 (3.85 h)
ep  3166.7 it  38000 loss 0.00486 lr 3.00e-07 val PSNR 48.547 SSIM 0.9965 SAM 1.385 | best val 48.548 (3.95 h)
ep  3208.3 it  38500 loss 0.00483 lr 3.00e-07 val PSNR 48.547 SSIM 0.9965 SAM 1.385 | best val 48.548 (4.00 h)
time budget reached at it 38500 (epoch 3208.3); continue with --resume <out>/last.pt
TEST: {'PSNR': 50.639, 'PSNR_psrt': 50.2302, 'MPSNR_peak1': 51.1265, 'SSIM': 0.9969, 'SSIM_psrt': 0.9974, 'SAM': 1.8985, 'ERGAS': 0.6201, 'RMSE_DN': 23.6494, 'CC': 0.9994, 'SCC': 0.9995, 'Q2n': 0.9753}
TEST (self-ensemble): {'PSNR': 50.7046, 'PSNR_psrt': 50.2958, 'MPSNR_peak1': 51.1917, 'SSIM': 0.997, 'SSIM_psrt': 0.9974, 'SAM': 1.8889, 'ERGAS': 0.6165, 'RMSE_DN': 23.4727, 'CC': 0.9994, 'SCC': 0.9995, 'Q2n': 0.9754}
consistency: {'cons_H_dB': 77.63506459522185, 'cons_M_dB': 74.74875472531171} | self-ensemble: {'cons_H_dB': 78.21428737679004, 'cons_M_dB': 75.54562919593906}
