chikusei x8: train (128, 1632, 2048) test (8, 128, 256, 256) val (64, 128, 64, 64), 1.0 = 15133 DN  (1s)
[external] mimformer: https://github.com/meiruni/MIMFormer @ 0904158a8d53c590bcc497ad94b6fd4f6c167c19
/usr/local/lib/python3.13/dist-packages/timm/models/layers/__init__.py:49: FutureWarning: Importing from timm.models.layers is deprecated, please import via timm.layers
  warnings.warn(f"Importing from {__name__} is deprecated, please import via timm.layers", FutureWarning)
mimformer (reflect borders): 16.46M params on 1 x cuda; batch 8 x 1; epoch = 102 iters; eval every 1000 iters; deadline in 4.00 h; schedule by time
bicubic test: {'PSNR': 31.1993, 'PSNR_psrt': 25.7649, 'MPSNR_peak1': 32.8164, 'SSIM': 0.6503, 'SSIM_psrt': 0.7945, 'SAM': 6.127, 'ERGAS': 5.9804, 'RMSE_DN': 425.2727, 'CC': 0.7034, 'SCC': 0.6287, 'Q2n': 0.4389}
GSA test: {'PSNR': 38.6889, 'PSNR_psrt': 33.2545, 'MPSNR_peak1': 40.2864, 'SSIM': 0.9524, 'SSIM_psrt': 0.968, 'SAM': 3.9719, 'ERGAS': 2.5715, 'RMSE_DN': 180.2865, 'CC': 0.9847, 'SCC': 0.9839, 'Q2n': 0.9069}
ep     9.8 it   1000 loss 0.01421 lr 1.00e-04 val PSNR 40.418 SSIM 0.8900 SAM 4.009 | best val 40.418 (0.06 h)
ep    19.6 it   2000 loss 0.00435 lr 9.99e-05 val PSNR 43.736 SSIM 0.9485 SAM 2.821 | best val 43.736 (0.10 h)
ep    29.4 it   3000 loss 0.00306 lr 9.97e-05 val PSNR 46.357 SSIM 0.9693 SAM 2.371 | best val 46.357 (0.14 h)
ep    39.2 it   4000 loss 0.00249 lr 9.95e-05 val PSNR 47.477 SSIM 0.9745 SAM 2.220 | best val 47.477 (0.18 h)
ep    49.0 it   5000 loss 0.00222 lr 9.93e-05 val PSNR 49.128 SSIM 0.9812 SAM 1.868 | best val 49.128 (0.22 h)
ep    58.8 it   6000 loss 0.00206 lr 9.90e-05 val PSNR 49.236 SSIM 0.9830 SAM 1.789 | best val 49.236 (0.27 h)
ep    68.6 it   7000 loss 0.00190 lr 9.86e-05 val PSNR 50.400 SSIM 0.9845 SAM 1.711 | best val 50.400 (0.31 h)
ep    78.4 it   8000 loss 0.00177 lr 9.82e-05 val PSNR 50.574 SSIM 0.9867 SAM 1.569 | best val 50.574 (0.35 h)
ep    88.2 it   9000 loss 0.00169 lr 9.78e-05 val PSNR 51.177 SSIM 0.9875 SAM 1.500 | best val 51.177 (0.39 h)
ep    98.0 it  10000 loss 0.00157 lr 9.72e-05 val PSNR 50.701 SSIM 0.9880 SAM 1.493 | best val 51.177 (0.43 h)
ep   107.8 it  11000 loss 0.00153 lr 9.67e-05 val PSNR 51.295 SSIM 0.9889 SAM 1.412 | best val 51.295 (0.47 h)
ep   117.6 it  12000 loss 0.00145 lr 9.61e-05 val PSNR 51.579 SSIM 0.9892 SAM 1.351 | best val 51.579 (0.52 h)
ep   127.5 it  13000 loss 0.00138 lr 9.54e-05 val PSNR 52.751 SSIM 0.9901 SAM 1.281 | best val 52.751 (0.56 h)
ep   137.3 it  14000 loss 0.00136 lr 9.47e-05 val PSNR 51.230 SSIM 0.9902 SAM 1.276 | best val 52.751 (0.60 h)
ep   147.1 it  15000 loss 0.00133 lr 9.39e-05 val PSNR 52.619 SSIM 0.9897 SAM 1.316 | best val 52.751 (0.64 h)
ep   156.9 it  16000 loss 0.00128 lr 9.31e-05 val PSNR 52.210 SSIM 0.9909 SAM 1.248 | best val 52.751 (0.68 h)
ep   166.7 it  17000 loss 0.00126 lr 9.23e-05 val PSNR 53.093 SSIM 0.9913 SAM 1.204 | best val 53.093 (0.72 h)
ep   176.5 it  18000 loss 0.00122 lr 9.14e-05 val PSNR 53.648 SSIM 0.9912 SAM 1.182 | best val 53.648 (0.77 h)
ep   186.3 it  19000 loss 0.00120 lr 9.04e-05 val PSNR 53.526 SSIM 0.9914 SAM 1.140 | best val 53.648 (0.81 h)
ep   196.1 it  20000 loss 0.00118 lr 8.94e-05 val PSNR 52.543 SSIM 0.9913 SAM 1.249 | best val 53.648 (0.85 h)
ep   205.9 it  21000 loss 0.00117 lr 8.84e-05 val PSNR 53.756 SSIM 0.9915 SAM 1.120 | best val 53.756 (0.89 h)
ep   215.7 it  22000 loss 0.00115 lr 8.73e-05 val PSNR 54.032 SSIM 0.9915 SAM 1.117 | best val 54.032 (0.93 h)
ep   225.5 it  23000 loss 0.00113 lr 8.62e-05 val PSNR 54.310 SSIM 0.9919 SAM 1.087 | best val 54.310 (0.98 h)
ep   235.3 it  24000 loss 0.00113 lr 8.51e-05 val PSNR 53.853 SSIM 0.9916 SAM 1.124 | best val 54.310 (1.02 h)
ep   245.1 it  25000 loss 0.00110 lr 8.39e-05 val PSNR 54.283 SSIM 0.9917 SAM 1.102 | best val 54.310 (1.06 h)
ep   254.9 it  26000 loss 0.00109 lr 8.27e-05 val PSNR 53.773 SSIM 0.9920 SAM 1.080 | best val 54.310 (1.10 h)
ep   264.7 it  27000 loss 0.00108 lr 8.14e-05 val PSNR 54.044 SSIM 0.9918 SAM 1.105 | best val 54.310 (1.14 h)
ep   274.5 it  28000 loss 0.00106 lr 8.01e-05 val PSNR 54.389 SSIM 0.9918 SAM 1.103 | best val 54.389 (1.18 h)
ep   284.3 it  29000 loss 0.00106 lr 7.88e-05 val PSNR 54.778 SSIM 0.9921 SAM 1.046 | best val 54.778 (1.23 h)
ep   294.1 it  30000 loss 0.00106 lr 7.74e-05 val PSNR 54.919 SSIM 0.9923 SAM 1.030 | best val 54.919 (1.27 h)
ep   303.9 it  31000 loss 0.00104 lr 7.60e-05 val PSNR 54.067 SSIM 0.9923 SAM 1.070 | best val 54.919 (1.31 h)
ep   313.7 it  32000 loss 0.00102 lr 7.46e-05 val PSNR 54.823 SSIM 0.9922 SAM 1.038 | best val 54.919 (1.35 h)
ep   323.5 it  33000 loss 0.00102 lr 7.32e-05 val PSNR 54.949 SSIM 0.9923 SAM 1.025 | best val 54.949 (1.39 h)
ep   333.3 it  34000 loss 0.00100 lr 7.17e-05 val PSNR 53.982 SSIM 0.9919 SAM 1.129 | best val 54.949 (1.43 h)
ep   343.1 it  35000 loss 0.00099 lr 7.02e-05 val PSNR 55.073 SSIM 0.9923 SAM 1.019 | best val 55.073 (1.48 h)
ep   352.9 it  36000 loss 0.00099 lr 6.87e-05 val PSNR 54.830 SSIM 0.9924 SAM 1.014 | best val 55.073 (1.52 h)
ep   362.7 it  37000 loss 0.00098 lr 6.71e-05 val PSNR 55.184 SSIM 0.9926 SAM 1.002 | best val 55.184 (1.56 h)
ep   372.5 it  38000 loss 0.00097 lr 6.56e-05 val PSNR 54.712 SSIM 0.9926 SAM 1.017 | best val 55.184 (1.60 h)
ep   382.4 it  39000 loss 0.00097 lr 6.40e-05 val PSNR 55.294 SSIM 0.9927 SAM 0.990 | best val 55.294 (1.64 h)
ep   392.2 it  40000 loss 0.00095 lr 6.24e-05 val PSNR 55.376 SSIM 0.9927 SAM 0.986 | best val 55.376 (1.69 h)
ep   402.0 it  41000 loss 0.00094 lr 6.08e-05 val PSNR 55.315 SSIM 0.9927 SAM 0.984 | best val 55.376 (1.73 h)
ep   411.8 it  42000 loss 0.00093 lr 5.92e-05 val PSNR 55.407 SSIM 0.9928 SAM 0.974 | best val 55.407 (1.77 h)
ep   421.6 it  43000 loss 0.00093 lr 5.76e-05 val PSNR 55.388 SSIM 0.9927 SAM 0.987 | best val 55.407 (1.81 h)
ep   431.4 it  44000 loss 0.00093 lr 5.60e-05 val PSNR 55.432 SSIM 0.9927 SAM 0.982 | best val 55.432 (1.85 h)
ep   441.2 it  45000 loss 0.00091 lr 5.43e-05 val PSNR 55.453 SSIM 0.9928 SAM 0.980 | best val 55.453 (1.89 h)
ep   451.0 it  46000 loss 0.00091 lr 5.27e-05 val PSNR 54.527 SSIM 0.9927 SAM 1.024 | best val 55.453 (1.94 h)
ep   460.8 it  47000 loss 0.00091 lr 5.11e-05 val PSNR 55.572 SSIM 0.9929 SAM 0.962 | best val 55.572 (1.98 h)
ep   470.6 it  48000 loss 0.00091 lr 4.94e-05 val PSNR 55.626 SSIM 0.9929 SAM 0.958 | best val 55.626 (2.02 h)
ep   480.4 it  49000 loss 0.00089 lr 4.78e-05 val PSNR 55.565 SSIM 0.9927 SAM 0.968 | best val 55.626 (2.06 h)
ep   490.2 it  50000 loss 0.00089 lr 4.61e-05 val PSNR 54.859 SSIM 0.9926 SAM 1.017 | best val 55.626 (2.10 h)
ep   500.0 it  51000 loss 0.00088 lr 4.45e-05 val PSNR 55.479 SSIM 0.9928 SAM 0.958 | best val 55.626 (2.14 h)
ep   509.8 it  52000 loss 0.00088 lr 4.29e-05 val PSNR 55.720 SSIM 0.9930 SAM 0.952 | best val 55.720 (2.19 h)
ep   519.6 it  53000 loss 0.00087 lr 4.12e-05 val PSNR 55.730 SSIM 0.9930 SAM 0.948 | best val 55.730 (2.23 h)
ep   529.4 it  54000 loss 0.00087 lr 3.96e-05 val PSNR 55.444 SSIM 0.9928 SAM 0.977 | best val 55.730 (2.27 h)
ep   539.2 it  55000 loss 0.00086 lr 3.80e-05 val PSNR 55.786 SSIM 0.9930 SAM 0.944 | best val 55.786 (2.31 h)
ep   549.0 it  56000 loss 0.00086 lr 3.64e-05 val PSNR 55.742 SSIM 0.9930 SAM 0.942 | best val 55.786 (2.35 h)
ep   558.8 it  57000 loss 0.00085 lr 3.49e-05 val PSNR 55.789 SSIM 0.9930 SAM 0.943 | best val 55.789 (2.40 h)
ep   568.6 it  58000 loss 0.00085 lr 3.33e-05 val PSNR 55.316 SSIM 0.9930 SAM 0.965 | best val 55.789 (2.44 h)
ep   578.4 it  59000 loss 0.00084 lr 3.17e-05 val PSNR 55.801 SSIM 0.9930 SAM 0.942 | best val 55.801 (2.48 h)
ep   588.2 it  60000 loss 0.00084 lr 3.02e-05 val PSNR 55.647 SSIM 0.9929 SAM 0.954 | best val 55.801 (2.52 h)
ep   598.0 it  61000 loss 0.00084 lr 2.87e-05 val PSNR 55.174 SSIM 0.9928 SAM 0.993 | best val 55.801 (2.56 h)
ep   607.8 it  62000 loss 0.00083 lr 2.73e-05 val PSNR 55.886 SSIM 0.9931 SAM 0.935 | best val 55.886 (2.60 h)
ep   617.6 it  63000 loss 0.00083 lr 2.58e-05 val PSNR 55.861 SSIM 0.9931 SAM 0.935 | best val 55.886 (2.65 h)
ep   627.5 it  64000 loss 0.00082 lr 2.44e-05 val PSNR 55.836 SSIM 0.9930 SAM 0.935 | best val 55.886 (2.69 h)
ep   637.3 it  65000 loss 0.00082 lr 2.30e-05 val PSNR 55.955 SSIM 0.9931 SAM 0.928 | best val 55.955 (2.73 h)
ep   647.1 it  66000 loss 0.00082 lr 2.16e-05 val PSNR 55.905 SSIM 0.9931 SAM 0.931 | best val 55.955 (2.77 h)
ep   656.9 it  67000 loss 0.00081 lr 2.03e-05 val PSNR 55.954 SSIM 0.9931 SAM 0.927 | best val 55.955 (2.81 h)
ep   666.7 it  68000 loss 0.00081 lr 1.90e-05 val PSNR 55.984 SSIM 0.9931 SAM 0.926 | best val 55.984 (2.85 h)
ep   676.5 it  69000 loss 0.00080 lr 1.77e-05 val PSNR 55.890 SSIM 0.9931 SAM 0.925 | best val 55.984 (2.90 h)
ep   686.3 it  70000 loss 0.00080 lr 1.65e-05 val PSNR 56.013 SSIM 0.9931 SAM 0.923 | best val 56.013 (2.94 h)
ep   696.1 it  71000 loss 0.00080 lr 1.53e-05 val PSNR 56.011 SSIM 0.9931 SAM 0.923 | best val 56.013 (2.98 h)
ep   705.9 it  72000 loss 0.00079 lr 1.41e-05 val PSNR 55.856 SSIM 0.9930 SAM 0.939 | best val 56.013 (3.02 h)
ep   715.7 it  73000 loss 0.00080 lr 1.30e-05 val PSNR 56.009 SSIM 0.9931 SAM 0.925 | best val 56.013 (3.06 h)
ep   725.5 it  74000 loss 0.00079 lr 1.19e-05 val PSNR 56.015 SSIM 0.9931 SAM 0.921 | best val 56.015 (3.11 h)
ep   735.3 it  75000 loss 0.00079 lr 1.08e-05 val PSNR 56.038 SSIM 0.9931 SAM 0.921 | best val 56.038 (3.15 h)
ep   745.1 it  76000 loss 0.00079 lr 9.85e-06 val PSNR 56.058 SSIM 0.9932 SAM 0.918 | best val 56.058 (3.19 h)
ep   754.9 it  77000 loss 0.00078 lr 8.89e-06 val PSNR 56.067 SSIM 0.9932 SAM 0.917 | best val 56.067 (3.23 h)
ep   764.7 it  78000 loss 0.00078 lr 7.98e-06 val PSNR 56.071 SSIM 0.9932 SAM 0.917 | best val 56.071 (3.27 h)
ep   774.5 it  79000 loss 0.00078 lr 7.11e-06 val PSNR 56.062 SSIM 0.9931 SAM 0.917 | best val 56.071 (3.31 h)
ep   784.3 it  80000 loss 0.00078 lr 6.29e-06 val PSNR 56.074 SSIM 0.9932 SAM 0.917 | best val 56.074 (3.36 h)
ep   794.1 it  81000 loss 0.00077 lr 5.51e-06 val PSNR 56.090 SSIM 0.9932 SAM 0.915 | best val 56.090 (3.40 h)
ep   803.9 it  82000 loss 0.00077 lr 4.79e-06 val PSNR 56.092 SSIM 0.9932 SAM 0.915 | best val 56.092 (3.44 h)
ep   813.7 it  83000 loss 0.00077 lr 4.11e-06 val PSNR 56.089 SSIM 0.9932 SAM 0.915 | best val 56.092 (3.48 h)
ep   823.5 it  84000 loss 0.00077 lr 3.48e-06 val PSNR 56.109 SSIM 0.9932 SAM 0.914 | best val 56.109 (3.52 h)
ep   833.3 it  85000 loss 0.00077 lr 2.91e-06 val PSNR 56.107 SSIM 0.9932 SAM 0.914 | best val 56.109 (3.56 h)
ep   843.1 it  86000 loss 0.00077 lr 2.38e-06 val PSNR 56.116 SSIM 0.9932 SAM 0.913 | best val 56.116 (3.61 h)
ep   852.9 it  87000 loss 0.00077 lr 1.90e-06 val PSNR 56.115 SSIM 0.9932 SAM 0.913 | best val 56.116 (3.65 h)
ep   862.7 it  88000 loss 0.00077 lr 1.48e-06 val PSNR 56.123 SSIM 0.9932 SAM 0.913 | best val 56.123 (3.69 h)
ep   872.5 it  89000 loss 0.00077 lr 1.11e-06 val PSNR 56.121 SSIM 0.9932 SAM 0.913 | best val 56.123 (3.73 h)
ep   882.4 it  90000 loss 0.00077 lr 7.92e-07 val PSNR 56.126 SSIM 0.9932 SAM 0.912 | best val 56.126 (3.77 h)
ep   892.2 it  91000 loss 0.00077 lr 5.27e-07 val PSNR 56.127 SSIM 0.9932 SAM 0.912 | best val 56.127 (3.81 h)
ep   902.0 it  92000 loss 0.00077 lr 3.16e-07 val PSNR 56.129 SSIM 0.9932 SAM 0.912 | best val 56.129 (3.86 h)
ep   911.8 it  93000 loss 0.00076 lr 1.58e-07 val PSNR 56.130 SSIM 0.9932 SAM 0.912 | best val 56.130 (3.90 h)
ep   921.6 it  94000 loss 0.00076 lr 1.00e-07 val PSNR 56.131 SSIM 0.9932 SAM 0.912 | best val 56.131 (3.94 h)
ep   931.4 it  95000 loss 0.00076 lr 1.00e-07 val PSNR 56.130 SSIM 0.9932 SAM 0.912 | best val 56.131 (3.98 h)
ep   935.8 it  95450 loss 0.00077 lr 1.00e-07 val PSNR 56.130 SSIM 0.9932 SAM 0.912 | best val 56.131 (4.00 h)
time budget reached at it 95450 (epoch 935.8); continue with --resume <out>/last.pt
TEST: {'PSNR': 55.5664, 'PSNR_psrt': 50.132, 'MPSNR_peak1': 61.0062, 'SSIM': 0.9957, 'SSIM_psrt': 0.9983, 'SAM': 0.9187, 'ERGAS': 0.8622, 'RMSE_DN': 25.3276, 'CC': 0.9946, 'SCC': 0.9987, 'Q2n': 0.9897}
TEST (self-ensemble): {'PSNR': 55.6111, 'PSNR_psrt': 50.1768, 'MPSNR_peak1': 61.1897, 'SSIM': 0.9957, 'SSIM_psrt': 0.9984, 'SAM': 0.9143, 'ERGAS': 0.8603, 'RMSE_DN': 25.2029, 'CC': 0.9946, 'SCC': 0.9987, 'Q2n': 0.9897}
consistency: {'cons_H_dB': 70.20059251954426, 'cons_M_dB': 70.09166981212476} | self-ensemble: {'cons_H_dB': 70.35836999422907, 'cons_M_dB': 70.53755980187077}
